Component: ARM Compiler 5.05 update 2 (build 169) Tool: armlink [4d0f33]

==============================================================================

Section Cross References

    main.o(i.TIM_LED_Config) refers to stm32f4xx_rcc.o(i.RCC_APB1PeriphClockCmd) for RCC_APB1PeriphClockCmd
    main.o(i.TIM_LED_Config) refers to misc.o(i.NVIC_PriorityGroupConfig) for NVIC_PriorityGroupConfig
    main.o(i.TIM_LED_Config) refers to misc.o(i.NVIC_Init) for NVIC_Init
    main.o(i.TIM_LED_Config) refers to stm32f4_discovery.o(i.STM_EVAL_LEDInit) for STM_EVAL_LEDInit
    main.o(i.TIM_LED_Config) refers to stm32f4xx_tim.o(i.TIM_TimeBaseInit) for TIM_TimeBaseInit
    main.o(i.TIM_LED_Config) refers to stm32f4xx_tim.o(i.TIM_ARRPreloadConfig) for TIM_ARRPreloadConfig
    main.o(i.TIM_LED_Config) refers to stm32f4xx_tim.o(i.TIM_OC1Init) for TIM_OC1Init
    main.o(i.TIM_LED_Config) refers to stm32f4xx_tim.o(i.TIM_OC1PreloadConfig) for TIM_OC1PreloadConfig
    main.o(i.TIM_LED_Config) refers to stm32f4xx_tim.o(i.TIM_ITConfig) for TIM_ITConfig
    main.o(i.TIM_LED_Config) refers to stm32f4xx_tim.o(i.TIM_Cmd) for TIM_Cmd
    main.o(i.TIM_LED_Config) refers to system_stm32f4xx.o(.data) for SystemCoreClock
    main.o(i.TIM_LED_Config) refers to main.o(.data) for .data
    main.o(i.main) refers to stm32f4_discovery.o(i.STM_EVAL_LEDInit) for STM_EVAL_LEDInit
    main.o(i.main) refers to stm32f4_discovery.o(i.STM_EVAL_LEDOn) for STM_EVAL_LEDOn
    main.o(i.main) refers to stm32f4xx_rcc.o(i.RCC_GetClocksFreq) for RCC_GetClocksFreq
    main.o(i.main) refers to main.o(i.TIM_LED_Config) for TIM_LED_Config
    main.o(i.main) refers to waveplayer.o(i.WavePlayBack) for WavePlayBack
    main.o(i.main) refers to main.o(.bss) for .bss
    main.o(i.main) refers to main.o(.data) for .data
    main.o(i.main) refers to stm32f4xx_it.o(.data) for LED_Toggle
    stm32f4xx_it.o(i.EXTI0_IRQHandler) refers to stm32f4xx_exti.o(i.EXTI_GetITStatus) for EXTI_GetITStatus
    stm32f4xx_it.o(i.EXTI0_IRQHandler) refers to stm32f4xx_exti.o(i.EXTI_ClearITPendingBit) for EXTI_ClearITPendingBit
    stm32f4xx_it.o(i.EXTI0_IRQHandler) refers to stm32f4_discovery_audio_codec.o(i.EVAL_AUDIO_Stop) for EVAL_AUDIO_Stop
    stm32f4xx_it.o(i.EXTI0_IRQHandler) refers to usbh_usr.o(.data) for Command_index
    stm32f4xx_it.o(i.EXTI0_IRQHandler) refers to main.o(.data) for RepeatState
    stm32f4xx_it.o(i.EXTI0_IRQHandler) refers to waveplayer.o(.data) for XferCplt
    stm32f4xx_it.o(i.EXTI1_IRQHandler) refers to stm32f4xx_exti.o(i.EXTI_GetITStatus) for EXTI_GetITStatus
    stm32f4xx_it.o(i.EXTI1_IRQHandler) refers to stm32f4xx_exti.o(i.EXTI_ClearITPendingBit) for EXTI_ClearITPendingBit
    stm32f4xx_it.o(i.EXTI1_IRQHandler) refers to stm32f4xx_it.o(.data) for .data
    stm32f4xx_it.o(i.OTG_FS_IRQHandler) refers to usb_hcd_int.o(i.USBH_OTG_ISR_Handler) for USBH_OTG_ISR_Handler
    stm32f4xx_it.o(i.OTG_FS_IRQHandler) refers to main.o(.bss) for USB_OTG_Core
    stm32f4xx_it.o(i.SysTick_Handler) refers to waveplayer.o(i.TimingDelay_Decrement) for TimingDelay_Decrement
    stm32f4xx_it.o(i.SysTick_Handler) refers to usbh_usr.o(.data) for Command_index
    stm32f4xx_it.o(i.SysTick_Handler) refers to stm32f4xx_it.o(.data) for .data
    stm32f4xx_it.o(i.TIM2_IRQHandler) refers to usb_bsp.o(i.USB_OTG_BSP_TimerIRQ) for USB_OTG_BSP_TimerIRQ
    stm32f4xx_it.o(i.TIM4_IRQHandler) refers to stm32f4_discovery_lis302dl.o(i.LIS302DL_Read) for LIS302DL_Read
    stm32f4xx_it.o(i.TIM4_IRQHandler) refers to stm32f4xx_tim.o(i.TIM_GetITStatus) for TIM_GetITStatus
    stm32f4xx_it.o(i.TIM4_IRQHandler) refers to stm32f4xx_tim.o(i.TIM_ClearITPendingBit) for TIM_ClearITPendingBit
    stm32f4xx_it.o(i.TIM4_IRQHandler) refers to stm32f4_discovery.o(i.STM_EVAL_LEDToggle) for STM_EVAL_LEDToggle
    stm32f4xx_it.o(i.TIM4_IRQHandler) refers to stm32f4_discovery.o(i.STM_EVAL_LEDOff) for STM_EVAL_LEDOff
    stm32f4xx_it.o(i.TIM4_IRQHandler) refers to stm32f4_discovery.o(i.STM_EVAL_LEDOn) for STM_EVAL_LEDOn
    stm32f4xx_it.o(i.TIM4_IRQHandler) refers to stm32f4xx_tim.o(i.TIM_GetCapture1) for TIM_GetCapture1
    stm32f4xx_it.o(i.TIM4_IRQHandler) refers to stm32f4xx_tim.o(i.TIM_SetCompare1) for TIM_SetCompare1
    stm32f4xx_it.o(i.TIM4_IRQHandler) refers to waveplayer.o(.data) for AudioPlayStart
    stm32f4xx_it.o(i.TIM4_IRQHandler) refers to waveplayer.o(.data) for Buffer
    stm32f4xx_it.o(i.TIM4_IRQHandler) refers to stm32f4xx_it.o(.data) for .data
    stm32f4xx_it.o(i.TIM4_IRQHandler) refers to main.o(.data) for CCR_Val
    system_stm32f4xx.o(i.SystemCoreClockUpdate) refers to system_stm32f4xx.o(.data) for .data
    system_stm32f4xx.o(i.SystemInit) refers to system_stm32f4xx.o(i.SetSysClock) for SetSysClock
    usb_bsp.o(i.BSP_Delay) refers to usb_bsp.o(i.BSP_SetTime) for BSP_SetTime
    usb_bsp.o(i.BSP_Delay) refers to stm32f4xx_tim.o(i.TIM_Cmd) for TIM_Cmd
    usb_bsp.o(i.BSP_Delay) refers to usb_bsp.o(.data) for .data
[...]
    ..\..\..\Libraries\STM32F4xx_StdPeriph_Driver\src\stm32f4xx_adc.c 0x00000000   Number         0  stm32f4xx_adc.o ABSOLUTE
    ..\..\..\Libraries\STM32F4xx_StdPeriph_Driver\src\stm32f4xx_dac.c 0x00000000   Number         0  stm32f4xx_dac.o ABSOLUTE
    ..\..\..\Libraries\STM32F4xx_StdPeriph_Driver\src\stm32f4xx_dma.c 0x00000000   Number         0  stm32f4xx_dma.o ABSOLUTE
    ..\..\..\Libraries\STM32F4xx_StdPeriph_Driver\src\stm32f4xx_exti.c 0x00000000   Number         0  stm32f4xx_exti.o ABSOLUTE
    ..\..\..\Libraries\STM32F4xx_StdPeriph_Driver\src\stm32f4xx_flash.c 0x00000000   Number         0  stm32f4xx_flash.o ABSOLUTE
    ..\..\..\Libraries\STM32F4xx_StdPeriph_Driver\src\stm32f4xx_gpio.c 0x00000000   Number         0  stm32f4xx_gpio.o ABSOLUTE
    ..\..\..\Libraries\STM32F4xx_StdPeriph_Driver\src\stm32f4xx_i2c.c 0x00000000   Number         0  stm32f4xx_i2c.o ABSOLUTE
    ..\..\..\Libraries\STM32F4xx_StdPeriph_Driver\src\stm32f4xx_rcc.c 0x00000000   Number         0  stm32f4xx_rcc.o ABSOLUTE
    ..\..\..\Libraries\STM32F4xx_StdPeriph_Driver\src\stm32f4xx_spi.c 0x00000000   Number         0  stm32f4xx_spi.o ABSOLUTE
    ..\..\..\Libraries\STM32F4xx_StdPeriph_Driver\src\stm32f4xx_syscfg.c 0x00000000   Number         0  stm32f4xx_syscfg.o ABSOLUTE
    ..\..\..\Libraries\STM32F4xx_StdPeriph_Driver\src\stm32f4xx_tim.c 0x00000000   Number         0  stm32f4xx_tim.o ABSOLUTE
    ..\..\..\Libraries\STM32_USB_HOST_Library\Class\MSC\src\usbh_msc_bot.c 0x00000000   Number         0  usbh_msc_bot.o ABSOLUTE
    ..\..\..\Libraries\STM32_USB_HOST_Library\Class\MSC\src\usbh_msc_core.c 0x00000000   Number         0  usbh_msc_core.o ABSOLUTE
    ..\..\..\Libraries\STM32_USB_HOST_Library\Class\MSC\src\usbh_msc_fatfs.c 0x00000000   Number         0  usbh_msc_fatfs.o ABSOLUTE
    ..\..\..\Libraries\STM32_USB_HOST_Library\Class\MSC\src\usbh_msc_scsi.c 0x00000000   Number         0  usbh_msc_scsi.o ABSOLUTE
    ..\..\..\Libraries\STM32_USB_HOST_Library\Core\src\usbh_core.c 0x00000000   Number         0  usbh_core.o ABSOLUTE
    ..\..\..\Libraries\STM32_USB_HOST_Library\Core\src\usbh_hcs.c 0x00000000   Number         0  usbh_hcs.o ABSOLUTE
    ..\..\..\Libraries\STM32_USB_HOST_Library\Core\src\usbh_ioreq.c 0x00000000   Number         0  usbh_ioreq.o ABSOLUTE
    ..\..\..\Libraries\STM32_USB_HOST_Library\Core\src\usbh_stdreq.c 0x00000000   Number         0  usbh_stdreq.o ABSOLUTE
    ..\..\..\Libraries\STM32_USB_OTG_Driver\src\usb_core.c 0x00000000   Number         0  usb_core.o ABSOLUTE
    ..\..\..\Libraries\STM32_USB_OTG_Driver\src\usb_hcd.c 0x00000000   Number         0  usb_hcd.o ABSOLUTE
    ..\..\..\Libraries\STM32_USB_OTG_Driver\src\usb_hcd_int.c 0x00000000   Number         0  usb_hcd_int.o ABSOLUTE
    ..\..\..\Utilities\STM32F4-Discovery\stm32f4_discovery.c 0x00000000   Number         0  stm32f4_discovery.o ABSOLUTE
    ..\..\..\Utilities\STM32F4-Discovery\stm32f4_discovery_audio_codec.c 0x00000000   Number         0  stm32f4_discovery_audio_codec.o ABSOLUTE
    ..\..\..\Utilities\STM32F4-Discovery\stm32f4_discovery_lis302dl.c 0x00000000   Number         0  stm32f4_discovery_lis302dl.o ABSOLUTE
    ..\..\..\Utilities\Third_Party\fat_fs\src\fattime.c 0x00000000   Number         0  fattime.o ABSOLUTE
    ..\..\..\Utilities\Third_Party\fat_fs\src\ff.c 0x00000000   Number         0  ff.o ABSOLUTE
    ..\\..\\..\\Libraries\\STM32F4xx_StdPeriph_Driver\\src\\misc.c 0x00000000   Number         0  misc.o ABSOLUTE
    ..\\..\\..\\Libraries\\STM32F4xx_StdPeriph_Driver\\src\\stm32f4xx_adc.c 0x00000000   Number         0  stm32f4xx_adc.o ABSOLUTE
    ..\\..\\..\\Libraries\\STM32F4xx_StdPeriph_Driver\\src\\stm32f4xx_dac.c 0x00000000   Number         0  stm32f4xx_dac.o ABSOLUTE
    ..\\..\\..\\Libraries\\STM32F4xx_StdPeriph_Driver\\src\\stm32f4xx_dma.c 0x00000000   Number         0  stm32f4xx_dma.o ABSOLUTE
    ..\\..\\..\\Libraries\\STM32F4xx_StdPeriph_Driver\\src\\stm32f4xx_exti.c 0x00000000   Number         0  stm32f4xx_exti.o ABSOLUTE
    ..\\..\\..\\Libraries\\STM32F4xx_StdPeriph_Driver\\src\\stm32f4xx_flash.c 0x00000000   Number         0  stm32f4xx_flash.o ABSOLUTE
    ..\\..\\..\\Libraries\\STM32F4xx_StdPeriph_Driver\\src\\stm32f4xx_gpio.c 0x00000000   Number         0  stm32f4xx_gpio.o ABSOLUTE
    ..\\..\\..\\Libraries\\STM32F4xx_StdPeriph_Driver\\src\\stm32f4xx_i2c.c 0x00000000   Number         0  stm32f4xx_i2c.o ABSOLUTE
    ..\\..\\..\\Libraries\\STM32F4xx_StdPeriph_Driver\\src\\stm32f4xx_rcc.c 0x00000000   Number         0  stm32f4xx_rcc.o ABSOLUTE
    ..\\..\\..\\Libraries\\STM32F4xx_StdPeriph_Driver\\src\\stm32f4xx_spi.c 0x00000000   Number         0  stm32f4xx_spi.o ABSOLUTE
    ..\\..\\..\\Libraries\\STM32F4xx_StdPeriph_Driver\\src\\stm32f4xx_syscfg.c 0x00000000   Number         0  stm32f4xx_syscfg.o ABSOLUTE
    ..\\..\\..\\Libraries\\STM32F4xx_StdPeriph_Driver\\src\\stm32f4xx_tim.c 0x00000000   Number         0  stm32f4xx_tim.o ABSOLUTE
    ..\\..\\..\\Libraries\\STM32_USB_HOST_Library\\Class\\MSC\\src\\usbh_msc_bot.c 0x00000000   Number         0  usbh_msc_bot.o ABSOLUTE
    ..\\..\\..\\Libraries\\STM32_USB_HOST_Library\\Class\\MSC\\src\\usbh_msc_core.c 0x00000000   Number         0  usbh_msc_core.o ABSOLUTE
    ..\\..\\..\\Libraries\\STM32_USB_HOST_Library\\Class\\MSC\\src\\usbh_msc_fatfs.c 0x00000000   Number         0  usbh_msc_fatfs.o ABSOLUTE
    ..\\..\\..\\Libraries\\STM32_USB_HOST_Library\\Class\\MSC\\src\\usbh_msc_scsi.c 0x00000000   Number         0  usbh_msc_scsi.o ABSOLUTE
    ..\\..\\..\\Libraries\\STM32_USB_HOST_Library\\Core\\src\\usbh_core.c 0x00000000   Number         0  usbh_core.o ABSOLUTE
    ..\\..\\..\\Libraries\\STM32_USB_HOST_Library\\Core\\src\\usbh_hcs.c 0x00000000   Number         0  usbh_hcs.o ABSOLUTE
    ..\\..\\..\\Libraries\\STM32_USB_HOST_Library\\Core\\src\\usbh_ioreq.c 0x00000000   Number         0  usbh_ioreq.o ABSOLUTE
    ..\\..\\..\\Libraries\\STM32_USB_HOST_Library\\Core\\src\\usbh_stdreq.c 0x00000000   Number         0  usbh_stdreq.o ABSOLUTE
    ..\\..\\..\\Libraries\\STM32_USB_OTG_Driver\\src\\usb_core.c 0x00000000   Number         0  usb_core.o ABSOLUTE
    ..\\..\\..\\Libraries\\STM32_USB_OTG_Driver\\src\\usb_hcd.c 0x00000000   Number         0  usb_hcd.o ABSOLUTE
    ..\\..\\..\\Libraries\\STM32_USB_OTG_Driver\\src\\usb_hcd_int.c 0x00000000   Number         0  usb_hcd_int.o ABSOLUTE
    ..\\..\\..\\Utilities\\STM32F4-Discovery\\stm32f4_discovery.c 0x00000000   Number         0  stm32f4_discovery.o ABSOLUTE
    ..\\..\\..\\Utilities\\STM32F4-Discovery\\stm32f4_discovery_audio_codec.c 0x00000000   Number         0  stm32f4_discovery_audio_codec.o ABSOLUTE
    ..\\..\\..\\Utilities\\STM32F4-Discovery\\stm32f4_discovery_lis302dl.c 0x00000000   Number         0  stm32f4_discovery_lis302dl.o ABSOLUTE
    ..\\..\\..\\Utilities\\Third_Party\\fat_fs\\src\\fattime.c 0x00000000   Number         0  fattime.o ABSOLUTE
    ..\\..\\..\\Utilities\\Third_Party\\fat_fs\\src\\ff.c 0x00000000   Number         0  ff.o ABSOLUTE
    ..\\src\\audio_sample.c                  0x00000000   Number         0  audio_sample.o ABSOLUTE
    ..\\src\\main.c                          0x00000000   Number         0  main.o ABSOLUTE
    ..\\src\\stm32f4xx_it.c                  0x00000000   Number         0  stm32f4xx_it.o ABSOLUTE
    ..\\src\\system_stm32f4xx.c              0x00000000   Number         0  system_stm32f4xx.o ABSOLUTE
    ..\\src\\usb_bsp.c                       0x00000000   Number         0  usb_bsp.o ABSOLUTE
    ..\\src\\usbh_usr.c                      0x00000000   Number         0  usbh_usr.o ABSOLUTE
    ..\\src\\waveplayer.c                    0x00000000   Number         0  waveplayer.o ABSOLUTE
    ..\\src\\waverecorder.c                  0x00000000   Number         0  waverecorder.o ABSOLUTE
    ..\src\audio_sample.c                    0x00000000   Number         0  audio_sample.o ABSOLUTE
    ..\src\main.c                            0x00000000   Number         0  main.o ABSOLUTE
    ..\src\pdm_filter.c                      0x00000000   Number         0  pdm_filter.o ABSOLUTE
    ..\src\stm32f4xx_it.c                    0x00000000   Number         0  stm32f4xx_it.o ABSOLUTE
    ..\src\system_stm32f4xx.c                0x00000000   Number         0  system_stm32f4xx.o ABSOLUTE
    ..\src\usb_bsp.c                         0x00000000   Number         0  usb_bsp.o ABSOLUTE
    ..\src\usbh_usr.c                        0x00000000   Number         0  usbh_usr.o ABSOLUTE
    ..\src\waveplayer.c                      0x00000000   Number         0  waveplayer.o ABSOLUTE
    ..\src\waverecorder.c                    0x00000000   Number         0  waverecorder.o ABSOLUTE
    dc.s                                     0x00000000   Number         0  dc.o ABSOLUTE
    handlers.s                               0x00000000   Number         0  handlers.o ABSOLUTE
    init.s                                   0x00000000   Number         0  init.o ABSOLUTE
    RESET                                    0x08000000   Section      392  startup_stm32f4xx.o(RESET)
    .ARM.Collect$$$$00000000                 0x08000188   Section        0  entry.o(.ARM.Collect$$$$00000000)
    .ARM.Collect$$$$00000001                 0x08000188   Section        4  entry2.o(.ARM.Collect$$$$00000001)
    .ARM.Collect$$$$00000004                 0x0800018c   Section        4  entry5.o(.ARM.Collect$$$$00000004)
    .ARM.Collect$$$$00000008                 0x08000190   Section        0  entry7b.o(.ARM.Collect$$$$00000008)
    .ARM.Collect$$$$0000000A                 0x08000190   Section        0  entry8b.o(.ARM.Collect$$$$0000000A)
    .ARM.Collect$$$$0000000B                 0x08000190   Section        8  entry9a.o(.ARM.Collect$$$$0000000B)
    .ARM.Collect$$$$0000000D                 0x08000198   Section        0  entry10a.o(.ARM.Collect$$$$0000000D)
    .ARM.Collect$$$$0000000F                 0x08000198   Section        0  entry11a.o(.ARM.Collect$$$$0000000F)
    .ARM.Collect$$$$00002712                 0x08000198   Section        4  entry2.o(.ARM.Collect$$$$00002712)
    __lit__00000000                          0x08000198   Data           4  entry2.o(.ARM.Collect$$$$00002712)
    .text                                    0x0800019c   Section       36  startup_stm32f4xx.o(.text)
    .text                                    0x080001c0   Section        0  pdm_filter.o(.text)
    .text                                    0x08000dbc   Section        0  fscalb.o(.text)
    .text                                    0x08000dd4   Section        0  dadd.o(.text)
    .text                                    0x08000f22   Section        0  dmul.o(.text)
    .text                                    0x08001006   Section        0  ddiv.o(.text)
    .text                                    0x080010e4   Section        0  dfltui.o(.text)
    .text                                    0x080010fe   Section        0  dfixui.o(.text)
    .text                                    0x08001130   Section        0  f2d.o(.text)
    .text                                    0x08001156   Section        0  llshl.o(.text)
    .text                                    0x08001174   Section        0  llushr.o(.text)
    .text                                    0x08001194   Section        0  llsshr.o(.text)
    .text                                    0x080011b8   Section        0  iusefp.o(.text)
    .text                                    0x080011b8   Section        0  depilogue.o(.text)
    .text                                    0x08001274   Section       36  init.o(.text)
    .text                                    0x08001298   Section        0  __dczerorl2.o(.text)
    i.AudioFlashPlay                         0x080012ee   Section        0  waveplayer.o(i.AudioFlashPlay)
    i.Audio_MAL_IRQHandler                   0x080012fc   Section        0  stm32f4_discovery_audio_codec.o(i.Audio_MAL_IRQHandler)
    Audio_MAL_IRQHandler                     0x080012fd   Thumb Code   148  stm32f4_discovery_audio_codec.o(i.Audio_MAL_IRQHandler)
    i.Audio_MAL_Init                         0x08001398   Section        0  stm32f4_discovery_audio_codec.o(i.Audio_MAL_Init)
    Audio_MAL_Init                           0x08001399   Thumb Code   190  stm32f4_discovery_audio_codec.o(i.Audio_MAL_Init)
    i.Audio_MAL_Play                         0x08001464   Section        0  stm32f4_discovery_audio_codec.o(i.Audio_MAL_Play)
    i.BSP_Delay                              0x080014b4   Section        0  usb_bsp.o(i.BSP_Delay)
    BSP_Delay                                0x080014b5   Thumb Code    32  usb_bsp.o(i.BSP_Delay)
    i.BSP_SetTime                            0x080014d8   Section        0  usb_bsp.o(i.BSP_SetTime)
    BSP_SetTime                              0x080014d9   Thumb Code   106  usb_bsp.o(i.BSP_SetTime)
    i.BusFault_Handler                       0x08001542   Section        0  stm32f4xx_it.o(i.BusFault_Handler)
    i.Codec_AudioInterface_Init              0x08001544   Section        0  stm32f4_discovery_audio_codec.o(i.Codec_AudioInterface_Init)
    Codec_AudioInterface_Init                0x08001545   Thumb Code    98  stm32f4_discovery_audio_codec.o(i.Codec_AudioInterface_Init)
    i.Codec_GPIO_Init                        0x080015b0   Section        0  stm32f4_discovery_audio_codec.o(i.Codec_GPIO_Init)
    Codec_GPIO_Init                          0x080015b1   Thumb Code   262  stm32f4_discovery_audio_codec.o(i.Codec_GPIO_Init)
    i.Codec_Init                             0x080016cc   Section        0  stm32f4_discovery_audio_codec.o(i.Codec_Init)
    Codec_Init                               0x080016cd   Thumb Code   282  stm32f4_discovery_audio_codec.o(i.Codec_Init)
    i.Codec_Mute                             0x080017f4   Section        0  stm32f4_discovery_audio_codec.o(i.Codec_Mute)
    Codec_Mute                               0x080017f5   Thumb Code    18  stm32f4_discovery_audio_codec.o(i.Codec_Mute)
    i.Codec_ReadRegister                     0x0800180c   Section        0  stm32f4_discovery_audio_codec.o(i.Codec_ReadRegister)
    Codec_ReadRegister                       0x0800180d   Thumb Code   332  stm32f4_discovery_audio_codec.o(i.Codec_ReadRegister)
    i.Codec_Reset                            0x08001970   Section        0  stm32f4_discovery_audio_codec.o(i.Codec_Reset)
    Codec_Reset                              0x08001971   Thumb Code    36  stm32f4_discovery_audio_codec.o(i.Codec_Reset)
    i.Codec_TIMEOUT_UserCallback             0x08001998   Section        0  waveplayer.o(i.Codec_TIMEOUT_UserCallback)
    i.Codec_VolumeCtrl                       0x0800199c   Section        0  stm32f4_discovery_audio_codec.o(i.Codec_VolumeCtrl)
    Codec_VolumeCtrl                         0x0800199d   Thumb Code    38  stm32f4_discovery_audio_codec.o(i.Codec_VolumeCtrl)
    i.Codec_WriteRegister                    0x080019c4   Section        0  stm32f4_discovery_audio_codec.o(i.Codec_WriteRegister)
    Codec_WriteRegister                      0x080019c5   Thumb Code   232  stm32f4_discovery_audio_codec.o(i.Codec_WriteRegister)
    i.DAC_Cmd                                0x08001ac0   Section        0  stm32f4xx_dac.o(i.DAC_Cmd)
    i.DAC_Config                             0x08001ad8   Section        0  stm32f4_discovery_audio_codec.o(i.DAC_Config)
    i.DAC_Init                               0x08001b28   Section        0  stm32f4xx_dac.o(i.DAC_Init)
    i.DAC_SetChannel1Data                    0x08001b50   Section        0  stm32f4xx_dac.o(i.DAC_SetChannel1Data)
    i.DMA1_Stream0_IRQHandler                0x08001b64   Section        0  stm32f4_discovery_audio_codec.o(i.DMA1_Stream0_IRQHandler)
    i.DMA1_Stream7_IRQHandler                0x08001b68   Section        0  stm32f4_discovery_audio_codec.o(i.DMA1_Stream7_IRQHandler)
    i.DMA_ClearFlag                          0x08001b6c   Section        0  stm32f4xx_dma.o(i.DMA_ClearFlag)
    i.DMA_Cmd                                0x08001b98   Section        0  stm32f4xx_dma.o(i.DMA_Cmd)
    i.DMA_DeInit                             0x08001bac   Section        0  stm32f4xx_dma.o(i.DMA_DeInit)
    i.DMA_GetCmdStatus                       0x08001cd0   Section        0  stm32f4xx_dma.o(i.DMA_GetCmdStatus)
    i.DMA_GetFlagStatus                      0x08001ce0   Section        0  stm32f4xx_dma.o(i.DMA_GetFlagStatus)
    i.DMA_ITConfig                           0x08001d14   Section        0  stm32f4xx_dma.o(i.DMA_ITConfig)
    i.DMA_Init                               0x08001d40   Section        0  stm32f4xx_dma.o(i.DMA_Init)
    i.DebugMon_Handler                       0x08001d94   Section        0  stm32f4xx_it.o(i.DebugMon_Handler)
    i.Delay                                  0x08001d96   Section        0  stm32f4_discovery_audio_codec.o(i.Delay)
    Delay                                    0x08001d97   Thumb Code    16  stm32f4_discovery_audio_codec.o(i.Delay)
    i.EVAL_AUDIO_GetSampleCallBack           0x08001da6   Section        0  waveplayer.o(i.EVAL_AUDIO_GetSampleCallBack)
    i.EVAL_AUDIO_Init                        0x08001daa   Section        0  stm32f4_discovery_audio_codec.o(i.EVAL_AUDIO_Init)
    i.EVAL_AUDIO_PauseResume                 0x08001dd4   Section        0  stm32f4_discovery_audio_codec.o(i.EVAL_AUDIO_PauseResume)
    i.EVAL_AUDIO_Play                        0x08001e58   Section        0  stm32f4_discovery_audio_codec.o(i.EVAL_AUDIO_Play)
    i.EVAL_AUDIO_SetAudioInterface           0x08001ea4   Section        0  stm32f4_discovery_audio_codec.o(i.EVAL_AUDIO_SetAudioInterface)
    i.EVAL_AUDIO_Stop                        0x08001f30   Section        0  stm32f4_discovery_audio_codec.o(i.EVAL_AUDIO_Stop)
    i.EVAL_AUDIO_TransferComplete_CallBack   0x08001fa8   Section        0  waveplayer.o(i.EVAL_AUDIO_TransferComplete_CallBack)
    i.EXTI0_IRQHandler                       0x08001fbc   Section        0  stm32f4xx_it.o(i.EXTI0_IRQHandler)
    i.EXTI1_IRQHandler                       0x08002000   Section        0  stm32f4xx_it.o(i.EXTI1_IRQHandler)
    i.EXTILine_Config                        0x08002034   Section        0  waveplayer.o(i.EXTILine_Config)
    EXTILine_Config                          0x08002035   Thumb Code   110  waveplayer.o(i.EXTILine_Config)
    i.EXTI_ClearITPendingBit                 0x080020a8   Section        0  stm32f4xx_exti.o(i.EXTI_ClearITPendingBit)
    i.EXTI_GetITStatus                       0x080020b4   Section        0  stm32f4xx_exti.o(i.EXTI_GetITStatus)
    i.EXTI_Init                              0x080020d4   Section        0  stm32f4xx_exti.o(i.EXTI_Init)
    i.GPIO_Init                              0x08002144   Section        0  stm32f4xx_gpio.o(i.GPIO_Init)
    i.GPIO_PinAFConfig                       0x080021e6   Section        0  stm32f4xx_gpio.o(i.GPIO_PinAFConfig)
    i.GPIO_ResetBits                         0x08002206   Section        0  stm32f4xx_gpio.o(i.GPIO_ResetBits)
    i.GPIO_SetBits                           0x0800220a   Section        0  stm32f4xx_gpio.o(i.GPIO_SetBits)
    i.GPIO_WriteBit                          0x0800220e   Section        0  stm32f4xx_gpio.o(i.GPIO_WriteBit)
    i.HardFault_Handler                      0x08002218   Section        0  stm32f4xx_it.o(i.HardFault_Handler)
    i.I2C_AcknowledgeConfig                  0x0800221a   Section        0  stm32f4xx_i2c.o(i.I2C_AcknowledgeConfig)
    i.I2C_CheckEvent                         0x0800222e   Section        0  stm32f4xx_i2c.o(i.I2C_CheckEvent)
    i.I2C_ClearFlag                          0x08002246   Section        0  stm32f4xx_i2c.o(i.I2C_ClearFlag)
    i.I2C_Cmd                                0x0800224c   Section        0  stm32f4xx_i2c.o(i.I2C_Cmd)
    i.I2C_DeInit                             0x08002260   Section        0  stm32f4xx_i2c.o(i.I2C_DeInit)
    i.I2C_GenerateSTART                      0x080022a4   Section        0  stm32f4xx_i2c.o(i.I2C_GenerateSTART)
    i.I2C_GenerateSTOP                       0x080022b8   Section        0  stm32f4xx_i2c.o(i.I2C_GenerateSTOP)
    i.I2C_GetFlagStatus                      0x080022cc   Section        0  stm32f4xx_i2c.o(i.I2C_GetFlagStatus)
    i.I2C_Init                               0x080022f8   Section        0  stm32f4xx_i2c.o(i.I2C_Init)
    i.I2C_ReceiveData                        0x080023b0   Section        0  stm32f4xx_i2c.o(i.I2C_ReceiveData)
    i.I2C_Send7bitAddress                    0x080023b6   Section        0  stm32f4xx_i2c.o(i.I2C_Send7bitAddress)
    i.I2C_SendData                           0x080023c6   Section        0  stm32f4xx_i2c.o(i.I2C_SendData)
    i.I2S_Cmd                                0x080023ca   Section        0  stm32f4xx_spi.o(i.I2S_Cmd)
    i.I2S_Init                               0x080023e0   Section        0  stm32f4xx_spi.o(i.I2S_Init)
    i.LIS302DL_Init                          0x080024a8   Section        0  stm32f4_discovery_lis302dl.o(i.LIS302DL_Init)
    i.LIS302DL_InterruptConfig               0x080024d8   Section        0  stm32f4_discovery_lis302dl.o(i.LIS302DL_InterruptConfig)
    i.LIS302DL_LowLevel_Init                 0x08002508   Section        0  stm32f4_discovery_lis302dl.o(i.LIS302DL_LowLevel_Init)
    LIS302DL_LowLevel_Init                   0x08002509   Thumb Code   276  stm32f4_discovery_lis302dl.o(i.LIS302DL_LowLevel_Init)
    i.LIS302DL_Read                          0x08002628   Section        0  stm32f4_discovery_lis302dl.o(i.LIS302DL_Read)
    i.LIS302DL_SendByte                      0x08002674   Section        0  stm32f4_discovery_lis302dl.o(i.LIS302DL_SendByte)
    LIS302DL_SendByte                        0x08002675   Thumb Code    88  stm32f4_discovery_lis302dl.o(i.LIS302DL_SendByte)
    i.LIS302DL_TIMEOUT_UserCallback          0x080026d4   Section        0  waveplayer.o(i.LIS302DL_TIMEOUT_UserCallback)
    i.LIS302DL_Write                         0x080026d8   Section        0  stm32f4_discovery_lis302dl.o(i.LIS302DL_Write)
    i.MemManage_Handler                      0x0800271c   Section        0  stm32f4xx_it.o(i.MemManage_Handler)
    i.Mems_Config                            0x0800271e   Section        0  waveplayer.o(i.Mems_Config)
    Mems_Config                              0x0800271f   Thumb Code   188  waveplayer.o(i.Mems_Config)
    i.NMI_Handler                            0x080027da   Section        0  stm32f4xx_it.o(i.NMI_Handler)
    i.NVIC_Init                              0x080027dc   Section        0  misc.o(i.NVIC_Init)
    i.NVIC_PriorityGroupConfig               0x08002840   Section        0  misc.o(i.NVIC_PriorityGroupConfig)
    i.OTG_FS_IRQHandler                      0x08002854   Section        0  stm32f4xx_it.o(i.OTG_FS_IRQHandler)
    i.PendSV_Handler                         0x08002860   Section        0  stm32f4xx_it.o(i.PendSV_Handler)
    i.RCC_AHB1PeriphClockCmd                 0x08002864   Section        0  stm32f4xx_rcc.o(i.RCC_AHB1PeriphClockCmd)
    i.RCC_APB1PeriphClockCmd                 0x0800287c   Section        0  stm32f4xx_rcc.o(i.RCC_APB1PeriphClockCmd)
    i.RCC_APB1PeriphResetCmd                 0x08002894   Section        0  stm32f4xx_rcc.o(i.RCC_APB1PeriphResetCmd)
    i.RCC_APB2PeriphClockCmd                 0x080028ac   Section        0  stm32f4xx_rcc.o(i.RCC_APB2PeriphClockCmd)
    i.RCC_APB2PeriphResetCmd                 0x080028c4   Section        0  stm32f4xx_rcc.o(i.RCC_APB2PeriphResetCmd)
    i.RCC_GetClocksFreq                      0x080028dc   Section        0  stm32f4xx_rcc.o(i.RCC_GetClocksFreq)
    i.SPI2_IRQHandler                        0x0800296c   Section        0  waverecorder.o(i.SPI2_IRQHandler)
    i.SPI3_IRQHandler                        0x080029bc   Section        0  stm32f4_discovery_audio_codec.o(i.SPI3_IRQHandler)
    i.SPI_Cmd                                0x080029fc   Section        0  stm32f4xx_spi.o(i.SPI_Cmd)
    i.SPI_I2S_DMACmd                         0x08002a10   Section        0  stm32f4xx_spi.o(i.SPI_I2S_DMACmd)
    i.SPI_I2S_DeInit                         0x08002a20   Section        0  stm32f4xx_spi.o(i.SPI_I2S_DeInit)
    i.SPI_I2S_GetFlagStatus                  0x08002a74   Section        0  stm32f4xx_spi.o(i.SPI_I2S_GetFlagStatus)
    i.SPI_I2S_GetITStatus                    0x08002a82   Section        0  stm32f4xx_spi.o(i.SPI_I2S_GetITStatus)
    i.SPI_I2S_ITConfig                       0x08002aac   Section        0  stm32f4xx_spi.o(i.SPI_I2S_ITConfig)
    i.SPI_I2S_ReceiveData                    0x08002ac4   Section        0  stm32f4xx_spi.o(i.SPI_I2S_ReceiveData)
    i.SPI_I2S_SendData                       0x08002ac8   Section        0  stm32f4xx_spi.o(i.SPI_I2S_SendData)
    i.SPI_Init                               0x08002acc   Section        0  stm32f4xx_spi.o(i.SPI_Init)
    i.STM_EVAL_LEDInit                       0x08002b04   Section        0  stm32f4_discovery.o(i.STM_EVAL_LEDInit)
    i.STM_EVAL_LEDOff                        0x08002b4c   Section        0  stm32f4_discovery.o(i.STM_EVAL_LEDOff)
    i.STM_EVAL_LEDOn                         0x08002b64   Section        0  stm32f4_discovery.o(i.STM_EVAL_LEDOn)
    i.STM_EVAL_LEDToggle                     0x08002b7c   Section        0  stm32f4_discovery.o(i.STM_EVAL_LEDToggle)
    i.SVC_Handler                            0x08002b98   Section        0  stm32f4xx_it.o(i.SVC_Handler)
    i.SYSCFG_EXTILineConfig                  0x08002b9c   Section        0  stm32f4xx_syscfg.o(i.SYSCFG_EXTILineConfig)
    i.SetSysClock                            0x08002bcc   Section        0  system_stm32f4xx.o(i.SetSysClock)
    SetSysClock                              0x08002bcd   Thumb Code   190  system_stm32f4xx.o(i.SetSysClock)
    i.SysTick_Handler                        0x08002ca4   Section        0  stm32f4xx_it.o(i.SysTick_Handler)
    i.SystemInit                             0x08002cc4   Section        0  system_stm32f4xx.o(i.SystemInit)
    i.TIM2_IRQHandler                        0x08002d14   Section        0  stm32f4xx_it.o(i.TIM2_IRQHandler)
    i.TIM4_IRQHandler                        0x08002d18   Section        0  stm32f4xx_it.o(i.TIM4_IRQHandler)
    i.TIM_ARRPreloadConfig                   0x08002df0   Section        0  stm32f4xx_tim.o(i.TIM_ARRPreloadConfig)
    i.TIM_ClearITPendingBit                  0x08002e04   Section        0  stm32f4xx_tim.o(i.TIM_ClearITPendingBit)
    i.TIM_Cmd                                0x08002e0a   Section        0  stm32f4xx_tim.o(i.TIM_Cmd)
    i.TIM_GetCapture1                        0x08002e1e   Section        0  stm32f4xx_tim.o(i.TIM_GetCapture1)
    i.TIM_GetITStatus                        0x08002e22   Section        0  stm32f4xx_tim.o(i.TIM_GetITStatus)
    i.TIM_ITConfig                           0x08002e3a   Section        0  stm32f4xx_tim.o(i.TIM_ITConfig)
    i.TIM_LED_Config                         0x08002e4c   Section        0  main.o(i.TIM_LED_Config)
    TIM_LED_Config                           0x08002e4d   Thumb Code   170  main.o(i.TIM_LED_Config)
    i.TIM_OC1Init                            0x08002f08   Section        0  stm32f4xx_tim.o(i.TIM_OC1Init)
    i.TIM_OC1PreloadConfig                   0x08002f68   Section        0  stm32f4xx_tim.o(i.TIM_OC1PreloadConfig)
    i.TIM_SetCompare1                        0x08002f74   Section        0  stm32f4xx_tim.o(i.TIM_SetCompare1)
    i.TIM_TimeBaseInit                       0x08002f78   Section        0  stm32f4xx_tim.o(i.TIM_TimeBaseInit)
    i.TimingDelay_Decrement                  0x08002ff4   Section        0  waveplayer.o(i.TimingDelay_Decrement)
    i.USBH_OTG_ISR_Handler                   0x08003008   Section        0  usb_hcd_int.o(i.USBH_OTG_ISR_Handler)
    i.USB_OTG_BSP_TimerIRQ                   0x080030b0   Section        0  usb_bsp.o(i.USB_OTG_BSP_TimerIRQ)
    i.USB_OTG_BSP_mDelay                     0x080030e8   Section        0  usb_bsp.o(i.USB_OTG_BSP_mDelay)
    i.USB_OTG_HC_DoPing                      0x080030ee   Section        0  usb_core.o(i.USB_OTG_HC_DoPing)
    i.USB_OTG_HC_Halt                        0x08003118   Section        0  usb_core.o(i.USB_OTG_HC_Halt)
    i.USB_OTG_InitFSLSPClkSel                0x08003154   Section        0  usb_core.o(i.USB_OTG_InitFSLSPClkSel)
    i.USB_OTG_IsHostMode                     0x08003160   Section        0  usb_core.o(i.USB_OTG_IsHostMode)
    i.USB_OTG_ReadCoreItr                    0x0800316e   Section        0  usb_core.o(i.USB_OTG_ReadCoreItr)
    i.USB_OTG_ReadHPRT0                      0x08003178   Section        0  usb_core.o(i.USB_OTG_ReadHPRT0)
    i.USB_OTG_ReadHostAllChannels_intr       0x08003184   Section        0  usb_core.o(i.USB_OTG_ReadHostAllChannels_intr)
    i.USB_OTG_ReadPacket                     0x0800318a   Section        0  usb_core.o(i.USB_OTG_ReadPacket)
    i.USB_OTG_ResetPort                      0x080031aa   Section        0  usb_core.o(i.USB_OTG_ResetPort)
    i.USB_OTG_USBH_handle_Disconnect_ISR     0x080031d4   Section        0  usb_hcd_int.o(i.USB_OTG_USBH_handle_Disconnect_ISR)
    USB_OTG_USBH_handle_Disconnect_ISR       0x080031d5   Thumb Code    46  usb_hcd_int.o(i.USB_OTG_USBH_handle_Disconnect_ISR)
    i.USB_OTG_USBH_handle_IncompletePeriodicXfer_ISR 0x08003202   Section        0  usb_hcd_int.o(i.USB_OTG_USBH_handle_IncompletePeriodicXfer_ISR)
    USB_OTG_USBH_handle_IncompletePeriodicXfer_ISR 0x08003203   Thumb Code    70  usb_hcd_int.o(i.USB_OTG_USBH_handle_IncompletePeriodicXfer_ISR)
    i.USB_OTG_USBH_handle_hc_ISR             0x08003248   Section        0  usb_hcd_int.o(i.USB_OTG_USBH_handle_hc_ISR)
    USB_OTG_USBH_handle_hc_ISR               0x08003249   Thumb Code    86  usb_hcd_int.o(i.USB_OTG_USBH_handle_hc_ISR)
    i.USB_OTG_USBH_handle_hc_n_In_ISR        0x0800329e   Section        0  usb_hcd_int.o(i.USB_OTG_USBH_handle_hc_n_In_ISR)
    USB_OTG_USBH_handle_hc_n_In_ISR          0x0800329f   Thumb Code  1064  usb_hcd_int.o(i.USB_OTG_USBH_handle_hc_n_In_ISR)
    i.USB_OTG_USBH_handle_hc_n_Out_ISR       0x080036c6   Section        0  usb_hcd_int.o(i.USB_OTG_USBH_handle_hc_n_Out_ISR)
    USB_OTG_USBH_handle_hc_n_Out_ISR         0x080036c7   Thumb Code   904  usb_hcd_int.o(i.USB_OTG_USBH_handle_hc_n_Out_ISR)
    i.USB_OTG_USBH_handle_nptxfempty_ISR     0x08003a4e   Section        0  usb_hcd_int.o(i.USB_OTG_USBH_handle_nptxfempty_ISR)
    USB_OTG_USBH_handle_nptxfempty_ISR       0x08003a4f   Thumb Code   300  usb_hcd_int.o(i.USB_OTG_USBH_handle_nptxfempty_ISR)
    i.USB_OTG_USBH_handle_port_ISR           0x08003b7a   Section        0  usb_hcd_int.o(i.USB_OTG_USBH_handle_port_ISR)
    USB_OTG_USBH_handle_port_ISR             0x08003b7b   Thumb Code   280  usb_hcd_int.o(i.USB_OTG_USBH_handle_port_ISR)
    i.USB_OTG_USBH_handle_ptxfempty_ISR      0x08003c92   Section        0  usb_hcd_int.o(i.USB_OTG_USBH_handle_ptxfempty_ISR)
    USB_OTG_USBH_handle_ptxfempty_ISR        0x08003c93   Thumb Code   302  usb_hcd_int.o(i.USB_OTG_USBH_handle_ptxfempty_ISR)
    i.USB_OTG_USBH_handle_rx_qlvl_ISR        0x08003dc0   Section        0  usb_hcd_int.o(i.USB_OTG_USBH_handle_rx_qlvl_ISR)
    USB_OTG_USBH_handle_rx_qlvl_ISR          0x08003dc1   Thumb Code   356  usb_hcd_int.o(i.USB_OTG_USBH_handle_rx_qlvl_ISR)
    i.USB_OTG_USBH_handle_sof_ISR            0x08003f24   Section        0  usb_hcd_int.o(i.USB_OTG_USBH_handle_sof_ISR)
    USB_OTG_USBH_handle_sof_ISR              0x08003f25   Thumb Code    28  usb_hcd_int.o(i.USB_OTG_USBH_handle_sof_ISR)
    i.USB_OTG_WritePacket                    0x08003f40   Section        0  usb_core.o(i.USB_OTG_WritePacket)
    i.UsageFault_Handler                     0x08003f68   Section        0  stm32f4xx_it.o(i.UsageFault_Handler)
    i.WavePlayBack                           0x08003f6c   Section        0  waveplayer.o(i.WavePlayBack)
    i.WavePlayerInit                         0x08003fdc   Section        0  waveplayer.o(i.WavePlayerInit)
    i.__scatterload_copy                     0x08004004   Section       14  handlers.o(i.__scatterload_copy)
    i.__scatterload_null                     0x08004012   Section        2  handlers.o(i.__scatterload_null)
    i.__scatterload_zeroinit                 0x08004014   Section       14  handlers.o(i.__scatterload_zeroinit)
    i.main                                   0x08004024   Section        0  main.o(i.main)
    .constdata                               0x0800409c   Section    1003382  audio_sample.o(.constdata)
    .constdata                               0x080f9014   Section       36  stm32f4_discovery.o(.constdata)
    .data                                    0x20000000   Section        4  main.o(.data)
    .data                                    0x20000004   Section        8  stm32f4xx_it.o(.data)
    .data                                    0x2000000c   Section       20  system_stm32f4xx.o(.data)
    .data                                    0x20000020   Section        4  usb_bsp.o(.data)
    .data                                    0x20000024   Section        2  usbh_usr.o(.data)
    USBH_USR_ApplicationState                0x20000025   Data           1  usbh_usr.o(.data)
    .data                                    0x20000028   Section       32  waveplayer.o(.data)
    wavelen                                  0x2000002c   Data           4  waveplayer.o(.data)
    SpeechDataOffset                         0x20000030   Data           4  waveplayer.o(.data)
    WaveFileName                             0x20000038   Data           4  waveplayer.o(.data)
    TimingDelay                              0x20000044   Data           4  waveplayer.o(.data)
    .data                                    0x20000048   Section        4  waveplayer.o(.data)
    .data                                    0x2000004c   Section        6  waveplayer.o(.data)
    .data                                    0x20000054   Section       44  waverecorder.o(.data)
    AudioRecInited                           0x20000060   Data           4  waverecorder.o(.data)
    InternalBufferSize                       0x20000074   Data           4  waverecorder.o(.data)
    .data                                    0x20000080   Section       20  stm32f4_discovery.o(.data)
    .data                                    0x20000094   Section        4  stm32f4_discovery_lis302dl.o(.data)
    .data                                    0x20000098   Section       64  stm32f4_discovery_audio_codec.o(.data)
    .data                                    0x200000d8   Section       16  stm32f4xx_rcc.o(.data)
    APBAHBPrescTable                         0x200000d8   Data          16  stm32f4xx_rcc.o(.data)
    .data                                    0x200000e8   Section      772  pdm_filter.o(.data)
    .bss                                     0x200003ec   Section     1200  main.o(.bss)
    .bss                                     0x2000089c   Section       16  main.o(.bss)
    .bss                                     0x200008ac   Section     6756  waverecorder.o(.bss)
    InternalBuffer                           0x20002290   Data         128  waverecorder.o(.bss)
    .bss                                     0x20002310   Section       60  stm32f4_discovery_audio_codec.o(.bss)
    STACK                                    0x20002350   Section     1024  startup_stm32f4xx.o(STACK)

    Global Symbols

    Symbol Name                              Value     Ov Type        Size  Object(Section)

    BuildAttributes$$THM_ISAv4$E$P$D$K$B$S$7EM$PE$A:L22UL41UL21$X:L11$S22US41US21$IEEE1$IW$USESV6$~STKCKD$USESV7$~SHL$OSPACE$ROPI$EBA8$MICROLIB$REQ8$PRES8$EABIv2 0x00000000   Number         0  anon$$obj.o ABSOLUTE
    __ARM_use_no_argv                        0x00000000   Number         0  main.o ABSOLUTE
    __cpp_initialize__aeabi_                  - Undefined Weak Reference
    __cxa_finalize                            - Undefined Weak Reference
    _clock_init                               - Undefined Weak Reference
    _microlib_exit                            - Undefined Weak Reference
    __Vectors_Size                           0x00000188   Number         0  startup_stm32f4xx.o ABSOLUTE
    __Vectors                                0x08000000   Data           4  startup_stm32f4xx.o(RESET)
    __Vectors_End                            0x08000188   Data           0  startup_stm32f4xx.o(RESET)
    __main                                   0x08000189   Thumb Code     0  entry.o(.ARM.Collect$$$$00000000)
    _main_stk                                0x08000189   Thumb Code     0  entry2.o(.ARM.Collect$$$$00000001)
    _main_scatterload                        0x0800018d   Thumb Code     0  entry5.o(.ARM.Collect$$$$00000004)
    __main_after_scatterload                 0x08000191   Thumb Code     0  entry5.o(.ARM.Collect$$$$00000004)
    _main_clock                              0x08000191   Thumb Code     0  entry7b.o(.ARM.Collect$$$$00000008)
    _main_cpp_init                           0x08000191   Thumb Code     0  entry8b.o(.ARM.Collect$$$$0000000A)
    _main_init                               0x08000191   Thumb Code     0  entry9a.o(.ARM.Collect$$$$0000000B)
    __rt_final_cpp                           0x08000199   Thumb Code     0  entry10a.o(.ARM.Collect$$$$0000000D)
    __rt_final_exit                          0x08000199   Thumb Code     0  entry11a.o(.ARM.Collect$$$$0000000F)
    Reset_Handler                            0x0800019d   Thumb Code     8  startup_stm32f4xx.o(.text)
    ADC_IRQHandler                           0x080001b7   Thumb Code     0  startup_stm32f4xx.o(.text)
    CAN1_RX0_IRQHandler                      0x080001b7   Thumb Code     0  startup_stm32f4xx.o(.text)
    CAN1_RX1_IRQHandler                      0x080001b7   Thumb Code     0  startup_stm32f4xx.o(.text)
    CAN1_SCE_IRQHandler                      0x080001b7   Thumb Code     0  startup_stm32f4xx.o(.text)
    CAN1_TX_IRQHandler                       0x080001b7   Thumb Code     0  startup_stm32f4xx.o(.text)
    CAN2_RX0_IRQHandler                      0x080001b7   Thumb Code     0  startup_stm32f4xx.o(.text)
    CAN2_RX1_IRQHandler                      0x080001b7   Thumb Code     0  startup_stm32f4xx.o(.text)
    CAN2_SCE_IRQHandler                      0x080001b7   Thumb Code     0  startup_stm32f4xx.o(.text)
    CAN2_TX_IRQHandler                       0x080001b7   Thumb Code     0  startup_stm32f4xx.o(.text)
    CRYP_IRQHandler                          0x080001b7   Thumb Code     0  startup_stm32f4xx.o(.text)
    DCMI_IRQHandler                          0x080001b7   Thumb Code     0  startup_stm32f4xx.o(.text)
    DMA1_Stream1_IRQHandler                  0x080001b7   Thumb Code     0  startup_stm32f4xx.o(.text)
    DMA1_Stream2_IRQHandler                  0x080001b7   Thumb Code     0  startup_stm32f4xx.o(.text)
    DMA1_Stream3_IRQHandler                  0x080001b7   Thumb Code     0  startup_stm32f4xx.o(.text)
    DMA1_Stream4_IRQHandler                  0x080001b7   Thumb Code     0  startup_stm32f4xx.o(.text)
    DMA1_Stream5_IRQHandler                  0x080001b7   Thumb Code     0  startup_stm32f4xx.o(.text)
    DMA1_Stream6_IRQHandler                  0x080001b7   Thumb Code     0  startup_stm32f4xx.o(.text)
    DMA2_Stream0_IRQHandler                  0x080001b7   Thumb Code     0  startup_stm32f4xx.o(.text)
    DMA2_Stream1_IRQHandler                  0x080001b7   Thumb Code     0  startup_stm32f4xx.o(.text)
    DMA2_Stream2_IRQHandler                  0x080001b7   Thumb Code     0  startup_stm32f4xx.o(.text)
    DMA2_Stream3_IRQHandler                  0x080001b7   Thumb Code     0  startup_stm32f4xx.o(.text)
    DMA2_Stream4_IRQHandler                  0x080001b7   Thumb Code     0  startup_stm32f4xx.o(.text)
    DMA2_Stream5_IRQHandler                  0x080001b7   Thumb Code     0  startup_stm32f4xx.o(.text)
    DMA2_Stream6_IRQHandler                  0x080001b7   Thumb Code     0  startup_stm32f4xx.o(.text)
    DMA2_Stream7_IRQHandler                  0x080001b7   Thumb Code     0  startup_stm32f4xx.o(.text)
    ETH_IRQHandler                           0x080001b7   Thumb Code     0  startup_stm32f4xx.o(.text)
    ETH_WKUP_IRQHandler                      0x080001b7   Thumb Code     0  startup_stm32f4xx.o(.text)
    EXTI15_10_IRQHandler                     0x080001b7   Thumb Code     0  startup_stm32f4xx.o(.text)
    EXTI2_IRQHandler                         0x080001b7   Thumb Code     0  startup_stm32f4xx.o(.text)
    EXTI3_IRQHandler                         0x080001b7   Thumb Code     0  startup_stm32f4xx.o(.text)
    EXTI4_IRQHandler                         0x080001b7   Thumb Code     0  startup_stm32f4xx.o(.text)
    EXTI9_5_IRQHandler                       0x080001b7   Thumb Code     0  startup_stm32f4xx.o(.text)
    FLASH_IRQHandler                         0x080001b7   Thumb Code     0  startup_stm32f4xx.o(.text)
    FPU_IRQHandler                           0x080001b7   Thumb Code     0  startup_stm32f4xx.o(.text)
    FSMC_IRQHandler                          0x080001b7   Thumb Code     0  startup_stm32f4xx.o(.text)
    HASH_RNG_IRQHandler                      0x080001b7   Thumb Code     0  startup_stm32f4xx.o(.text)
    I2C1_ER_IRQHandler                       0x080001b7   Thumb Code     0  startup_stm32f4xx.o(.text)
    I2C1_EV_IRQHandler                       0x080001b7   Thumb Code     0  startup_stm32f4xx.o(.text)
    I2C2_ER_IRQHandler                       0x080001b7   Thumb Code     0  startup_stm32f4xx.o(.text)
    I2C2_EV_IRQHandler                       0x080001b7   Thumb Code     0  startup_stm32f4xx.o(.text)
    I2C3_ER_IRQHandler                       0x080001b7   Thumb Code     0  startup_stm32f4xx.o(.text)
    I2C3_EV_IRQHandler                       0x080001b7   Thumb Code     0  startup_stm32f4xx.o(.text)
    OTG_FS_WKUP_IRQHandler                   0x080001b7   Thumb Code     0  startup_stm32f4xx.o(.text)
    OTG_HS_EP1_IN_IRQHandler                 0x080001b7   Thumb Code     0  startup_stm32f4xx.o(.text)
    OTG_HS_EP1_OUT_IRQHandler                0x080001b7   Thumb Code     0  startup_stm32f4xx.o(.text)
    OTG_HS_IRQHandler                        0x080001b7   Thumb Code     0  startup_stm32f4xx.o(.text)
    OTG_HS_WKUP_IRQHandler                   0x080001b7   Thumb Code     0  startup_stm32f4xx.o(.text)
    PVD_IRQHandler                           0x080001b7   Thumb Code     0  startup_stm32f4xx.o(.text)
    RCC_IRQHandler                           0x080001b7   Thumb Code     0  startup_stm32f4xx.o(.text)
    RTC_Alarm_IRQHandler                     0x080001b7   Thumb Code     0  startup_stm32f4xx.o(.text)
    RTC_WKUP_IRQHandler                      0x080001b7   Thumb Code     0  startup_stm32f4xx.o(.text)
    SDIO_IRQHandler                          0x080001b7   Thumb Code     0  startup_stm32f4xx.o(.text)
    SPI1_IRQHandler                          0x080001b7   Thumb Code     0  startup_stm32f4xx.o(.text)
    TAMP_STAMP_IRQHandler                    0x080001b7   Thumb Code     0  startup_stm32f4xx.o(.text)
    TIM1_BRK_TIM9_IRQHandler                 0x080001b7   Thumb Code     0  startup_stm32f4xx.o(.text)
    TIM1_CC_IRQHandler                       0x080001b7   Thumb Code     0  startup_stm32f4xx.o(.text)
    TIM1_TRG_COM_TIM11_IRQHandler            0x080001b7   Thumb Code     0  startup_stm32f4xx.o(.text)
    TIM1_UP_TIM10_IRQHandler                 0x080001b7   Thumb Code     0  startup_stm32f4xx.o(.text)
    TIM3_IRQHandler                          0x080001b7   Thumb Code     0  startup_stm32f4xx.o(.text)
    TIM5_IRQHandler                          0x080001b7   Thumb Code     0  startup_stm32f4xx.o(.text)
    TIM6_DAC_IRQHandler                      0x080001b7   Thumb Code     0  startup_stm32f4xx.o(.text)
    TIM7_IRQHandler                          0x080001b7   Thumb Code     0  startup_stm32f4xx.o(.text)
    TIM8_BRK_TIM12_IRQHandler                0x080001b7   Thumb Code     0  startup_stm32f4xx.o(.text)
    TIM8_CC_IRQHandler                       0x080001b7   Thumb Code     0  startup_stm32f4xx.o(.text)
    TIM8_TRG_COM_TIM14_IRQHandler            0x080001b7   Thumb Code     0  startup_stm32f4xx.o(.text)
    TIM8_UP_TIM13_IRQHandler                 0x080001b7   Thumb Code     0  startup_stm32f4xx.o(.text)
    UART4_IRQHandler                         0x080001b7   Thumb Code     0  startup_stm32f4xx.o(.text)
    UART5_IRQHandler                         0x080001b7   Thumb Code     0  startup_stm32f4xx.o(.text)
    USART1_IRQHandler                        0x080001b7   Thumb Code     0  startup_stm32f4xx.o(.text)
    USART2_IRQHandler                        0x080001b7   Thumb Code     0  startup_stm32f4xx.o(.text)
    USART3_IRQHandler                        0x080001b7   Thumb Code     0  startup_stm32f4xx.o(.text)
    USART6_IRQHandler                        0x080001b7   Thumb Code     0  startup_stm32f4xx.o(.text)
    WWDG_IRQHandler                          0x080001b7   Thumb Code     0  startup_stm32f4xx.o(.text)
    PDM_Filter_Init                          0x080001c1   Thumb Code   222  pdm_filter.o(.text)
    PDM_Filter_64_LSB                        0x0800029f   Thumb Code   660  pdm_filter.o(.text)
    PDM_Filter_80_LSB                        0x08000533   Thumb Code   692  pdm_filter.o(.text)
    PDM_Filter_64_MSB                        0x080007e7   Thumb Code   658  pdm_filter.o(.text)
    PDM_Filter_80_MSB                        0x08000a79   Thumb Code   830  pdm_filter.o(.text)
    __ARM_scalbnf                            0x08000dbd   Thumb Code    24  fscalb.o(.text)
    scalbnf                                  0x08000dbd   Thumb Code     0  fscalb.o(.text)
    __aeabi_dadd                             0x08000dd5   Thumb Code   322  dadd.o(.text)
    __aeabi_dsub                             0x08000f17   Thumb Code     6  dadd.o(.text)
    __aeabi_drsub                            0x08000f1d   Thumb Code     6  dadd.o(.text)
    __aeabi_dmul                             0x08000f23   Thumb Code   228  dmul.o(.text)
    __aeabi_ddiv                             0x08001007   Thumb Code   222  ddiv.o(.text)
    __aeabi_ui2d                             0x080010e5   Thumb Code    26  dfltui.o(.text)
    __aeabi_d2uiz                            0x080010ff   Thumb Code    50  dfixui.o(.text)
    __aeabi_f2d                              0x08001131   Thumb Code    38  f2d.o(.text)
    __aeabi_llsl                             0x08001157   Thumb Code    30  llshl.o(.text)
    _ll_shift_l                              0x08001157   Thumb Code     0  llshl.o(.text)
    __aeabi_llsr                             0x08001175   Thumb Code    32  llushr.o(.text)
    _ll_ushift_r                             0x08001175   Thumb Code     0  llushr.o(.text)
    __aeabi_lasr                             0x08001195   Thumb Code    36  llsshr.o(.text)
    _ll_sshift_r                             0x08001195   Thumb Code     0  llsshr.o(.text)
    __I$use$fp                               0x080011b9   Thumb Code     0  iusefp.o(.text)
    _double_round                            0x080011b9   Thumb Code    30  depilogue.o(.text)
    _double_epilogue                         0x080011d7   Thumb Code   156  depilogue.o(.text)
    __scatterload                            0x08001275   Thumb Code    28  init.o(.text)
    __scatterload_rt2                        0x08001275   Thumb Code     0  init.o(.text)
    __decompress                             0x08001299   Thumb Code     0  __dczerorl2.o(.text)
    __decompress1                            0x08001299   Thumb Code    86  __dczerorl2.o(.text)
    AudioFlashPlay                           0x080012ef   Thumb Code    12  waveplayer.o(i.AudioFlashPlay)
    Audio_MAL_Play                           0x08001465   Thumb Code    66  stm32f4_discovery_audio_codec.o(i.Audio_MAL_Play)
    BusFault_Handler                         0x08001543   Thumb Code     2  stm32f4xx_it.o(i.BusFault_Handler)
    Codec_TIMEOUT_UserCallback               0x08001999   Thumb Code     4  waveplayer.o(i.Codec_TIMEOUT_UserCallback)
    DAC_Cmd                                  0x08001ac1   Thumb Code    20  stm32f4xx_dac.o(i.DAC_Cmd)
    DAC_Config                               0x08001ad9   Thumb Code    70  stm32f4_discovery_audio_codec.o(i.DAC_Config)
    DAC_Init                                 0x08001b29   Thumb Code    36  stm32f4xx_dac.o(i.DAC_Init)
    DAC_SetChannel1Data                      0x08001b51   Thumb Code    14  stm32f4xx_dac.o(i.DAC_SetChannel1Data)
    DMA1_Stream0_IRQHandler                  0x08001b65   Thumb Code     4  stm32f4_discovery_audio_codec.o(i.DMA1_Stream0_IRQHandler)
    DMA1_Stream7_IRQHandler                  0x08001b69   Thumb Code     4  stm32f4_discovery_audio_codec.o(i.DMA1_Stream7_IRQHandler)
    DMA_ClearFlag                            0x08001b6d   Thumb Code    32  stm32f4xx_dma.o(i.DMA_ClearFlag)
    DMA_Cmd                                  0x08001b99   Thumb Code    20  stm32f4xx_dma.o(i.DMA_Cmd)
    DMA_DeInit                               0x08001bad   Thumb Code   272  stm32f4xx_dma.o(i.DMA_DeInit)
    DMA_GetCmdStatus                         0x08001cd1   Thumb Code    14  stm32f4xx_dma.o(i.DMA_GetCmdStatus)
    DMA_GetFlagStatus                        0x08001ce1   Thumb Code    40  stm32f4xx_dma.o(i.DMA_GetFlagStatus)
    DMA_ITConfig                             0x08001d15   Thumb Code    44  stm32f4xx_dma.o(i.DMA_ITConfig)
    DMA_Init                                 0x08001d41   Thumb Code    80  stm32f4xx_dma.o(i.DMA_Init)
    DebugMon_Handler                         0x08001d95   Thumb Code     2  stm32f4xx_it.o(i.DebugMon_Handler)
    EVAL_AUDIO_GetSampleCallBack             0x08001da7   Thumb Code     4  waveplayer.o(i.EVAL_AUDIO_GetSampleCallBack)
    EVAL_AUDIO_Init                          0x08001dab   Thumb Code    40  stm32f4_discovery_audio_codec.o(i.EVAL_AUDIO_Init)
    EVAL_AUDIO_PauseResume                   0x08001dd5   Thumb Code   122  stm32f4_discovery_audio_codec.o(i.EVAL_AUDIO_PauseResume)
    EVAL_AUDIO_Play                          0x08001e59   Thumb Code    72  stm32f4_discovery_audio_codec.o(i.EVAL_AUDIO_Play)
    EVAL_AUDIO_SetAudioInterface             0x08001ea5   Thumb Code   114  stm32f4_discovery_audio_codec.o(i.EVAL_AUDIO_SetAudioInterface)
    EVAL_AUDIO_Stop                          0x08001f31   Thumb Code   106  stm32f4_discovery_audio_codec.o(i.EVAL_AUDIO_Stop)
    EVAL_AUDIO_TransferComplete_CallBack     0x08001fa9   Thumb Code    10  waveplayer.o(i.EVAL_AUDIO_TransferComplete_CallBack)
    EXTI0_IRQHandler                         0x08001fbd   Thumb Code    56  stm32f4xx_it.o(i.EXTI0_IRQHandler)
    EXTI1_IRQHandler                         0x08002001   Thumb Code    46  stm32f4xx_it.o(i.EXTI1_IRQHandler)
    EXTI_ClearITPendingBit                   0x080020a9   Thumb Code     6  stm32f4xx_exti.o(i.EXTI_ClearITPendingBit)
    EXTI_GetITStatus                         0x080020b5   Thumb Code    28  stm32f4xx_exti.o(i.EXTI_GetITStatus)
    EXTI_Init                                0x080020d5   Thumb Code   108  stm32f4xx_exti.o(i.EXTI_Init)
    GPIO_Init                                0x08002145   Thumb Code   162  stm32f4xx_gpio.o(i.GPIO_Init)
    GPIO_PinAFConfig                         0x080021e7   Thumb Code    32  stm32f4xx_gpio.o(i.GPIO_PinAFConfig)
    GPIO_ResetBits                           0x08002207   Thumb Code     4  stm32f4xx_gpio.o(i.GPIO_ResetBits)
    GPIO_SetBits                             0x0800220b   Thumb Code     4  stm32f4xx_gpio.o(i.GPIO_SetBits)
    GPIO_WriteBit                            0x0800220f   Thumb Code    10  stm32f4xx_gpio.o(i.GPIO_WriteBit)
    HardFault_Handler                        0x08002219   Thumb Code     2  stm32f4xx_it.o(i.HardFault_Handler)
    I2C_AcknowledgeConfig                    0x0800221b   Thumb Code    20  stm32f4xx_i2c.o(i.I2C_AcknowledgeConfig)
    I2C_CheckEvent                           0x0800222f   Thumb Code    24  stm32f4xx_i2c.o(i.I2C_CheckEvent)
    I2C_ClearFlag                            0x08002247   Thumb Code     6  stm32f4xx_i2c.o(i.I2C_ClearFlag)
    I2C_Cmd                                  0x0800224d   Thumb Code    20  stm32f4xx_i2c.o(i.I2C_Cmd)
    I2C_DeInit                               0x08002261   Thumb Code    56  stm32f4xx_i2c.o(i.I2C_DeInit)
    I2C_GenerateSTART                        0x080022a5   Thumb Code    20  stm32f4xx_i2c.o(i.I2C_GenerateSTART)
    I2C_GenerateSTOP                         0x080022b9   Thumb Code    20  stm32f4xx_i2c.o(i.I2C_GenerateSTOP)
    I2C_GetFlagStatus                        0x080022cd   Thumb Code    42  stm32f4xx_i2c.o(i.I2C_GetFlagStatus)
    I2C_Init                                 0x080022f9   Thumb Code   174  stm32f4xx_i2c.o(i.I2C_Init)
    I2C_ReceiveData                          0x080023b1   Thumb Code     6  stm32f4xx_i2c.o(i.I2C_ReceiveData)
    I2C_Send7bitAddress                      0x080023b7   Thumb Code    16  stm32f4xx_i2c.o(i.I2C_Send7bitAddress)
    I2C_SendData                             0x080023c7   Thumb Code     4  stm32f4xx_i2c.o(i.I2C_SendData)
    I2S_Cmd                                  0x080023cb   Thumb Code    20  stm32f4xx_spi.o(i.I2S_Cmd)
    I2S_Init                                 0x080023e1   Thumb Code   190  stm32f4xx_spi.o(i.I2S_Init)
    LIS302DL_Init                            0x080024a9   Thumb Code    48  stm32f4_discovery_lis302dl.o(i.LIS302DL_Init)
    LIS302DL_InterruptConfig                 0x080024d9   Thumb Code    46  stm32f4_discovery_lis302dl.o(i.LIS302DL_InterruptConfig)
    LIS302DL_Read                            0x08002629   Thumb Code    70  stm32f4_discovery_lis302dl.o(i.LIS302DL_Read)
    LIS302DL_TIMEOUT_UserCallback            0x080026d5   Thumb Code     2  waveplayer.o(i.LIS302DL_TIMEOUT_UserCallback)
    LIS302DL_Write                           0x080026d9   Thumb Code    64  stm32f4_discovery_lis302dl.o(i.LIS302DL_Write)
    MemManage_Handler                        0x0800271d   Thumb Code     2  stm32f4xx_it.o(i.MemManage_Handler)
    NMI_Handler                              0x080027db   Thumb Code     2  stm32f4xx_it.o(i.NMI_Handler)
    NVIC_Init                                0x080027dd   Thumb Code    96  misc.o(i.NVIC_Init)
    NVIC_PriorityGroupConfig                 0x08002841   Thumb Code    10  misc.o(i.NVIC_PriorityGroupConfig)
    OTG_FS_IRQHandler                        0x08002855   Thumb Code     6  stm32f4xx_it.o(i.OTG_FS_IRQHandler)
    PendSV_Handler                           0x08002861   Thumb Code     2  stm32f4xx_it.o(i.PendSV_Handler)
    RCC_AHB1PeriphClockCmd                   0x08002865   Thumb Code    18  stm32f4xx_rcc.o(i.RCC_AHB1PeriphClockCmd)
    RCC_APB1PeriphClockCmd                   0x0800287d   Thumb Code    18  stm32f4xx_rcc.o(i.RCC_APB1PeriphClockCmd)
    RCC_APB1PeriphResetCmd                   0x08002895   Thumb Code    18  stm32f4xx_rcc.o(i.RCC_APB1PeriphResetCmd)
    RCC_APB2PeriphClockCmd                   0x080028ad   Thumb Code    18  stm32f4xx_rcc.o(i.RCC_APB2PeriphClockCmd)
    RCC_APB2PeriphResetCmd                   0x080028c5   Thumb Code    18  stm32f4xx_rcc.o(i.RCC_APB2PeriphResetCmd)
    RCC_GetClocksFreq                        0x080028dd   Thumb Code   132  stm32f4xx_rcc.o(i.RCC_GetClocksFreq)
    SPI2_IRQHandler                          0x0800296d   Thumb Code    64  waverecorder.o(i.SPI2_IRQHandler)
    SPI3_IRQHandler                          0x080029bd   Thumb Code    54  stm32f4_discovery_audio_codec.o(i.SPI3_IRQHandler)
    SPI_Cmd                                  0x080029fd   Thumb Code    20  stm32f4xx_spi.o(i.SPI_Cmd)
    SPI_I2S_DMACmd                           0x08002a11   Thumb Code    16  stm32f4xx_spi.o(i.SPI_I2S_DMACmd)
    SPI_I2S_DeInit                           0x08002a21   Thumb Code    72  stm32f4xx_spi.o(i.SPI_I2S_DeInit)
    SPI_I2S_GetFlagStatus                    0x08002a75   Thumb Code    14  stm32f4xx_spi.o(i.SPI_I2S_GetFlagStatus)
    SPI_I2S_GetITStatus                      0x08002a83   Thumb Code    42  stm32f4xx_spi.o(i.SPI_I2S_GetITStatus)
    SPI_I2S_ITConfig                         0x08002aad   Thumb Code    24  stm32f4xx_spi.o(i.SPI_I2S_ITConfig)
    SPI_I2S_ReceiveData                      0x08002ac5   Thumb Code     4  stm32f4xx_spi.o(i.SPI_I2S_ReceiveData)
    SPI_I2S_SendData                         0x08002ac9   Thumb Code     4  stm32f4xx_spi.o(i.SPI_I2S_SendData)
    SPI_Init                                 0x08002acd   Thumb Code    56  stm32f4xx_spi.o(i.SPI_Init)
    STM_EVAL_LEDInit                         0x08002b05   Thumb Code    62  stm32f4_discovery.o(i.STM_EVAL_LEDInit)
    STM_EVAL_LEDOff                          0x08002b4d   Thumb Code    16  stm32f4_discovery.o(i.STM_EVAL_LEDOff)
    STM_EVAL_LEDOn                           0x08002b65   Thumb Code    16  stm32f4_discovery.o(i.STM_EVAL_LEDOn)
    STM_EVAL_LEDToggle                       0x08002b7d   Thumb Code    20  stm32f4_discovery.o(i.STM_EVAL_LEDToggle)
    SVC_Handler                              0x08002b99   Thumb Code     2  stm32f4xx_it.o(i.SVC_Handler)
    SYSCFG_EXTILineConfig                    0x08002b9d   Thumb Code    42  stm32f4xx_syscfg.o(i.SYSCFG_EXTILineConfig)
    SysTick_Handler                          0x08002ca5   Thumb Code    24  stm32f4xx_it.o(i.SysTick_Handler)
    SystemInit                               0x08002cc5   Thumb Code    62  system_stm32f4xx.o(i.SystemInit)
    TIM2_IRQHandler                          0x08002d15   Thumb Code     4  stm32f4xx_it.o(i.TIM2_IRQHandler)
    TIM4_IRQHandler                          0x08002d19   Thumb Code   196  stm32f4xx_it.o(i.TIM4_IRQHandler)
    TIM_ARRPreloadConfig                     0x08002df1   Thumb Code    20  stm32f4xx_tim.o(i.TIM_ARRPreloadConfig)
    TIM_ClearITPendingBit                    0x08002e05   Thumb Code     6  stm32f4xx_tim.o(i.TIM_ClearITPendingBit)
    TIM_Cmd                                  0x08002e0b   Thumb Code    20  stm32f4xx_tim.o(i.TIM_Cmd)
    TIM_GetCapture1                          0x08002e1f   Thumb Code     4  stm32f4xx_tim.o(i.TIM_GetCapture1)
    TIM_GetITStatus                          0x08002e23   Thumb Code    24  stm32f4xx_tim.o(i.TIM_GetITStatus)
    TIM_ITConfig                             0x08002e3b   Thumb Code    16  stm32f4xx_tim.o(i.TIM_ITConfig)
    TIM_OC1Init                              0x08002f09   Thumb Code    88  stm32f4xx_tim.o(i.TIM_OC1Init)
    TIM_OC1PreloadConfig                     0x08002f69   Thumb Code    12  stm32f4xx_tim.o(i.TIM_OC1PreloadConfig)
    TIM_SetCompare1                          0x08002f75   Thumb Code     4  stm32f4xx_tim.o(i.TIM_SetCompare1)
    TIM_TimeBaseInit                         0x08002f79   Thumb Code    96  stm32f4xx_tim.o(i.TIM_TimeBaseInit)
    TimingDelay_Decrement                    0x08002ff5   Thumb Code    16  waveplayer.o(i.TimingDelay_Decrement)
    USBH_OTG_ISR_Handler                     0x08003009   Thumb Code   168  usb_hcd_int.o(i.USBH_OTG_ISR_Handler)
    USB_OTG_BSP_TimerIRQ                     0x080030b1   Thumb Code    50  usb_bsp.o(i.USB_OTG_BSP_TimerIRQ)
    USB_OTG_BSP_mDelay                       0x080030e9   Thumb Code     6  usb_bsp.o(i.USB_OTG_BSP_mDelay)
    USB_OTG_HC_DoPing                        0x080030ef   Thumb Code    42  usb_core.o(i.USB_OTG_HC_DoPing)
    USB_OTG_HC_Halt                          0x08003119   Thumb Code    60  usb_core.o(i.USB_OTG_HC_Halt)
    USB_OTG_InitFSLSPClkSel                  0x08003155   Thumb Code    12  usb_core.o(i.USB_OTG_InitFSLSPClkSel)
    USB_OTG_IsHostMode                       0x08003161   Thumb Code    14  usb_core.o(i.USB_OTG_IsHostMode)
    USB_OTG_ReadCoreItr                      0x0800316f   Thumb Code    10  usb_core.o(i.USB_OTG_ReadCoreItr)
    USB_OTG_ReadHPRT0                        0x08003179   Thumb Code    12  usb_core.o(i.USB_OTG_ReadHPRT0)
    USB_OTG_ReadHostAllChannels_intr         0x08003185   Thumb Code     6  usb_core.o(i.USB_OTG_ReadHostAllChannels_intr)
    USB_OTG_ReadPacket                       0x0800318b   Thumb Code    32  usb_core.o(i.USB_OTG_ReadPacket)
    USB_OTG_ResetPort                        0x080031ab   Thumb Code    42  usb_core.o(i.USB_OTG_ResetPort)
    USB_OTG_WritePacket                      0x08003f41   Thumb Code    40  usb_core.o(i.USB_OTG_WritePacket)
    UsageFault_Handler                       0x08003f69   Thumb Code     2  stm32f4xx_it.o(i.UsageFault_Handler)
    WavePlayBack                             0x08003f6d   Thumb Code    88  waveplayer.o(i.WavePlayBack)
    WavePlayerInit                           0x08003fdd   Thumb Code    34  waveplayer.o(i.WavePlayerInit)
    __scatterload_copy                       0x08004005   Thumb Code    14  handlers.o(i.__scatterload_copy)
    __scatterload_null                       0x08004013   Thumb Code     2  handlers.o(i.__scatterload_null)
    __scatterload_zeroinit                   0x08004015   Thumb Code    14  handlers.o(i.__scatterload_zeroinit)
    main                                     0x08004025   Thumb Code   102  main.o(i.main)
    AUDIO_SAMPLE                             0x0800409c   Data       1003382  audio_sample.o(.constdata)
    BUTTON_PORT_SOURCE                       0x080f9014   Data           1  stm32f4_discovery.o(.constdata)
    BUTTON_PIN_SOURCE                        0x080f9015   Data           1  stm32f4_discovery.o(.constdata)
    BUTTON_IRQn                              0x080f9016   Data           1  stm32f4_discovery.o(.constdata)
    BUTTON_PIN                               0x080f9018   Data           2  stm32f4_discovery.o(.constdata)
    BUTTON_EXTI_LINE                         0x080f901a   Data           2  stm32f4_discovery.o(.constdata)
    BUTTON_CLK                               0x080f901c   Data           4  stm32f4_discovery.o(.constdata)
    GPIO_PIN                                 0x080f9020   Data           8  stm32f4_discovery.o(.constdata)
    GPIO_CLK                                 0x080f9028   Data          16  stm32f4_discovery.o(.constdata)
    Region$$Table$$Base                      0x080f9038   Number         0  anon$$obj.o(Region$$Table)
    Region$$Table$$Limit                     0x080f9058   Number         0  anon$$obj.o(Region$$Table)
    RepeatState                              0x20000000   Data           1  main.o(.data)
    CCR_Val                                  0x20000002   Data           2  main.o(.data)
    PauseResumeStatus                        0x20000004   Data           1  stm32f4xx_it.o(.data)
    Count                                    0x20000005   Data           1  stm32f4xx_it.o(.data)
    LED_Toggle                               0x20000006   Data           1  stm32f4xx_it.o(.data)
    capture                                  0x20000008   Data           2  stm32f4xx_it.o(.data)
    Time_Rec_Base                            0x2000000a   Data           2  stm32f4xx_it.o(.data)
    SystemCoreClock                          0x2000000c   Data           4  system_stm32f4xx.o(.data)
    AHBPrescTable                            0x20000010   Data          16  system_stm32f4xx.o(.data)
    BSP_delay                                0x20000020   Data           4  usb_bsp.o(.data)
    Command_index                            0x20000024   Data           1  usbh_usr.o(.data)
    WaveFileStatus                           0x20000028   Data           1  waveplayer.o(.data)
    buffer_switch                            0x20000029   Data           1  waveplayer.o(.data)
    volume                                   0x2000002a   Data           1  waveplayer.o(.data)
    AudioPlayStart                           0x2000002b   Data           1  waveplayer.o(.data)
    WaveDataLength                           0x20000034   Data           4  waveplayer.o(.data)
    BytesRead                                0x2000003c   Data           4  waveplayer.o(.data)
    WaveCounter                              0x20000040   Data           4  waveplayer.o(.data)
    XferCplt                                 0x20000048   Data           4  waveplayer.o(.data)
    Buffer                                   0x2000004c   Data           6  waveplayer.o(.data)
    WaveRecStatus                            0x20000054   Data           1  waverecorder.o(.data)
    Switch                                   0x20000055   Data           1  waverecorder.o(.data)
    buf_idx                                  0x20000056   Data           2  waverecorder.o(.data)
    buf_idx1                                 0x20000058   Data           2  waverecorder.o(.data)
    counter                                  0x2000005a   Data           2  waverecorder.o(.data)
    bytesWritten                             0x2000005c   Data           2  waverecorder.o(.data)
    AudioRecBitRes                           0x20000064   Data           4  waverecorder.o(.data)
    Data_Status                              0x20000068   Data           4  waverecorder.o(.data)
    AudioRecChnlNbr                          0x2000006c   Data           4  waverecorder.o(.data)
    AudioRecCurrSize                         0x20000070   Data           4  waverecorder.o(.data)
    writebuffer                              0x20000078   Data           4  waverecorder.o(.data)
    pAudioRecBuf                             0x2000007c   Data           4  waverecorder.o(.data)
    BUTTON_PORT                              0x20000080   Data           4  stm32f4_discovery.o(.data)
    GPIO_PORT                                0x20000084   Data          16  stm32f4_discovery.o(.data)
    LIS302DLTimeout                          0x20000094   Data           4  stm32f4_discovery_lis302dl.o(.data)
    OutputDev                                0x20000098   Data           1  stm32f4_discovery_audio_codec.o(.data)
    AudioTotalSize                           0x2000009c   Data           4  stm32f4_discovery_audio_codec.o(.data)
    AudioRemSize                             0x200000a0   Data           4  stm32f4_discovery_audio_codec.o(.data)
    CODECTimeout                             0x200000a4   Data           4  stm32f4_discovery_audio_codec.o(.data)
    CurrAudioInterface                       0x200000a8   Data           4  stm32f4_discovery_audio_codec.o(.data)
    AUDIO_MAL_DMA_CLOCK                      0x200000ac   Data           4  stm32f4_discovery_audio_codec.o(.data)
    AUDIO_MAL_DMA_STREAM                     0x200000b0   Data           4  stm32f4_discovery_audio_codec.o(.data)
    AUDIO_MAL_DMA_DREG                       0x200000b4   Data           4  stm32f4_discovery_audio_codec.o(.data)
    AUDIO_MAL_DMA_CHANNEL                    0x200000b8   Data           4  stm32f4_discovery_audio_codec.o(.data)
    AUDIO_MAL_DMA_IRQ                        0x200000bc   Data           4  stm32f4_discovery_audio_codec.o(.data)
    AUDIO_MAL_DMA_FLAG_TC                    0x200000c0   Data           4  stm32f4_discovery_audio_codec.o(.data)
    AUDIO_MAL_DMA_FLAG_HT                    0x200000c4   Data           4  stm32f4_discovery_audio_codec.o(.data)
    AUDIO_MAL_DMA_FLAG_FE                    0x200000c8   Data           4  stm32f4_discovery_audio_codec.o(.data)
    AUDIO_MAL_DMA_FLAG_TE                    0x200000cc   Data           4  stm32f4_discovery_audio_codec.o(.data)
    AUDIO_MAL_DMA_FLAG_DME                   0x200000d0   Data           4  stm32f4_discovery_audio_codec.o(.data)
    CurrentPos                               0x200000d4   Data           4  stm32f4_discovery_audio_codec.o(.data)
    stm32_crc                                0x200000e8   Data           4  pdm_filter.o(.data)
    T0                                       0x200000ec   Data         256  pdm_filter.o(.data)
    T1                                       0x200001ec   Data         256  pdm_filter.o(.data)
    T2                                       0x200002ec   Data         256  pdm_filter.o(.data)
    USB_OTG_Core                             0x200003ec   Data        1200  main.o(.bss)
    RCC_Clocks                               0x2000089c   Data          16  main.o(.bss)
    RAM_Buf                                  0x200008ac   Data        3000  waverecorder.o(.bss)
    RAM_Buf1                                 0x20001464   Data        3000  waverecorder.o(.bss)
    Filter                                   0x2000201c   Data          52  waverecorder.o(.bss)
    RecBuf                                   0x20002050   Data          32  waverecorder.o(.bss)
    RecBuf1                                  0x20002070   Data          32  waverecorder.o(.bss)
    RecBufHeader                             0x20002090   Data         512  waverecorder.o(.bss)
    DMA_InitStructure                        0x20002310   Data          60  stm32f4_discovery_audio_codec.o(.bss)
    __initial_sp                             0x20002750   Data           0  startup_stm32f4xx.o(STACK)



==============================================================================

Memory Map of the image

  Image Entry point : 0x08000189

  Load Region LR_IROM1 (Base: 0x08000000, Size: 0x000f9444, Max: 0x00100000, ABSOLUTE, COMPRESSED[0x000f92b4])

    Execution Region ER_IROM1 (Base: 0x08000000, Size: 0x000f9058, Max: 0x00100000, ABSOLUTE)

    Base Addr    Size         Type   Attr      Idx    E Section Name        Object

    0x08000000   0x00000188   Data   RO         3149    RESET               startup_stm32f4xx.o
    0x08000188   0x00000000   Code   RO         4153  * .ARM.Collect$$$$00000000  mc_w.l(entry.o)
    0x08000188   0x00000004   Code   RO         4170    .ARM.Collect$$$$00000001  mc_w.l(entry2.o)
    0x0800018c   0x00000004   Code   RO         4173    .ARM.Collect$$$$00000004  mc_w.l(entry5.o)
    0x08000190   0x00000000   Code   RO         4175    .ARM.Collect$$$$00000008  mc_w.l(entry7b.o)
    0x08000190   0x00000000   Code   RO         4177    .ARM.Collect$$$$0000000A  mc_w.l(entry8b.o)
    0x08000190   0x00000008   Code   RO         4178    .ARM.Collect$$$$0000000B  mc_w.l(entry9a.o)
    0x08000198   0x00000000   Code   RO         4180    .ARM.Collect$$$$0000000D  mc_w.l(entry10a.o)
    0x08000198   0x00000000   Code   RO         4182    .ARM.Collect$$$$0000000F  mc_w.l(entry11a.o)
    0x08000198   0x00000004   Code   RO         4171    .ARM.Collect$$$$00002712  mc_w.l(entry2.o)
    0x0800019c   0x00000024   Code   RO         3150    .text               startup_stm32f4xx.o
    0x080001c0   0x00000bfc   Code   RO         4150    .text               libPDMFilter_Keil.lib(pdm_filter.o)
    0x08000dbc   0x00000018   Code   RO         4156    .text               mf_w.l(fscalb.o)
    0x08000dd4   0x0000014e   Code   RO         4158    .text               mf_w.l(dadd.o)
    0x08000f22   0x000000e4   Code   RO         4160    .text               mf_w.l(dmul.o)
    0x08001006   0x000000de   Code   RO         4162    .text               mf_w.l(ddiv.o)
    0x080010e4   0x0000001a   Code   RO         4164    .text               mf_w.l(dfltui.o)
    0x080010fe   0x00000032   Code   RO         4166    .text               mf_w.l(dfixui.o)
    0x08001130   0x00000026   Code   RO         4168    .text               mf_w.l(f2d.o)
    0x08001156   0x0000001e   Code   RO         4184    .text               mc_w.l(llshl.o)
    0x08001174   0x00000020   Code   RO         4186    .text               mc_w.l(llushr.o)
    0x08001194   0x00000024   Code   RO         4188    .text               mc_w.l(llsshr.o)
    0x080011b8   0x00000000   Code   RO         4190    .text               mc_w.l(iusefp.o)
    0x080011b8   0x000000ba   Code   RO         4191    .text               mf_w.l(depilogue.o)
    0x08001272   0x00000002   PAD
    0x08001274   0x00000024   Code   RO         4193    .text               mc_w.l(init.o)
    0x08001298   0x00000056   Code   RO         4203    .text               mc_w.l(__dczerorl2.o)
    0x080012ee   0x0000000c   Code   RO          593    i.AudioFlashPlay    waveplayer.o
    0x080012fa   0x00000002   PAD
    0x080012fc   0x0000009c   Code   RO          906    i.Audio_MAL_IRQHandler  stm32f4_discovery_audio_codec.o
    0x08001398   0x000000cc   Code   RO          907    i.Audio_MAL_Init    stm32f4_discovery_audio_codec.o
    0x08001464   0x00000050   Code   RO          908    i.Audio_MAL_Play    stm32f4_discovery_audio_codec.o
    0x080014b4   0x00000024   Code   RO          380    i.BSP_Delay         usb_bsp.o
    0x080014d8   0x0000006a   Code   RO          382    i.BSP_SetTime       usb_bsp.o
    0x08001542   0x00000002   Code   RO          249    i.BusFault_Handler  stm32f4xx_it.o
    0x08001544   0x0000006c   Code   RO          909    i.Codec_AudioInterface_Init  stm32f4_discovery_audio_codec.o
    0x080015b0   0x0000011c   Code   RO          911    i.Codec_GPIO_Init   stm32f4_discovery_audio_codec.o
    0x080016cc   0x00000128   Code   RO          912    i.Codec_Init        stm32f4_discovery_audio_codec.o
    0x080017f4   0x00000018   Code   RO          913    i.Codec_Mute        stm32f4_discovery_audio_codec.o
    0x0800180c   0x00000164   Code   RO          914    i.Codec_ReadRegister  stm32f4_discovery_audio_codec.o
    0x08001970   0x00000028   Code   RO          915    i.Codec_Reset       stm32f4_discovery_audio_codec.o
    0x08001998   0x00000004   Code   RO          594    i.Codec_TIMEOUT_UserCallback  waveplayer.o
    0x0800199c   0x00000026   Code   RO          916    i.Codec_VolumeCtrl  stm32f4_discovery_audio_codec.o
    0x080019c2   0x00000002   PAD
    0x080019c4   0x000000fc   Code   RO          917    i.Codec_WriteRegister  stm32f4_discovery_audio_codec.o
    0x08001ac0   0x00000018   Code   RO         1385    i.DAC_Cmd           stm32f4xx_dac.o
    0x08001ad8   0x00000050   Code   RO          918    i.DAC_Config        stm32f4_discovery_audio_codec.o
    0x08001b28   0x00000028   Code   RO         1393    i.DAC_Init          stm32f4xx_dac.o
    0x08001b50   0x00000014   Code   RO         1394    i.DAC_SetChannel1Data  stm32f4xx_dac.o
    0x08001b64   0x00000004   Code   RO          919    i.DMA1_Stream0_IRQHandler  stm32f4_discovery_audio_codec.o
    0x08001b68   0x00000004   Code   RO          920    i.DMA1_Stream7_IRQHandler  stm32f4_discovery_audio_codec.o
    0x08001b6c   0x0000002c   Code   RO         1495    i.DMA_ClearFlag     stm32f4xx_dma.o
    0x08001b98   0x00000014   Code   RO         1497    i.DMA_Cmd           stm32f4xx_dma.o
    0x08001bac   0x00000124   Code   RO         1498    i.DMA_DeInit        stm32f4xx_dma.o
    0x08001cd0   0x0000000e   Code   RO         1502    i.DMA_GetCmdStatus  stm32f4xx_dma.o
    0x08001cde   0x00000002   PAD
    0x08001ce0   0x00000034   Code   RO         1506    i.DMA_GetFlagStatus  stm32f4xx_dma.o
    0x08001d14   0x0000002c   Code   RO         1508    i.DMA_ITConfig      stm32f4xx_dma.o
    0x08001d40   0x00000054   Code   RO         1509    i.DMA_Init          stm32f4xx_dma.o
    0x08001d94   0x00000002   Code   RO          250    i.DebugMon_Handler  stm32f4xx_it.o
    0x08001d96   0x00000010   Code   RO          921    i.Delay             stm32f4_discovery_audio_codec.o
    0x08001da6   0x00000004   Code   RO          597    i.EVAL_AUDIO_GetSampleCallBack  waveplayer.o
    0x08001daa   0x00000028   Code   RO          923    i.EVAL_AUDIO_Init   stm32f4_discovery_audio_codec.o
    0x08001dd2   0x00000002   PAD
    0x08001dd4   0x00000084   Code   RO          925    i.EVAL_AUDIO_PauseResume  stm32f4_discovery_audio_codec.o
    0x08001e58   0x0000004c   Code   RO          926    i.EVAL_AUDIO_Play   stm32f4_discovery_audio_codec.o
    0x08001ea4   0x0000008c   Code   RO          927    i.EVAL_AUDIO_SetAudioInterface  stm32f4_discovery_audio_codec.o
    0x08001f30   0x00000078   Code   RO          928    i.EVAL_AUDIO_Stop   stm32f4_discovery_audio_codec.o
    0x08001fa8   0x00000014   Code   RO          599    i.EVAL_AUDIO_TransferComplete_CallBack  waveplayer.o
    0x08001fbc   0x00000044   Code   RO          251    i.EXTI0_IRQHandler  stm32f4xx_it.o
    0x08002000   0x00000034   Code   RO          252    i.EXTI1_IRQHandler  stm32f4xx_it.o
    0x08002034   0x00000074   Code   RO          600    i.EXTILine_Config   waveplayer.o
    0x080020a8   0x0000000c   Code   RO         1620    i.EXTI_ClearITPendingBit  stm32f4xx_exti.o
    0x080020b4   0x00000020   Code   RO         1624    i.EXTI_GetITStatus  stm32f4xx_exti.o
    0x080020d4   0x00000070   Code   RO         1625    i.EXTI_Init         stm32f4xx_exti.o
    0x08002144   0x000000a2   Code   RO         1868    i.GPIO_Init         stm32f4xx_gpio.o
    0x080021e6   0x00000020   Code   RO         1869    i.GPIO_PinAFConfig  stm32f4xx_gpio.o
    0x08002206   0x00000004   Code   RO         1875    i.GPIO_ResetBits    stm32f4xx_gpio.o
    0x0800220a   0x00000004   Code   RO         1876    i.GPIO_SetBits      stm32f4xx_gpio.o
    0x0800220e   0x0000000a   Code   RO         1880    i.GPIO_WriteBit     stm32f4xx_gpio.o
    0x08002218   0x00000002   Code   RO          253    i.HardFault_Handler  stm32f4xx_it.o
    0x0800221a   0x00000014   Code   RO         1962    i.I2C_AcknowledgeConfig  stm32f4xx_i2c.o
    0x0800222e   0x00000018   Code   RO         1964    i.I2C_CheckEvent    stm32f4xx_i2c.o
    0x08002246   0x00000006   Code   RO         1965    i.I2C_ClearFlag     stm32f4xx_i2c.o
    0x0800224c   0x00000014   Code   RO         1967    i.I2C_Cmd           stm32f4xx_i2c.o
    0x08002260   0x00000044   Code   RO         1970    i.I2C_DeInit        stm32f4xx_i2c.o
    0x080022a4   0x00000014   Code   RO         1974    i.I2C_GenerateSTART  stm32f4xx_i2c.o
    0x080022b8   0x00000014   Code   RO         1975    i.I2C_GenerateSTOP  stm32f4xx_i2c.o
    0x080022cc   0x0000002a   Code   RO         1976    i.I2C_GetFlagStatus  stm32f4xx_i2c.o
    0x080022f6   0x00000002   PAD
    0x080022f8   0x000000b8   Code   RO         1981    i.I2C_Init          stm32f4xx_i2c.o
    0x080023b0   0x00000006   Code   RO         1986    i.I2C_ReceiveData   stm32f4xx_i2c.o
    0x080023b6   0x00000010   Code   RO         1988    i.I2C_Send7bitAddress  stm32f4xx_i2c.o
    0x080023c6   0x00000004   Code   RO         1989    i.I2C_SendData      stm32f4xx_i2c.o
    0x080023ca   0x00000014   Code   RO         2445    i.I2S_Cmd           stm32f4xx_spi.o
    0x080023de   0x00000002   PAD
    0x080023e0   0x000000c8   Code   RO         2447    i.I2S_Init          stm32f4xx_spi.o
    0x080024a8   0x00000030   Code   RO          826    i.LIS302DL_Init     stm32f4_discovery_lis302dl.o
    0x080024d8   0x0000002e   Code   RO          827    i.LIS302DL_InterruptConfig  stm32f4_discovery_lis302dl.o
    0x08002506   0x00000002   PAD
    0x08002508   0x00000120   Code   RO          828    i.LIS302DL_LowLevel_Init  stm32f4_discovery_lis302dl.o
    0x08002628   0x0000004c   Code   RO          830    i.LIS302DL_Read     stm32f4_discovery_lis302dl.o
    0x08002674   0x00000060   Code   RO          833    i.LIS302DL_SendByte  stm32f4_discovery_lis302dl.o
    0x080026d4   0x00000002   Code   RO          601    i.LIS302DL_TIMEOUT_UserCallback  waveplayer.o
    0x080026d6   0x00000002   PAD
    0x080026d8   0x00000044   Code   RO          834    i.LIS302DL_Write    stm32f4_discovery_lis302dl.o
    0x0800271c   0x00000002   Code   RO          254    i.MemManage_Handler  stm32f4xx_it.o
    0x0800271e   0x000000bc   Code   RO          602    i.Mems_Config       waveplayer.o
    0x080027da   0x00000002   Code   RO          255    i.NMI_Handler       stm32f4xx_it.o
    0x080027dc   0x00000064   Code   RO         1105    i.NVIC_Init         misc.o
    0x08002840   0x00000014   Code   RO         1106    i.NVIC_PriorityGroupConfig  misc.o
    0x08002854   0x0000000c   Code   RO          256    i.OTG_FS_IRQHandler  stm32f4xx_it.o
    0x08002860   0x00000002   Code   RO          257    i.PendSV_Handler    stm32f4xx_it.o
    0x08002862   0x00000002   PAD
    0x08002864   0x00000018   Code   RO         2169    i.RCC_AHB1PeriphClockCmd  stm32f4xx_rcc.o
    0x0800287c   0x00000018   Code   RO         2178    i.RCC_APB1PeriphClockCmd  stm32f4xx_rcc.o
    0x08002894   0x00000018   Code   RO         2180    i.RCC_APB1PeriphResetCmd  stm32f4xx_rcc.o
    0x080028ac   0x00000018   Code   RO         2181    i.RCC_APB2PeriphClockCmd  stm32f4xx_rcc.o
    0x080028c4   0x00000018   Code   RO         2183    i.RCC_APB2PeriphResetCmd  stm32f4xx_rcc.o
    0x080028dc   0x00000090   Code   RO         2190    i.RCC_GetClocksFreq  stm32f4xx_rcc.o
    0x0800296c   0x00000050   Code   RO          722    i.SPI2_IRQHandler   waverecorder.o
    0x080029bc   0x00000040   Code   RO          930    i.SPI3_IRQHandler   stm32f4_discovery_audio_codec.o
    0x080029fc   0x00000014   Code   RO         2451    i.SPI_Cmd           stm32f4xx_spi.o
    0x08002a10   0x00000010   Code   RO         2457    i.SPI_I2S_DMACmd    stm32f4xx_spi.o
    0x08002a20   0x00000054   Code   RO         2458    i.SPI_I2S_DeInit    stm32f4xx_spi.o
    0x08002a74   0x0000000e   Code   RO         2459    i.SPI_I2S_GetFlagStatus  stm32f4xx_spi.o
    0x08002a82   0x0000002a   Code   RO         2460    i.SPI_I2S_GetITStatus  stm32f4xx_spi.o
    0x08002aac   0x00000018   Code   RO         2461    i.SPI_I2S_ITConfig  stm32f4xx_spi.o
    0x08002ac4   0x00000004   Code   RO         2462    i.SPI_I2S_ReceiveData  stm32f4xx_spi.o
    0x08002ac8   0x00000004   Code   RO         2463    i.SPI_I2S_SendData  stm32f4xx_spi.o
    0x08002acc   0x00000038   Code   RO         2464    i.SPI_Init          stm32f4xx_spi.o
    0x08002b04   0x00000048   Code   RO          772    i.STM_EVAL_LEDInit  stm32f4_discovery.o
    0x08002b4c   0x00000018   Code   RO          773    i.STM_EVAL_LEDOff   stm32f4_discovery.o
    0x08002b64   0x00000018   Code   RO          774    i.STM_EVAL_LEDOn    stm32f4_discovery.o
    0x08002b7c   0x0000001c   Code   RO          775    i.STM_EVAL_LEDToggle  stm32f4_discovery.o
    0x08002b98   0x00000002   Code   RO          258    i.SVC_Handler       stm32f4xx_it.o
    0x08002b9a   0x00000002   PAD
    0x08002b9c   0x00000030   Code   RO         1062    i.SYSCFG_EXTILineConfig  stm32f4xx_syscfg.o
    0x08002bcc   0x000000d8   Code   RO          347    i.SetSysClock       system_stm32f4xx.o
    0x08002ca4   0x00000020   Code   RO          259    i.SysTick_Handler   stm32f4xx_it.o
    0x08002cc4   0x00000050   Code   RO          349    i.SystemInit        system_stm32f4xx.o
    0x08002d14   0x00000004   Code   RO          260    i.TIM2_IRQHandler   stm32f4xx_it.o
    0x08002d18   0x000000d8   Code   RO          261    i.TIM4_IRQHandler   stm32f4xx_it.o
    0x08002df0   0x00000014   Code   RO         2607    i.TIM_ARRPreloadConfig  stm32f4xx_tim.o
    0x08002e04   0x00000006   Code   RO         2614    i.TIM_ClearITPendingBit  stm32f4xx_tim.o
    0x08002e0a   0x00000014   Code   RO         2619    i.TIM_Cmd           stm32f4xx_tim.o
    0x08002e1e   0x00000004   Code   RO         2634    i.TIM_GetCapture1   stm32f4xx_tim.o
    0x08002e22   0x00000018   Code   RO         2640    i.TIM_GetITStatus   stm32f4xx_tim.o
    0x08002e3a   0x00000010   Code   RO         2644    i.TIM_ITConfig      stm32f4xx_tim.o
    0x08002e4a   0x00000002   PAD
    0x08002e4c   0x000000bc   Code   RO          122    i.TIM_LED_Config    main.o
    0x08002f08   0x00000060   Code   RO         2648    i.TIM_OC1Init       stm32f4xx_tim.o
    0x08002f68   0x0000000c   Code   RO         2651    i.TIM_OC1PreloadConfig  stm32f4xx_tim.o
    0x08002f74   0x00000004   Code   RO         2681    i.TIM_SetCompare1   stm32f4xx_tim.o
    0x08002f78   0x0000007c   Code   RO         2691    i.TIM_TimeBaseInit  stm32f4xx_tim.o
    0x08002ff4   0x00000014   Code   RO          604    i.TimingDelay_Decrement  waveplayer.o
    0x08003008   0x000000a8   Code   RO         3329    i.USBH_OTG_ISR_Handler  usb_hcd_int.o
    0x080030b0   0x00000038   Code   RO          387    i.USB_OTG_BSP_TimerIRQ  usb_bsp.o
    0x080030e8   0x00000006   Code   RO          388    i.USB_OTG_BSP_mDelay  usb_bsp.o
    0x080030ee   0x0000002a   Code   RO         3165    i.USB_OTG_HC_DoPing  usb_core.o
    0x08003118   0x0000003c   Code   RO         3166    i.USB_OTG_HC_Halt   usb_core.o
    0x08003154   0x0000000c   Code   RO         3169    i.USB_OTG_InitFSLSPClkSel  usb_core.o
    0x08003160   0x0000000e   Code   RO         3172    i.USB_OTG_IsHostMode  usb_core.o
    0x0800316e   0x0000000a   Code   RO         3173    i.USB_OTG_ReadCoreItr  usb_core.o
    0x08003178   0x0000000c   Code   RO         3174    i.USB_OTG_ReadHPRT0  usb_core.o
    0x08003184   0x00000006   Code   RO         3175    i.USB_OTG_ReadHostAllChannels_intr  usb_core.o
    0x0800318a   0x00000020   Code   RO         3177    i.USB_OTG_ReadPacket  usb_core.o
    0x080031aa   0x0000002a   Code   RO         3178    i.USB_OTG_ResetPort  usb_core.o
    0x080031d4   0x0000002e   Code   RO         3330    i.USB_OTG_USBH_handle_Disconnect_ISR  usb_hcd_int.o
    0x08003202   0x00000046   Code   RO         3331    i.USB_OTG_USBH_handle_IncompletePeriodicXfer_ISR  usb_hcd_int.o
    0x08003248   0x00000056   Code   RO         3332    i.USB_OTG_USBH_handle_hc_ISR  usb_hcd_int.o
    0x0800329e   0x00000428   Code   RO         3333    i.USB_OTG_USBH_handle_hc_n_In_ISR  usb_hcd_int.o
    0x080036c6   0x00000388   Code   RO         3334    i.USB_OTG_USBH_handle_hc_n_Out_ISR  usb_hcd_int.o
    0x08003a4e   0x0000012c   Code   RO         3335    i.USB_OTG_USBH_handle_nptxfempty_ISR  usb_hcd_int.o
    0x08003b7a   0x00000118   Code   RO         3336    i.USB_OTG_USBH_handle_port_ISR  usb_hcd_int.o
    0x08003c92   0x0000012e   Code   RO         3337    i.USB_OTG_USBH_handle_ptxfempty_ISR  usb_hcd_int.o
    0x08003dc0   0x00000164   Code   RO         3338    i.USB_OTG_USBH_handle_rx_qlvl_ISR  usb_hcd_int.o
    0x08003f24   0x0000001c   Code   RO         3339    i.USB_OTG_USBH_handle_sof_ISR  usb_hcd_int.o
    0x08003f40   0x00000028   Code   RO         3182    i.USB_OTG_WritePacket  usb_core.o
    0x08003f68   0x00000002   Code   RO          262    i.UsageFault_Handler  stm32f4xx_it.o
    0x08003f6a   0x00000002   PAD
    0x08003f6c   0x00000070   Code   RO          605    i.WavePlayBack      waveplayer.o
    0x08003fdc   0x00000028   Code   RO          606    i.WavePlayerInit    waveplayer.o
    0x08004004   0x0000000e   Code   RO         4197    i.__scatterload_copy  mc_w.l(handlers.o)
    0x08004012   0x00000002   Code   RO         4198    i.__scatterload_null  mc_w.l(handlers.o)
    0x08004014   0x0000000e   Code   RO         4199    i.__scatterload_zeroinit  mc_w.l(handlers.o)
    0x08004022   0x00000002   PAD
    0x08004024   0x00000078   Code   RO          123    i.main              main.o
    0x0800409c   0x000f4f76   Data   RO            2    .constdata          audio_sample.o
    0x080f9012   0x00000002   PAD
    0x080f9014   0x00000024   Data   RO          778    .constdata          stm32f4_discovery.o
    0x080f9038   0x00000020   Data   RO         4195    Region$$Table       anon$$obj.o


    Execution Region RW_IRAM1 (Base: 0x20000000, Size: 0x00002750, Max: 0x00020000, ABSOLUTE, COMPRESSED[0x0000025c])

    Base Addr    Size         Type   Attr      Idx    E Section Name        Object

    0x20000000   0x00000004   Data   RW          127    .data               main.o
    0x20000004   0x00000008   Data   RW          263    .data               stm32f4xx_it.o
    0x2000000c   0x00000014   Data   RW          350    .data               system_stm32f4xx.o
    0x20000020   0x00000004   Data   RW          390    .data               usb_bsp.o
    0x20000024   0x00000002   Data   RW          476    .data               usbh_usr.o
    0x20000026   0x00000002   PAD
    0x20000028   0x00000020   Data   RW          615    .data               waveplayer.o
    0x20000048   0x00000004   Data   RW          616    .data               waveplayer.o
    0x2000004c   0x00000006   Data   RW          617    .data               waveplayer.o
    0x20000052   0x00000002   PAD
    0x20000054   0x0000002c   Data   RW          729    .data               waverecorder.o
    0x20000080   0x00000014   Data   RW          779    .data               stm32f4_discovery.o
    0x20000094   0x00000004   Data   RW          835    .data               stm32f4_discovery_lis302dl.o
    0x20000098   0x00000040   Data   RW          933    .data               stm32f4_discovery_audio_codec.o
    0x200000d8   0x00000010   Data   RW         2213    .data               stm32f4xx_rcc.o
    0x200000e8   0x00000304   Data   RW         4151    .data               libPDMFilter_Keil.lib(pdm_filter.o)
    0x200003ec   0x000004b0   Zero   RW          124    .bss                main.o
    0x2000089c   0x00000010   Zero   RW          126    .bss                main.o
    0x200008ac   0x00001a64   Zero   RW          728    .bss                waverecorder.o
    0x20002310   0x0000003c   Zero   RW          931    .bss                stm32f4_discovery_audio_codec.o
    0x2000234c   0x00000004   PAD
    0x20002350   0x00000400   Zero   RW         3147    STACK               startup_stm32f4xx.o


==============================================================================

Image component sizes


      Code (inc. data)   RO Data    RW Data    ZI Data      Debug   Object Name

         0          0    1003382          0          0     290111   audio_sample.o
       308         36          0          4       1216      56382   main.o
       120         14          0          0          0       1763   misc.o
        36          8        392          0       1024        924   startup_stm32f4xx.o
       148         34         36         20          0       3628   stm32f4_discovery.o
      2514        210          0         64         60      17862   stm32f4_discovery_audio_codec.o
       622         30          0          4          0       5262   stm32f4_discovery_lis302dl.o
        84         14          0          0          0       2707   stm32f4xx_dac.o
       550         48          0          0          0       6464   stm32f4xx_dma.o
       156         14          0          0          0       2520   stm32f4xx_exti.o
       212          0          0          0          0       3855   stm32f4xx_gpio.o
       430         22          0          0          0       8617   stm32f4xx_i2c.o
       400         52          0          8          0       7933   stm32f4xx_it.o
       264         42          0         16          0       6193   stm32f4xx_rcc.o
       484         22          0          0          0       8562   stm32f4xx_spi.o
        48          6          0          0          0        740   stm32f4xx_syscfg.o
       326         36          0          0          0       8349   stm32f4xx_tim.o
       296         44          0         20          0       1977   system_stm32f4xx.o
       204         10          0          4          0       3361   usb_bsp.o
       270          0          0          0          0       7503   usb_core.o
      3604          0          0          0          0      10831   usb_hcd_int.o
         0          0          0          2          0       5452   usbh_usr.o
       518         50          0         42          0       7658   waveplayer.o
        80         16          0         44       6756       2944   waverecorder.o

    ----------------------------------------------------------------------
     11698        708    1003844        232       9060     471598   Object Totals
         0          0         32          0          0          0   (incl. Generated)
        24          0          2          4          4          0   (incl. Padding)

    ----------------------------------------------------------------------

      Code (inc. data)   RO Data    RW Data    ZI Data      Debug   Library Member Name

      3068         54          0        772          0        268   pdm_filter.o
        86          0          0          0          0          0   __dczerorl2.o
         0          0          0          0          0          0   entry.o
         0          0          0          0          0          0   entry10a.o
         0          0          0          0          0          0   entry11a.o
         8          4          0          0          0          0   entry2.o
         4          0          0          0          0          0   entry5.o
         0          0          0          0          0          0   entry7b.o
         0          0          0          0          0          0   entry8b.o
         8          4          0          0          0          0   entry9a.o
        30          0          0          0          0          0   handlers.o
        36          8          0          0          0         68   init.o
         0          0          0          0          0          0   iusefp.o
        30          0          0          0          0         68   llshl.o
        36          0          0          0          0         68   llsshr.o
        32          0          0          0          0         68   llushr.o
       334          0          0          0          0        148   dadd.o
       222          0          0          0          0        100   ddiv.o
       186          0          0          0          0        176   depilogue.o
        50          0          0          0          0         76   dfixui.o
        26          0          0          0          0         76   dfltui.o
       228          0          0          0          0         96   dmul.o
        38          0          0          0          0         68   f2d.o
        24          0          0          0          0         68   fscalb.o

    ----------------------------------------------------------------------
      4450         70          0        772          0       1348   Library Totals
         4          0          0          0          0          0   (incl. Padding)

    ----------------------------------------------------------------------

      Code (inc. data)   RO Data    RW Data    ZI Data      Debug   Library Name

      3068         54          0        772          0        268   libPDMFilter_Keil.lib
       270         16          0          0          0        272   mc_w.l
      1108          0          0          0          0        808   mf_w.l

    ----------------------------------------------------------------------
      4450         70          0        772          0       1348   Library Totals

    ----------------------------------------------------------------------

==============================================================================


      Code (inc. data)   RO Data    RW Data    ZI Data      Debug   

     16148        778    1003844       1004       9060     465274   Grand Totals
     16148        778    1003844        604       9060     465274   ELF Image Totals (compressed)
     16148        778    1003844        604          0          0   ROM Totals

==============================================================================

    Total RO  Size (Code + RO Data)              1019992 ( 996.09kB)
    Total RW  Size (RW Data + ZI Data)             10064 (   9.83kB)
    Total ROM Size (Code + RO Data + RW Data)    1020596 ( 996.68kB)

==============================================================================

