Component: ARM Compiler 5.05 update 2 (build 169) Tool: armlink [4d0f33]

==============================================================================

Section Cross References

    system_stm32f4xx.o(i.SystemCoreClockUpdate) refers to system_stm32f4xx.o(.data) for .data
    system_stm32f4xx.o(i.SystemInit) refers to system_stm32f4xx.o(i.SetSysClock) for SetSysClock
    stm32f4_discovery.o(i.SD_LowLevel_DMA_RxConfig) refers to stm32f4xx_dma.o(i.DMA_ClearFlag) for DMA_ClearFlag
    stm32f4_discovery.o(i.SD_LowLevel_DMA_RxConfig) refers to stm32f4xx_dma.o(i.DMA_Cmd) for DMA_Cmd
    stm32f4_discovery.o(i.SD_LowLevel_DMA_RxConfig) refers to stm32f4xx_dma.o(i.DMA_DeInit) for DMA_DeInit
    stm32f4_discovery.o(i.SD_LowLevel_DMA_RxConfig) refers to stm32f4xx_dma.o(i.DMA_Init) for DMA_Init
    stm32f4_discovery.o(i.SD_LowLevel_DMA_RxConfig) refers to stm32f4xx_dma.o(i.DMA_ITConfig) for DMA_ITConfig
    stm32f4_discovery.o(i.SD_LowLevel_DMA_RxConfig) refers to stm32f4xx_dma.o(i.DMA_FlowControllerConfig) for DMA_FlowControllerConfig
    stm32f4_discovery.o(i.SD_LowLevel_DMA_TxConfig) refers to stm32f4xx_dma.o(i.DMA_ClearFlag) for DMA_ClearFlag
    stm32f4_discovery.o(i.SD_LowLevel_DMA_TxConfig) refers to stm32f4xx_dma.o(i.DMA_Cmd) for DMA_Cmd
    stm32f4_discovery.o(i.SD_LowLevel_DMA_TxConfig) refers to stm32f4xx_dma.o(i.DMA_DeInit) for DMA_DeInit
    stm32f4_discovery.o(i.SD_LowLevel_DMA_TxConfig) refers to stm32f4xx_dma.o(i.DMA_Init) for DMA_Init
    stm32f4_discovery.o(i.SD_LowLevel_DMA_TxConfig) refers to stm32f4xx_dma.o(i.DMA_ITConfig) for DMA_ITConfig
    stm32f4_discovery.o(i.SD_LowLevel_DMA_TxConfig) refers to stm32f4xx_dma.o(i.DMA_FlowControllerConfig) for DMA_FlowControllerConfig
    stm32f4_discovery.o(i.SD_LowLevel_DeInit) refers to stm32f4xx_sdio.o(i.SDIO_ClockCmd) for SDIO_ClockCmd
    stm32f4_discovery.o(i.SD_LowLevel_DeInit) refers to stm32f4xx_sdio.o(i.SDIO_SetPowerState) for SDIO_SetPowerState
    stm32f4_discovery.o(i.SD_LowLevel_DeInit) refers to stm32f4xx_sdio.o(i.SDIO_DeInit) for SDIO_DeInit
    stm32f4_discovery.o(i.SD_LowLevel_DeInit) refers to stm32f4xx_rcc.o(i.RCC_APB2PeriphClockCmd) for RCC_APB2PeriphClockCmd
    stm32f4_discovery.o(i.SD_LowLevel_DeInit) refers to stm32f4xx_gpio.o(i.GPIO_PinAFConfig) for GPIO_PinAFConfig
    stm32f4_discovery.o(i.SD_LowLevel_DeInit) refers to stm32f4xx_gpio.o(i.GPIO_Init) for GPIO_Init
    stm32f4_discovery.o(i.SD_LowLevel_Init) refers to stm32f4xx_rcc.o(i.RCC_AHB1PeriphClockCmd) for RCC_AHB1PeriphClockCmd
    stm32f4_discovery.o(i.SD_LowLevel_Init) refers to stm32f4xx_gpio.o(i.GPIO_PinAFConfig) for GPIO_PinAFConfig
    stm32f4_discovery.o(i.SD_LowLevel_Init) refers to stm32f4xx_gpio.o(i.GPIO_Init) for GPIO_Init
    stm32f4_discovery.o(i.SD_LowLevel_Init) refers to stm32f4xx_rcc.o(i.RCC_APB2PeriphClockCmd) for RCC_APB2PeriphClockCmd
    stm32f4_discovery.o(i.STM_EVAL_COMInit) refers to stm32f4xx_rcc.o(i.RCC_AHB1PeriphClockCmd) for RCC_AHB1PeriphClockCmd
    stm32f4_discovery.o(i.STM_EVAL_COMInit) refers to stm32f4xx_rcc.o(i.RCC_APB1PeriphClockCmd) for RCC_APB1PeriphClockCmd
    stm32f4_discovery.o(i.STM_EVAL_COMInit) refers to stm32f4xx_gpio.o(i.GPIO_PinAFConfig) for GPIO_PinAFConfig
    stm32f4_discovery.o(i.STM_EVAL_COMInit) refers to stm32f4xx_gpio.o(i.GPIO_Init) for GPIO_Init
    stm32f4_discovery.o(i.STM_EVAL_COMInit) refers to stm32f4xx_usart.o(i.USART_Init) for USART_Init
    stm32f4_discovery.o(i.STM_EVAL_COMInit) refers to stm32f4xx_usart.o(i.USART_Cmd) for USART_Cmd
    stm32f4_discovery.o(i.STM_EVAL_COMInit) refers to stm32f4_discovery.o(.constdata) for .constdata
    stm32f4_discovery.o(i.STM_EVAL_COMInit) refers to stm32f4_discovery.o(.data) for .data
    stm32f4_discovery.o(i.STM_EVAL_LEDInit) refers to stm32f4xx_rcc.o(i.RCC_AHB1PeriphClockCmd) for RCC_AHB1PeriphClockCmd
    stm32f4_discovery.o(i.STM_EVAL_LEDInit) refers to stm32f4xx_gpio.o(i.GPIO_Init) for GPIO_Init
    stm32f4_discovery.o(i.STM_EVAL_LEDInit) refers to stm32f4_discovery.o(.constdata) for .constdata
    stm32f4_discovery.o(i.STM_EVAL_LEDInit) refers to stm32f4_discovery.o(.data) for .data
    stm32f4_discovery.o(i.STM_EVAL_LEDOff) refers to stm32f4_discovery.o(.constdata) for .constdata
    stm32f4_discovery.o(i.STM_EVAL_LEDOff) refers to stm32f4_discovery.o(.data) for .data
    stm32f4_discovery.o(i.STM_EVAL_LEDOn) refers to stm32f4_discovery.o(.constdata) for .constdata
    stm32f4_discovery.o(i.STM_EVAL_LEDOn) refers to stm32f4_discovery.o(.data) for .data
    stm32f4_discovery.o(i.STM_EVAL_LEDToggle) refers to stm32f4_discovery.o(.data) for .data
    stm32f4_discovery.o(i.STM_EVAL_LEDToggle) refers to stm32f4_discovery.o(.constdata) for .constdata
    stm32f4_discovery.o(i.STM_EVAL_PBGetState) refers to stm32f4xx_gpio.o(i.GPIO_ReadInputDataBit) for GPIO_ReadInputDataBit
    stm32f4_discovery.o(i.STM_EVAL_PBGetState) refers to stm32f4_discovery.o(.constdata) for .constdata
    stm32f4_discovery.o(i.STM_EVAL_PBGetState) refers to stm32f4_discovery.o(.data) for .data
[...]
    ..\\..\\..\\Libraries\\STM32F4xx_StdPeriph_Driver\\src\\stm32f4xx_rcc.c 0x00000000   Number         0  stm32f4xx_rcc.o ABSOLUTE
    ..\\..\\..\\Libraries\\STM32F4xx_StdPeriph_Driver\\src\\stm32f4xx_rng.c 0x00000000   Number         0  stm32f4xx_rng.o ABSOLUTE
    ..\\..\\..\\Libraries\\STM32F4xx_StdPeriph_Driver\\src\\stm32f4xx_rtc.c 0x00000000   Number         0  stm32f4xx_rtc.o ABSOLUTE
    ..\\..\\..\\Libraries\\STM32F4xx_StdPeriph_Driver\\src\\stm32f4xx_sdio.c 0x00000000   Number         0  stm32f4xx_sdio.o ABSOLUTE
    ..\\..\\..\\Libraries\\STM32F4xx_StdPeriph_Driver\\src\\stm32f4xx_spi.c 0x00000000   Number         0  stm32f4xx_spi.o ABSOLUTE
    ..\\..\\..\\Libraries\\STM32F4xx_StdPeriph_Driver\\src\\stm32f4xx_syscfg.c 0x00000000   Number         0  stm32f4xx_syscfg.o ABSOLUTE
    ..\\..\\..\\Libraries\\STM32F4xx_StdPeriph_Driver\\src\\stm32f4xx_tim.c 0x00000000   Number         0  stm32f4xx_tim.o ABSOLUTE
    ..\\..\\..\\Libraries\\STM32F4xx_StdPeriph_Driver\\src\\stm32f4xx_usart.c 0x00000000   Number         0  stm32f4xx_usart.o ABSOLUTE
    ..\\..\\..\\Libraries\\STM32F4xx_StdPeriph_Driver\\src\\stm32f4xx_wwdg.c 0x00000000   Number         0  stm32f4xx_wwdg.o ABSOLUTE
    ..\\cc1101.c                             0x00000000   Number         0  cc1101.o ABSOLUTE
    ..\\main.c                               0x00000000   Number         0  main.o ABSOLUTE
    ..\\stm32f4_discovery.c                  0x00000000   Number         0  stm32f4_discovery.o ABSOLUTE
    ..\\stm32fxxx_it.c                       0x00000000   Number         0  stm32fxxx_it.o ABSOLUTE
    ..\\system_stm32f4xx.c                   0x00000000   Number         0  system_stm32f4xx.o ABSOLUTE
    ..\\usb_bsp.c                            0x00000000   Number         0  usb_bsp.o ABSOLUTE
    ..\\usb_core.c                           0x00000000   Number         0  usb_core.o ABSOLUTE
    ..\\usb_dcd.c                            0x00000000   Number         0  usb_dcd.o ABSOLUTE
    ..\\usb_dcd_int.c                        0x00000000   Number         0  usb_dcd_int.o ABSOLUTE
    ..\\usbd_cdc_core.c                      0x00000000   Number         0  usbd_cdc_core.o ABSOLUTE
    ..\\usbd_cdc_vcp.c                       0x00000000   Number         0  usbd_cdc_vcp.o ABSOLUTE
    ..\\usbd_core.c                          0x00000000   Number         0  usbd_core.o ABSOLUTE
    ..\\usbd_desc.c                          0x00000000   Number         0  usbd_desc.o ABSOLUTE
    ..\\usbd_ioreq.c                         0x00000000   Number         0  usbd_ioreq.o ABSOLUTE
    ..\\usbd_req.c                           0x00000000   Number         0  usbd_req.o ABSOLUTE
    ..\\usbd_usr.c                           0x00000000   Number         0  usbd_usr.o ABSOLUTE
    ..\cc1101.c                              0x00000000   Number         0  cc1101.o ABSOLUTE
    ..\main.c                                0x00000000   Number         0  main.o ABSOLUTE
    ..\startup_stm32f4xx.s                   0x00000000   Number         0  startup_stm32f4xx.o ABSOLUTE
    ..\stm32f4_discovery.c                   0x00000000   Number         0  stm32f4_discovery.o ABSOLUTE
    ..\stm32fxxx_it.c                        0x00000000   Number         0  stm32fxxx_it.o ABSOLUTE
    ..\system_stm32f4xx.c                    0x00000000   Number         0  system_stm32f4xx.o ABSOLUTE
    ..\usb_bsp.c                             0x00000000   Number         0  usb_bsp.o ABSOLUTE
    ..\usb_core.c                            0x00000000   Number         0  usb_core.o ABSOLUTE
    ..\usb_dcd.c                             0x00000000   Number         0  usb_dcd.o ABSOLUTE
    ..\usb_dcd_int.c                         0x00000000   Number         0  usb_dcd_int.o ABSOLUTE
    ..\usbd_cdc_core.c                       0x00000000   Number         0  usbd_cdc_core.o ABSOLUTE
    ..\usbd_cdc_vcp.c                        0x00000000   Number         0  usbd_cdc_vcp.o ABSOLUTE
    ..\usbd_core.c                           0x00000000   Number         0  usbd_core.o ABSOLUTE
    ..\usbd_desc.c                           0x00000000   Number         0  usbd_desc.o ABSOLUTE
    ..\usbd_ioreq.c                          0x00000000   Number         0  usbd_ioreq.o ABSOLUTE
    ..\usbd_req.c                            0x00000000   Number         0  usbd_req.o ABSOLUTE
    ..\usbd_usr.c                            0x00000000   Number         0  usbd_usr.o ABSOLUTE
    cdcmple.s                                0x00000000   Number         0  cdcmple.o ABSOLUTE
    dc.s                                     0x00000000   Number         0  dc.o ABSOLUTE
    handlers.s                               0x00000000   Number         0  handlers.o ABSOLUTE
    init.s                                   0x00000000   Number         0  init.o ABSOLUTE
    RESET                                    0x08000000   Section      392  startup_stm32f4xx.o(RESET)
    .ARM.Collect$$$$00000000                 0x08000188   Section        0  entry.o(.ARM.Collect$$$$00000000)
    .ARM.Collect$$$$00000001                 0x08000188   Section        4  entry2.o(.ARM.Collect$$$$00000001)
    .ARM.Collect$$$$00000004                 0x0800018c   Section        4  entry5.o(.ARM.Collect$$$$00000004)
    .ARM.Collect$$$$00000008                 0x08000190   Section        0  entry7b.o(.ARM.Collect$$$$00000008)
    .ARM.Collect$$$$0000000A                 0x08000190   Section        0  entry8b.o(.ARM.Collect$$$$0000000A)
    .ARM.Collect$$$$0000000B                 0x08000190   Section        8  entry9a.o(.ARM.Collect$$$$0000000B)
    .ARM.Collect$$$$0000000D                 0x08000198   Section        0  entry10a.o(.ARM.Collect$$$$0000000D)
    .ARM.Collect$$$$0000000F                 0x08000198   Section        0  entry11a.o(.ARM.Collect$$$$0000000F)
    .ARM.Collect$$$$00002712                 0x08000198   Section        4  entry2.o(.ARM.Collect$$$$00002712)
    __lit__00000000                          0x08000198   Data           4  entry2.o(.ARM.Collect$$$$00002712)
    .text                                    0x0800019c   Section       52  startup_stm32f4xx.o(.text)
    $v0                                      0x0800019c   Number         0  startup_stm32f4xx.o(.text)
    .text                                    0x080001d0   Section        0  f2d.o(.text)
    .text                                    0x080001f6   Section        0  d2f.o(.text)
    .text                                    0x0800022e   Section        0  iusefp.o(.text)
    .text                                    0x0800022e   Section        0  fepilogue.o(.text)
    .text                                    0x0800029c   Section        0  dadd.o(.text)
    .text                                    0x080003ea   Section        0  dmul.o(.text)
    .text                                    0x080004ce   Section        0  ddiv.o(.text)
    .text                                    0x080005ac   Section       36  init.o(.text)
    .text                                    0x080005d0   Section        0  llshl.o(.text)
    .text                                    0x080005ee   Section        0  llsshr.o(.text)
    .text                                    0x08000612   Section        0  depilogue.o(.text)
    .text                                    0x080006cc   Section        0  dsqrt.o(.text)
    .text                                    0x0800076e   Section        0  llushr.o(.text)
    .text                                    0x0800078e   Section        0  __dczerorl2.o(.text)
    i.ADC_Cmd                                0x080007e4   Section        0  stm32f4xx_adc.o(i.ADC_Cmd)
    i.ADC_CommonInit                         0x080007f8   Section        0  stm32f4xx_adc.o(i.ADC_CommonInit)
    i.ADC_DMACmd                             0x08000824   Section        0  stm32f4xx_adc.o(i.ADC_DMACmd)
    i.ADC_Init                               0x08000838   Section        0  stm32f4xx_adc.o(i.ADC_Init)
    i.ADC_MultiModeDMARequestAfterLastTransferCmd 0x08000884   Section        0  stm32f4xx_adc.o(i.ADC_MultiModeDMARequestAfterLastTransferCmd)
    i.ADC_RegularChannelConfig               0x080008a4   Section        0  stm32f4xx_adc.o(i.ADC_RegularChannelConfig)
    i.ADC_SoftwareStartConv                  0x08000918   Section        0  stm32f4xx_adc.o(i.ADC_SoftwareStartConv)
    i.AngleGt300                             0x08000924   Section        0  main.o(i.AngleGt300)
    i.Angle_Calculation                      0x08000950   Section        0  main.o(i.Angle_Calculation)
    i.Angle_Correction                       0x08000a08   Section        0  main.o(i.Angle_Correction)
    i.BusFault_Handler                       0x08000ab0   Section        0  stm32fxxx_it.o(i.BusFault_Handler)
    i.CC1101_Init                            0x08000ab4   Section        0  cc1101.o(i.CC1101_Init)
    i.CC1101_POWER_RESET                     0x08000b94   Section        0  cc1101.o(i.CC1101_POWER_RESET)
    i.CC1101_Send_Main                       0x08000c20   Section        0  cc1101.o(i.CC1101_Send_Main)
    i.Calculate_Average                      0x08000c5c   Section        0  main.o(i.Calculate_Average)
    i.Cross_Correlation                      0x08000c88   Section        0  main.o(i.Cross_Correlation)
    i.DCD_EP_ClrStall                        0x08000d40   Section        0  usb_dcd.o(i.DCD_EP_ClrStall)
    i.DCD_EP_Open                            0x08000d78   Section        0  usb_dcd.o(i.DCD_EP_Open)
    i.DCD_EP_PrepareRx                       0x08000db4   Section        0  usb_dcd.o(i.DCD_EP_PrepareRx)
    i.DCD_EP_SetAddress                      0x08000df8   Section        0  usb_dcd.o(i.DCD_EP_SetAddress)
    i.DCD_EP_Stall                           0x08000e08   Section        0  usb_dcd.o(i.DCD_EP_Stall)
    i.DCD_EP_Tx                              0x08000e40   Section        0  usb_dcd.o(i.DCD_EP_Tx)
    i.DCD_HandleInEP_ISR                     0x08000e80   Section        0  usb_dcd_int.o(i.DCD_HandleInEP_ISR)
    DCD_HandleInEP_ISR                       0x08000e81   Thumb Code   198  usb_dcd_int.o(i.DCD_HandleInEP_ISR)
    i.DCD_HandleOutEP_ISR                    0x08000f4c   Section        0  usb_dcd_int.o(i.DCD_HandleOutEP_ISR)
    DCD_HandleOutEP_ISR                      0x08000f4d   Thumb Code   166  usb_dcd_int.o(i.DCD_HandleOutEP_ISR)
    i.DCD_HandleRxStatusQueueLevel_ISR       0x08000ff8   Section        0  usb_dcd_int.o(i.DCD_HandleRxStatusQueueLevel_ISR)
    DCD_HandleRxStatusQueueLevel_ISR         0x08000ff9   Thumb Code   124  usb_dcd_int.o(i.DCD_HandleRxStatusQueueLevel_ISR)
    i.DCD_HandleUSBSuspend_ISR               0x08001074   Section        0  usb_dcd_int.o(i.DCD_HandleUSBSuspend_ISR)
    DCD_HandleUSBSuspend_ISR                 0x08001075   Thumb Code   102  usb_dcd_int.o(i.DCD_HandleUSBSuspend_ISR)
    i.DCD_HandleUsbReset_ISR                 0x080010e4   Section        0  usb_dcd_int.o(i.DCD_HandleUsbReset_ISR)
    DCD_HandleUsbReset_ISR                   0x080010e5   Thumb Code   128  usb_dcd_int.o(i.DCD_HandleUsbReset_ISR)
    i.DCD_WriteEmptyTxFifo                   0x08001168   Section        0  usb_dcd_int.o(i.DCD_WriteEmptyTxFifo)
    DCD_WriteEmptyTxFifo                     0x08001169   Thumb Code   126  usb_dcd_int.o(i.DCD_WriteEmptyTxFifo)
    i.DMA_Cmd                                0x080011e6   Section        0  stm32f4xx_dma.o(i.DMA_Cmd)
    i.DMA_Init                               0x080011fc   Section        0  stm32f4xx_dma.o(i.DMA_Init)
    i.DebugMon_Handler                       0x08001250   Section        0  stm32fxxx_it.o(i.DebugMon_Handler)
    i.Delay_1                                0x08001252   Section        0  cc1101.o(i.Delay_1)
    i.Disable_ADCs                           0x08001268   Section        0  main.o(i.Disable_ADCs)
    i.EXTI15_10_IRQHandler                   0x08001278   Section        0  main.o(i.EXTI15_10_IRQHandler)
    i.EXTI_ClearITPendingBit                 0x080012c8   Section        0  stm32f4xx_exti.o(i.EXTI_ClearITPendingBit)
    i.EXTI_GetITStatus                       0x080012d4   Section        0  stm32f4xx_exti.o(i.EXTI_GetITStatus)
    i.Enable_ADCs                            0x080012f4   Section        0  main.o(i.Enable_ADCs)
    i.Find_Region                            0x08001304   Section        0  main.o(i.Find_Region)
    i.GPIO_Config                            0x08001408   Section        0  main.o(i.GPIO_Config)
    GPIO_Config                              0x08001409   Thumb Code    98  main.o(i.GPIO_Config)
    i.GPIO_Init                              0x0800147c   Section        0  stm32f4xx_gpio.o(i.GPIO_Init)
    i.GPIO_PinAFConfig                       0x0800151e   Section        0  stm32f4xx_gpio.o(i.GPIO_PinAFConfig)
    i.GPIO_ReadInputDataBit                  0x0800153e   Section        0  stm32f4xx_gpio.o(i.GPIO_ReadInputDataBit)
    i.GPIO_ResetBits                         0x0800154c   Section        0  stm32f4xx_gpio.o(i.GPIO_ResetBits)
    i.GPIO_SetBits                           0x08001550   Section        0  stm32f4xx_gpio.o(i.GPIO_SetBits)
    i.Get_Adc_Value                          0x08001554   Section        0  main.o(i.Get_Adc_Value)
    i.Get_Signal                             0x08001580   Section        0  main.o(i.Get_Signal)
    i.HardFault_Handler                      0x08001694   Section        0  stm32fxxx_it.o(i.HardFault_Handler)
    i.INTTIM3_Config                         0x08001698   Section        0  main.o(i.INTTIM3_Config)
    i.Init_Recv_Node                         0x080016f4   Section        0  main.o(i.Init_Recv_Node)
    i.Make_Transmitter                       0x08001718   Section        0  main.o(i.Make_Transmitter)
    i.MemManage_Handler                      0x08001734   Section        0  stm32fxxx_it.o(i.MemManage_Handler)
    i.NMI_Handler                            0x08001736   Section        0  stm32fxxx_it.o(i.NMI_Handler)
    i.NVIC_Init                              0x08001738   Section        0  misc.o(i.NVIC_Init)
    i.Noise_Eval                             0x0800179c   Section        0  main.o(i.Noise_Eval)
    i.OTG_FS_IRQHandler                      0x080017d0   Section        0  stm32fxxx_it.o(i.OTG_FS_IRQHandler)
    i.OTG_FS_WKUP_IRQHandler                 0x080017dc   Section        0  stm32fxxx_it.o(i.OTG_FS_WKUP_IRQHandler)
    i.PendSV_Handler                         0x0800180c   Section        0  stm32fxxx_it.o(i.PendSV_Handler)
    i.RCC_AHB1PeriphClockCmd                 0x08001810   Section        0  stm32f4xx_rcc.o(i.RCC_AHB1PeriphClockCmd)
    i.RCC_APB1PeriphClockCmd                 0x08001828   Section        0  stm32f4xx_rcc.o(i.RCC_APB1PeriphClockCmd)
    i.RCC_APB2PeriphClockCmd                 0x08001840   Section        0  stm32f4xx_rcc.o(i.RCC_APB2PeriphClockCmd)
    i.RCC_GetClocksFreq                      0x08001858   Section        0  stm32f4xx_rcc.o(i.RCC_GetClocksFreq)
    i.Recieve                                0x080018e8   Section        0  cc1101.o(i.Recieve)
    i.SPI_Cmd                                0x080018f8   Section        0  stm32f4xx_spi.o(i.SPI_Cmd)
    i.SPI_FLASH_SendByte                     0x0800190c   Section        0  cc1101.o(i.SPI_FLASH_SendByte)
    i.SPI_I2S_GetFlagStatus                  0x08001960   Section        0  stm32f4xx_spi.o(i.SPI_I2S_GetFlagStatus)
    i.SPI_I2S_ReceiveData                    0x0800196e   Section        0  stm32f4xx_spi.o(i.SPI_I2S_ReceiveData)
    i.SPI_I2S_SendData                       0x08001972   Section        0  stm32f4xx_spi.o(i.SPI_I2S_SendData)
    i.SPI_Init                               0x08001976   Section        0  stm32f4xx_spi.o(i.SPI_Init)
    i.STM_EVAL_LEDInit                       0x080019b0   Section        0  stm32f4_discovery.o(i.STM_EVAL_LEDInit)
    i.STM_EVAL_LEDOn                         0x080019f8   Section        0  stm32f4_discovery.o(i.STM_EVAL_LEDOn)
    i.STM_EVAL_LEDToggle                     0x08001a10   Section        0  stm32f4_discovery.o(i.STM_EVAL_LEDToggle)
    i.SVC_Handler                            0x08001a2c   Section        0  stm32fxxx_it.o(i.SVC_Handler)
    i.SetSysClock                            0x08001a30   Section        0  system_stm32f4xx.o(i.SetSysClock)
    SetSysClock                              0x08001a31   Thumb Code   162  system_stm32f4xx.o(i.SetSysClock)
    i.Set_Threshold                          0x08001ae4   Section        0  main.o(i.Set_Threshold)
    i.Source_Angle                           0x08001b24   Section        0  main.o(i.Source_Angle)
    i.Start_Processing                       0x08001b50   Section        0  main.o(i.Start_Processing)
    i.Startup_Delay                          0x08001bb4   Section        0  main.o(i.Startup_Delay)
    i.Subtract_Mean                          0x08001bc4   Section        0  main.o(i.Subtract_Mean)
    i.SysTick_Handler                        0x08001c18   Section        0  stm32fxxx_it.o(i.SysTick_Handler)
    i.SystemInit                             0x08001c1c   Section        0  system_stm32f4xx.o(i.SystemInit)
    i.TIM3_IRQHandler                        0x08001c78   Section        0  main.o(i.TIM3_IRQHandler)
    i.TIM_ClearITPendingBit                  0x08001ca4   Section        0  stm32f4xx_tim.o(i.TIM_ClearITPendingBit)
    i.TIM_Cmd                                0x08001caa   Section        0  stm32f4xx_tim.o(i.TIM_Cmd)
    i.TIM_GetITStatus                        0x08001cbe   Section        0  stm32f4xx_tim.o(i.TIM_GetITStatus)
    i.TIM_ITConfig                           0x08001cd6   Section        0  stm32f4xx_tim.o(i.TIM_ITConfig)
    i.TIM_TimeBaseInit                       0x08001ce8   Section        0  stm32f4xx_tim.o(i.TIM_TimeBaseInit)
    i.USART2_IRQHandler                      0x08001d64   Section        0  usbd_cdc_vcp.o(i.USART2_IRQHandler)
    i.USART_Cmd                              0x08001d98   Section        0  stm32f4xx_usart.o(i.USART_Cmd)
    i.USART_GetFlagStatus                    0x08001dac   Section        0  stm32f4xx_usart.o(i.USART_GetFlagStatus)
    i.USART_GetITStatus                      0x08001dba   Section        0  stm32f4xx_usart.o(i.USART_GetITStatus)
    i.USART_ITConfig                         0x08001df8   Section        0  stm32f4xx_usart.o(i.USART_ITConfig)
    i.USART_Init                             0x08001e28   Section        0  stm32f4xx_usart.o(i.USART_Init)
    i.USART_ReceiveData                      0x08001ed4   Section        0  stm32f4xx_usart.o(i.USART_ReceiveData)
    i.USART_SendData                         0x08001edc   Section        0  stm32f4xx_usart.o(i.USART_SendData)
    i.USART_puts                             0x08001ee4   Section        0  main.o(i.USART_puts)
    i.USBD_ClrCfg                            0x08001ef6   Section        0  usbd_core.o(i.USBD_ClrCfg)
    i.USBD_CtlContinueRx                     0x08001f04   Section        0  usbd_ioreq.o(i.USBD_CtlContinueRx)
    i.USBD_CtlContinueSendData               0x08001f16   Section        0  usbd_ioreq.o(i.USBD_CtlContinueSendData)
    i.USBD_CtlError                          0x08001f28   Section        0  usbd_req.o(i.USBD_CtlError)
    i.USBD_CtlReceiveStatus                  0x08001f44   Section        0  usbd_ioreq.o(i.USBD_CtlReceiveStatus)
    i.USBD_CtlSendData                       0x08001f66   Section        0  usbd_ioreq.o(i.USBD_CtlSendData)
    i.USBD_CtlSendStatus                     0x08001f86   Section        0  usbd_ioreq.o(i.USBD_CtlSendStatus)
    i.USBD_DataInStage                       0x08001fa8   Section        0  usbd_core.o(i.USBD_DataInStage)
    USBD_DataInStage                         0x08001fa9   Thumb Code   172  usbd_core.o(i.USBD_DataInStage)
    i.USBD_DataOutStage                      0x08002058   Section        0  usbd_core.o(i.USBD_DataOutStage)
    USBD_DataOutStage                        0x08002059   Thumb Code   120  usbd_core.o(i.USBD_DataOutStage)
    i.USBD_DevConnected                      0x080020d0   Section        0  usbd_core.o(i.USBD_DevConnected)
    USBD_DevConnected                        0x080020d1   Thumb Code    22  usbd_core.o(i.USBD_DevConnected)
    i.USBD_DevDisconnected                   0x080020e6   Section        0  usbd_core.o(i.USBD_DevDisconnected)
    USBD_DevDisconnected                     0x080020e7   Thumb Code    32  usbd_core.o(i.USBD_DevDisconnected)
    i.USBD_GetDescriptor                     0x08002106   Section        0  usbd_req.o(i.USBD_GetDescriptor)
    USBD_GetDescriptor                       0x08002107   Thumb Code   206  usbd_req.o(i.USBD_GetDescriptor)
    i.USBD_IsoINIncomplete                   0x080021d4   Section        0  usbd_core.o(i.USBD_IsoINIncomplete)
    USBD_IsoINIncomplete                     0x080021d5   Thumb Code    14  usbd_core.o(i.USBD_IsoINIncomplete)
    i.USBD_IsoOUTIncomplete                  0x080021e2   Section        0  usbd_core.o(i.USBD_IsoOUTIncomplete)
    USBD_IsoOUTIncomplete                    0x080021e3   Thumb Code    14  usbd_core.o(i.USBD_IsoOUTIncomplete)
    i.USBD_OTG_ISR_Handler                   0x080021f0   Section        0  usb_dcd_int.o(i.USBD_OTG_ISR_Handler)
    i.USBD_ParseSetupRequest                 0x08002368   Section        0  usbd_req.o(i.USBD_ParseSetupRequest)
    i.USBD_Reset                             0x080023ac   Section        0  usbd_core.o(i.USBD_Reset)
    USBD_Reset                               0x080023ad   Thumb Code    46  usbd_core.o(i.USBD_Reset)
    i.USBD_Resume                            0x080023da   Section        0  usbd_core.o(i.USBD_Resume)
    USBD_Resume                              0x080023db   Thumb Code    22  usbd_core.o(i.USBD_Resume)
    i.USBD_SOF                               0x080023f0   Section        0  usbd_core.o(i.USBD_SOF)
    USBD_SOF                                 0x080023f1   Thumb Code    16  usbd_core.o(i.USBD_SOF)
    i.USBD_SetCfg                            0x08002400   Section        0  usbd_core.o(i.USBD_SetCfg)
    i.USBD_SetConfig                         0x0800241c   Section        0  usbd_req.o(i.USBD_SetConfig)
    USBD_SetConfig                           0x0800241d   Thumb Code   112  usbd_req.o(i.USBD_SetConfig)
    i.USBD_SetFeature                        0x08002490   Section        0  usbd_req.o(i.USBD_SetFeature)
    USBD_SetFeature                          0x08002491   Thumb Code   118  usbd_req.o(i.USBD_SetFeature)
    i.USBD_SetupStage                        0x0800250c   Section        0  usbd_core.o(i.USBD_SetupStage)
    USBD_SetupStage                          0x0800250d   Thumb Code    72  usbd_core.o(i.USBD_SetupStage)
    i.USBD_StdDevReq                         0x08002554   Section        0  usbd_req.o(i.USBD_StdDevReq)
    i.USBD_StdEPReq                          0x08002644   Section        0  usbd_req.o(i.USBD_StdEPReq)
    i.USBD_StdItfReq                         0x08002718   Section        0  usbd_req.o(i.USBD_StdItfReq)
    i.USBD_Suspend                           0x0800274e   Section        0  usbd_core.o(i.USBD_Suspend)
    USBD_Suspend                             0x0800274f   Thumb Code    28  usbd_core.o(i.USBD_Suspend)
    i.USB_OTG_BSP_uDelay                     0x0800276a   Section        0  usb_bsp.o(i.USB_OTG_BSP_uDelay)
    i.USB_OTG_EP0Activate                    0x08002780   Section        0  usb_core.o(i.USB_OTG_EP0Activate)
    i.USB_OTG_EP0StartXfer                   0x080027bc   Section        0  usb_core.o(i.USB_OTG_EP0StartXfer)
    i.USB_OTG_EP0_OutStart                   0x08002874   Section        0  usb_core.o(i.USB_OTG_EP0_OutStart)
    i.USB_OTG_EPActivate                     0x08002898   Section        0  usb_core.o(i.USB_OTG_EPActivate)
    i.USB_OTG_EPClearStall                   0x080028ea   Section        0  usb_core.o(i.USB_OTG_EPClearStall)
    i.USB_OTG_EPSetStall                     0x0800291c   Section        0  usb_core.o(i.USB_OTG_EPSetStall)
    i.USB_OTG_EPStartXfer                    0x0800294c   Section        0  usb_core.o(i.USB_OTG_EPStartXfer)
    i.USB_OTG_FlushTxFifo                    0x08002a6c   Section        0  usb_core.o(i.USB_OTG_FlushTxFifo)
    i.USB_OTG_GetDeviceSpeed                 0x08002aac   Section        0  usb_core.o(i.USB_OTG_GetDeviceSpeed)
    i.USB_OTG_IsDeviceMode                   0x08002ad2   Section        0  usb_core.o(i.USB_OTG_IsDeviceMode)
    i.USB_OTG_ReadCoreItr                    0x08002ae4   Section        0  usb_core.o(i.USB_OTG_ReadCoreItr)
    i.USB_OTG_ReadDevAllInEPItr              0x08002aee   Section        0  usb_core.o(i.USB_OTG_ReadDevAllInEPItr)
    i.USB_OTG_ReadDevAllOutEp_itr            0x08002afa   Section        0  usb_core.o(i.USB_OTG_ReadDevAllOutEp_itr)
    i.USB_OTG_ReadDevOutEP_itr               0x08002b06   Section        0  usb_core.o(i.USB_OTG_ReadDevOutEP_itr)
    i.USB_OTG_ReadPacket                     0x08002b16   Section        0  usb_core.o(i.USB_OTG_ReadPacket)
    i.USB_OTG_UngateClock                    0x08002b36   Section        0  usb_core.o(i.USB_OTG_UngateClock)
    i.USB_OTG_WritePacket                    0x08002b54   Section        0  usb_core.o(i.USB_OTG_WritePacket)
    i.UsageFault_Handler                     0x08002b7c   Section        0  stm32fxxx_it.o(i.UsageFault_Handler)
    i.VCP_DataTx                             0x08002b80   Section        0  usbd_cdc_vcp.o(i.VCP_DataTx)
    VCP_DataTx                               0x08002b81   Thumb Code    46  usbd_cdc_vcp.o(i.VCP_DataTx)
    i.__hardfp_acos                          0x08002bc0   Section        0  acos.o(i.__hardfp_acos)
    i.__kernel_poly                          0x08002f18   Section        0  poly.o(i.__kernel_poly)
    i.__mathlib_dbl_infnan                   0x08003010   Section        0  dunder.o(i.__mathlib_dbl_infnan)
    i.__mathlib_dbl_invalid                  0x08003028   Section        0  dunder.o(i.__mathlib_dbl_invalid)
    i.__scatterload_copy                     0x08003048   Section       14  handlers.o(i.__scatterload_copy)
    i.__scatterload_null                     0x08003056   Section        2  handlers.o(i.__scatterload_null)
    i.__scatterload_zeroinit                 0x08003058   Section       14  handlers.o(i.__scatterload_zeroinit)
    i.__set_errno                            0x08003068   Section        0  errno.o(i.__set_errno)
    i.adc_config                             0x08003074   Section        0  main.o(i.adc_config)
    i.flush                                  0x080031c4   Section        0  main.o(i.flush)
    i.getExtiFlag                            0x08003208   Section        0  cc1101.o(i.getExtiFlag)
    i.halRfReceivePacket                     0x08003214   Section        0  cc1101.o(i.halRfReceivePacket)
    i.halRfSendPacket                        0x08003270   Section        0  cc1101.o(i.halRfSendPacket)
    i.halRfWriteRfSettings                   0x080032c0   Section        0  cc1101.o(i.halRfWriteRfSettings)
    i.halSpiReadBurstReg                     0x08003428   Section        0  cc1101.o(i.halSpiReadBurstReg)
    i.halSpiReadStatus                       0x08003480   Section        0  cc1101.o(i.halSpiReadStatus)
    i.halSpiStrobe                           0x080034c4   Section        0  cc1101.o(i.halSpiStrobe)
    i.halSpiWriteBurstReg                    0x08003518   Section        0  cc1101.o(i.halSpiWriteBurstReg)
    i.halSpiWriteReg                         0x080035a8   Section        0  cc1101.o(i.halSpiWriteReg)
    i.init_USART2                            0x0800360c   Section        0  main.o(i.init_USART2)
    i.main                                   0x080036b8   Section        0  main.o(i.main)
    i.sqrt                                   0x080036d8   Section        0  sqrt.o(i.sqrt)
    .constdata                               0x08003748   Section       56  stm32f4_discovery.o(.constdata)
    .constdata                               0x08003780   Section       80  acos.o(.constdata)
    pS                                       0x08003780   Data          48  acos.o(.constdata)
    qS                                       0x080037b0   Data          32  acos.o(.constdata)
    .data                                    0x20000000   Section       32  stm32f4_discovery.o(.data)
    .data                                    0x20000020   Section      168  main.o(.data)
    .data                                    0x200000c8   Section       20  cc1101.o(.data)
    i                                        0x200000d0   Data           4  cc1101.o(.data)
    .data                                    0x200000dc   Section       16  stm32f4xx_rcc.o(.data)
    APBAHBPrescTable                         0x200000dc   Data          16  stm32f4xx_rcc.o(.data)
    .data                                    0x200000ec   Section       44  usbd_core.o(.data)
    .data                                    0x20000118   Section        4  usbd_core.o(.data)
    .data                                    0x2000011c   Section        4  usbd_core.o(.data)
    .data                                    0x20000120   Section       16  usbd_req.o(.data)
    cfgidx                                   0x20000120   Data           1  usbd_req.o(.data)
    .data                                    0x20000130   Section      107  usbd_cdc_core.o(.data)
    usbd_cdc_AltSet                          0x20000134   Data           4  usbd_cdc_core.o(.data)
    cdcCmd                                   0x20000144   Data           4  usbd_cdc_core.o(.data)
    cdcLen                                   0x20000148   Data           4  usbd_cdc_core.o(.data)
    FrameCount                               0x2000014c   Data           4  usbd_cdc_core.o(.data)
    .data                                    0x2000019c   Section        8  usbd_cdc_vcp.o(.data)
    .data                                    0x200001a4   Section        4  errno.o(.data)
    _errno                                   0x200001a4   Data           4  errno.o(.data)
    .bss                                     0x200001a8   Section     7520  main.o(.bss)
    .bss                                     0x20001f08   Section     1524  main.o(.bss)
    .bss                                     0x200024fc   Section        9  cc1101.o(.bss)
    .bss                                     0x20002505   Section     2112  usbd_cdc_core.o(.bss)
    STACK                                    0x20002d48   Section     1024  startup_stm32f4xx.o(STACK)

    Global Symbols

    Symbol Name                              Value     Ov Type        Size  Object(Section)

    BuildAttributes$$THM_ISAv4$E$P$D$K$B$S$7EM$VFPi3$EXTD16$VFPS$VFMA$PE$A:L22UL41UL21$X:L11$S22US41US21$IEEE1$IW$USESV6$~STKCKD$USESV7$~SHL$OTIME$ROPI$IEEEX$EBA8$MICROLIB$REQ8$PRES8$EABIv2 0x00000000   Number         0  anon$$obj.o ABSOLUTE
    __ARM_use_no_argv                        0x00000000   Number         0  main.o ABSOLUTE
    __cpp_initialize__aeabi_                  - Undefined Weak Reference
    __cxa_finalize                            - Undefined Weak Reference
    _clock_init                               - Undefined Weak Reference
    _microlib_exit                            - Undefined Weak Reference
    __Vectors_Size                           0x00000188   Number         0  startup_stm32f4xx.o ABSOLUTE
    __Vectors                                0x08000000   Data           4  startup_stm32f4xx.o(RESET)
    __Vectors_End                            0x08000188   Data           0  startup_stm32f4xx.o(RESET)
    __main                                   0x08000189   Thumb Code     0  entry.o(.ARM.Collect$$$$00000000)
    _main_stk                                0x08000189   Thumb Code     0  entry2.o(.ARM.Collect$$$$00000001)
    _main_scatterload                        0x0800018d   Thumb Code     0  entry5.o(.ARM.Collect$$$$00000004)
    __main_after_scatterload                 0x08000191   Thumb Code     0  entry5.o(.ARM.Collect$$$$00000004)
    _main_clock                              0x08000191   Thumb Code     0  entry7b.o(.ARM.Collect$$$$00000008)
    _main_cpp_init                           0x08000191   Thumb Code     0  entry8b.o(.ARM.Collect$$$$0000000A)
    _main_init                               0x08000191   Thumb Code     0  entry9a.o(.ARM.Collect$$$$0000000B)
    __rt_final_cpp                           0x08000199   Thumb Code     0  entry10a.o(.ARM.Collect$$$$0000000D)
    __rt_final_exit                          0x08000199   Thumb Code     0  entry11a.o(.ARM.Collect$$$$0000000F)
    Reset_Handler                            0x0800019d   Thumb Code    18  startup_stm32f4xx.o(.text)
    ADC_IRQHandler                           0x080001c3   Thumb Code     0  startup_stm32f4xx.o(.text)
    CAN1_RX0_IRQHandler                      0x080001c3   Thumb Code     0  startup_stm32f4xx.o(.text)
    CAN1_RX1_IRQHandler                      0x080001c3   Thumb Code     0  startup_stm32f4xx.o(.text)
    CAN1_SCE_IRQHandler                      0x080001c3   Thumb Code     0  startup_stm32f4xx.o(.text)
    CAN1_TX_IRQHandler                       0x080001c3   Thumb Code     0  startup_stm32f4xx.o(.text)
    CAN2_RX0_IRQHandler                      0x080001c3   Thumb Code     0  startup_stm32f4xx.o(.text)
    CAN2_RX1_IRQHandler                      0x080001c3   Thumb Code     0  startup_stm32f4xx.o(.text)
    CAN2_SCE_IRQHandler                      0x080001c3   Thumb Code     0  startup_stm32f4xx.o(.text)
    CAN2_TX_IRQHandler                       0x080001c3   Thumb Code     0  startup_stm32f4xx.o(.text)
    CRYP_IRQHandler                          0x080001c3   Thumb Code     0  startup_stm32f4xx.o(.text)
    DCMI_IRQHandler                          0x080001c3   Thumb Code     0  startup_stm32f4xx.o(.text)
    DMA1_Stream0_IRQHandler                  0x080001c3   Thumb Code     0  startup_stm32f4xx.o(.text)
    DMA1_Stream1_IRQHandler                  0x080001c3   Thumb Code     0  startup_stm32f4xx.o(.text)
    DMA1_Stream2_IRQHandler                  0x080001c3   Thumb Code     0  startup_stm32f4xx.o(.text)
    DMA1_Stream3_IRQHandler                  0x080001c3   Thumb Code     0  startup_stm32f4xx.o(.text)
    DMA1_Stream4_IRQHandler                  0x080001c3   Thumb Code     0  startup_stm32f4xx.o(.text)
    DMA1_Stream5_IRQHandler                  0x080001c3   Thumb Code     0  startup_stm32f4xx.o(.text)
    DMA1_Stream6_IRQHandler                  0x080001c3   Thumb Code     0  startup_stm32f4xx.o(.text)
    DMA1_Stream7_IRQHandler                  0x080001c3   Thumb Code     0  startup_stm32f4xx.o(.text)
    DMA2_Stream0_IRQHandler                  0x080001c3   Thumb Code     0  startup_stm32f4xx.o(.text)
    DMA2_Stream1_IRQHandler                  0x080001c3   Thumb Code     0  startup_stm32f4xx.o(.text)
    DMA2_Stream2_IRQHandler                  0x080001c3   Thumb Code     0  startup_stm32f4xx.o(.text)
    DMA2_Stream3_IRQHandler                  0x080001c3   Thumb Code     0  startup_stm32f4xx.o(.text)
    DMA2_Stream4_IRQHandler                  0x080001c3   Thumb Code     0  startup_stm32f4xx.o(.text)
    DMA2_Stream5_IRQHandler                  0x080001c3   Thumb Code     0  startup_stm32f4xx.o(.text)
    DMA2_Stream6_IRQHandler                  0x080001c3   Thumb Code     0  startup_stm32f4xx.o(.text)
    DMA2_Stream7_IRQHandler                  0x080001c3   Thumb Code     0  startup_stm32f4xx.o(.text)
    ETH_IRQHandler                           0x080001c3   Thumb Code     0  startup_stm32f4xx.o(.text)
    ETH_WKUP_IRQHandler                      0x080001c3   Thumb Code     0  startup_stm32f4xx.o(.text)
    EXTI0_IRQHandler                         0x080001c3   Thumb Code     0  startup_stm32f4xx.o(.text)
    EXTI1_IRQHandler                         0x080001c3   Thumb Code     0  startup_stm32f4xx.o(.text)
    EXTI2_IRQHandler                         0x080001c3   Thumb Code     0  startup_stm32f4xx.o(.text)
    EXTI3_IRQHandler                         0x080001c3   Thumb Code     0  startup_stm32f4xx.o(.text)
    EXTI4_IRQHandler                         0x080001c3   Thumb Code     0  startup_stm32f4xx.o(.text)
    EXTI9_5_IRQHandler                       0x080001c3   Thumb Code     0  startup_stm32f4xx.o(.text)
    FLASH_IRQHandler                         0x080001c3   Thumb Code     0  startup_stm32f4xx.o(.text)
    FPU_IRQHandler                           0x080001c3   Thumb Code     0  startup_stm32f4xx.o(.text)
    FSMC_IRQHandler                          0x080001c3   Thumb Code     0  startup_stm32f4xx.o(.text)
    HASH_RNG_IRQHandler                      0x080001c3   Thumb Code     0  startup_stm32f4xx.o(.text)
    I2C1_ER_IRQHandler                       0x080001c3   Thumb Code     0  startup_stm32f4xx.o(.text)
    I2C1_EV_IRQHandler                       0x080001c3   Thumb Code     0  startup_stm32f4xx.o(.text)
    I2C2_ER_IRQHandler                       0x080001c3   Thumb Code     0  startup_stm32f4xx.o(.text)
    I2C2_EV_IRQHandler                       0x080001c3   Thumb Code     0  startup_stm32f4xx.o(.text)
    I2C3_ER_IRQHandler                       0x080001c3   Thumb Code     0  startup_stm32f4xx.o(.text)
    I2C3_EV_IRQHandler                       0x080001c3   Thumb Code     0  startup_stm32f4xx.o(.text)
    OTG_HS_EP1_IN_IRQHandler                 0x080001c3   Thumb Code     0  startup_stm32f4xx.o(.text)
    OTG_HS_EP1_OUT_IRQHandler                0x080001c3   Thumb Code     0  startup_stm32f4xx.o(.text)
    OTG_HS_IRQHandler                        0x080001c3   Thumb Code     0  startup_stm32f4xx.o(.text)
    OTG_HS_WKUP_IRQHandler                   0x080001c3   Thumb Code     0  startup_stm32f4xx.o(.text)
    PVD_IRQHandler                           0x080001c3   Thumb Code     0  startup_stm32f4xx.o(.text)
    RCC_IRQHandler                           0x080001c3   Thumb Code     0  startup_stm32f4xx.o(.text)
    RTC_Alarm_IRQHandler                     0x080001c3   Thumb Code     0  startup_stm32f4xx.o(.text)
    RTC_WKUP_IRQHandler                      0x080001c3   Thumb Code     0  startup_stm32f4xx.o(.text)
    SDIO_IRQHandler                          0x080001c3   Thumb Code     0  startup_stm32f4xx.o(.text)
    SPI1_IRQHandler                          0x080001c3   Thumb Code     0  startup_stm32f4xx.o(.text)
    SPI2_IRQHandler                          0x080001c3   Thumb Code     0  startup_stm32f4xx.o(.text)
    SPI3_IRQHandler                          0x080001c3   Thumb Code     0  startup_stm32f4xx.o(.text)
    TAMP_STAMP_IRQHandler                    0x080001c3   Thumb Code     0  startup_stm32f4xx.o(.text)
    TIM1_BRK_TIM9_IRQHandler                 0x080001c3   Thumb Code     0  startup_stm32f4xx.o(.text)
    TIM1_CC_IRQHandler                       0x080001c3   Thumb Code     0  startup_stm32f4xx.o(.text)
    TIM1_TRG_COM_TIM11_IRQHandler            0x080001c3   Thumb Code     0  startup_stm32f4xx.o(.text)
    TIM1_UP_TIM10_IRQHandler                 0x080001c3   Thumb Code     0  startup_stm32f4xx.o(.text)
    TIM2_IRQHandler                          0x080001c3   Thumb Code     0  startup_stm32f4xx.o(.text)
    TIM4_IRQHandler                          0x080001c3   Thumb Code     0  startup_stm32f4xx.o(.text)
    TIM5_IRQHandler                          0x080001c3   Thumb Code     0  startup_stm32f4xx.o(.text)
    TIM6_DAC_IRQHandler                      0x080001c3   Thumb Code     0  startup_stm32f4xx.o(.text)
    TIM7_IRQHandler                          0x080001c3   Thumb Code     0  startup_stm32f4xx.o(.text)
    TIM8_BRK_TIM12_IRQHandler                0x080001c3   Thumb Code     0  startup_stm32f4xx.o(.text)
    TIM8_CC_IRQHandler                       0x080001c3   Thumb Code     0  startup_stm32f4xx.o(.text)
    TIM8_TRG_COM_TIM14_IRQHandler            0x080001c3   Thumb Code     0  startup_stm32f4xx.o(.text)
    TIM8_UP_TIM13_IRQHandler                 0x080001c3   Thumb Code     0  startup_stm32f4xx.o(.text)
    UART4_IRQHandler                         0x080001c3   Thumb Code     0  startup_stm32f4xx.o(.text)
    UART5_IRQHandler                         0x080001c3   Thumb Code     0  startup_stm32f4xx.o(.text)
    USART1_IRQHandler                        0x080001c3   Thumb Code     0  startup_stm32f4xx.o(.text)
    USART3_IRQHandler                        0x080001c3   Thumb Code     0  startup_stm32f4xx.o(.text)
    USART6_IRQHandler                        0x080001c3   Thumb Code     0  startup_stm32f4xx.o(.text)
    WWDG_IRQHandler                          0x080001c3   Thumb Code     0  startup_stm32f4xx.o(.text)
    __aeabi_f2d                              0x080001d1   Thumb Code    38  f2d.o(.text)
    __aeabi_d2f                              0x080001f7   Thumb Code    56  d2f.o(.text)
    __I$use$fp                               0x0800022f   Thumb Code     0  iusefp.o(.text)
    _float_round                             0x0800022f   Thumb Code    18  fepilogue.o(.text)
    _float_epilogue                          0x08000241   Thumb Code    92  fepilogue.o(.text)
    __aeabi_dadd                             0x0800029d   Thumb Code   322  dadd.o(.text)
    __aeabi_dsub                             0x080003df   Thumb Code     6  dadd.o(.text)
    __aeabi_drsub                            0x080003e5   Thumb Code     6  dadd.o(.text)
    __aeabi_dmul                             0x080003eb   Thumb Code   228  dmul.o(.text)
    __aeabi_ddiv                             0x080004cf   Thumb Code   222  ddiv.o(.text)
    __scatterload                            0x080005ad   Thumb Code    28  init.o(.text)
    __scatterload_rt2                        0x080005ad   Thumb Code     0  init.o(.text)
    __aeabi_llsl                             0x080005d1   Thumb Code    30  llshl.o(.text)
    _ll_shift_l                              0x080005d1   Thumb Code     0  llshl.o(.text)
    __aeabi_lasr                             0x080005ef   Thumb Code    36  llsshr.o(.text)
    _ll_sshift_r                             0x080005ef   Thumb Code     0  llsshr.o(.text)
    _double_round                            0x08000613   Thumb Code    30  depilogue.o(.text)
    _double_epilogue                         0x08000631   Thumb Code   156  depilogue.o(.text)
    _dsqrt                                   0x080006cd   Thumb Code   162  dsqrt.o(.text)
    __aeabi_llsr                             0x0800076f   Thumb Code    32  llushr.o(.text)
    _ll_ushift_r                             0x0800076f   Thumb Code     0  llushr.o(.text)
    __decompress                             0x0800078f   Thumb Code     0  __dczerorl2.o(.text)
    __decompress1                            0x0800078f   Thumb Code    86  __dczerorl2.o(.text)
    ADC_Cmd                                  0x080007e5   Thumb Code    20  stm32f4xx_adc.o(i.ADC_Cmd)
    ADC_CommonInit                           0x080007f9   Thumb Code    34  stm32f4xx_adc.o(i.ADC_CommonInit)
    ADC_DMACmd                               0x08000825   Thumb Code    20  stm32f4xx_adc.o(i.ADC_DMACmd)
    ADC_Init                                 0x08000839   Thumb Code    66  stm32f4xx_adc.o(i.ADC_Init)
    ADC_MultiModeDMARequestAfterLastTransferCmd 0x08000885   Thumb Code    26  stm32f4xx_adc.o(i.ADC_MultiModeDMARequestAfterLastTransferCmd)
    ADC_RegularChannelConfig                 0x080008a5   Thumb Code   116  stm32f4xx_adc.o(i.ADC_RegularChannelConfig)
    ADC_SoftwareStartConv                    0x08000919   Thumb Code    10  stm32f4xx_adc.o(i.ADC_SoftwareStartConv)
    AngleGt300                               0x08000925   Thumb Code    30  main.o(i.AngleGt300)
    Angle_Calculation                        0x08000951   Thumb Code   172  main.o(i.Angle_Calculation)
    Angle_Correction                         0x08000a09   Thumb Code   154  main.o(i.Angle_Correction)
    BusFault_Handler                         0x08000ab1   Thumb Code     2  stm32fxxx_it.o(i.BusFault_Handler)
    CC1101_Init                              0x08000ab5   Thumb Code   206  cc1101.o(i.CC1101_Init)
    CC1101_POWER_RESET                       0x08000b95   Thumb Code   132  cc1101.o(i.CC1101_POWER_RESET)
    CC1101_Send_Main                         0x08000c21   Thumb Code    56  cc1101.o(i.CC1101_Send_Main)
    Calculate_Average                        0x08000c5d   Thumb Code    38  main.o(i.Calculate_Average)
    Cross_Correlation                        0x08000c89   Thumb Code   176  main.o(i.Cross_Correlation)
    DCD_EP_ClrStall                          0x08000d41   Thumb Code    56  usb_dcd.o(i.DCD_EP_ClrStall)
    DCD_EP_Open                              0x08000d79   Thumb Code    60  usb_dcd.o(i.DCD_EP_Open)
    DCD_EP_PrepareRx                         0x08000db5   Thumb Code    68  usb_dcd.o(i.DCD_EP_PrepareRx)
    DCD_EP_SetAddress                        0x08000df9   Thumb Code    16  usb_dcd.o(i.DCD_EP_SetAddress)
    DCD_EP_Stall                             0x08000e09   Thumb Code    56  usb_dcd.o(i.DCD_EP_Stall)
    DCD_EP_Tx                                0x08000e41   Thumb Code    62  usb_dcd.o(i.DCD_EP_Tx)
    DMA_Cmd                                  0x080011e7   Thumb Code    20  stm32f4xx_dma.o(i.DMA_Cmd)
    DMA_Init                                 0x080011fd   Thumb Code    80  stm32f4xx_dma.o(i.DMA_Init)
    DebugMon_Handler                         0x08001251   Thumb Code     2  stm32fxxx_it.o(i.DebugMon_Handler)
    Delay_1                                  0x08001253   Thumb Code    20  cc1101.o(i.Delay_1)
    Disable_ADCs                             0x08001269   Thumb Code    10  main.o(i.Disable_ADCs)
    EXTI15_10_IRQHandler                     0x08001279   Thumb Code    76  main.o(i.EXTI15_10_IRQHandler)
    EXTI_ClearITPendingBit                   0x080012c9   Thumb Code     6  stm32f4xx_exti.o(i.EXTI_ClearITPendingBit)
    EXTI_GetITStatus                         0x080012d5   Thumb Code    28  stm32f4xx_exti.o(i.EXTI_GetITStatus)
    Enable_ADCs                              0x080012f5   Thumb Code    10  main.o(i.Enable_ADCs)
    Find_Region                              0x08001305   Thumb Code   222  main.o(i.Find_Region)
    GPIO_Init                                0x0800147d   Thumb Code   162  stm32f4xx_gpio.o(i.GPIO_Init)
    GPIO_PinAFConfig                         0x0800151f   Thumb Code    32  stm32f4xx_gpio.o(i.GPIO_PinAFConfig)
    GPIO_ReadInputDataBit                    0x0800153f   Thumb Code    14  stm32f4xx_gpio.o(i.GPIO_ReadInputDataBit)
    GPIO_ResetBits                           0x0800154d   Thumb Code     4  stm32f4xx_gpio.o(i.GPIO_ResetBits)
    GPIO_SetBits                             0x08001551   Thumb Code     4  stm32f4xx_gpio.o(i.GPIO_SetBits)
    Get_Adc_Value                            0x08001555   Thumb Code    38  main.o(i.Get_Adc_Value)
    Get_Signal                               0x08001581   Thumb Code   252  main.o(i.Get_Signal)
    HardFault_Handler                        0x08001695   Thumb Code     2  stm32fxxx_it.o(i.HardFault_Handler)
    INTTIM3_Config                           0x08001699   Thumb Code    82  main.o(i.INTTIM3_Config)
    Init_Recv_Node                           0x080016f5   Thumb Code    36  main.o(i.Init_Recv_Node)
    Make_Transmitter                         0x08001719   Thumb Code    22  main.o(i.Make_Transmitter)
    MemManage_Handler                        0x08001735   Thumb Code     2  stm32fxxx_it.o(i.MemManage_Handler)
    NMI_Handler                              0x08001737   Thumb Code     2  stm32fxxx_it.o(i.NMI_Handler)
    NVIC_Init                                0x08001739   Thumb Code    96  misc.o(i.NVIC_Init)
    Noise_Eval                               0x0800179d   Thumb Code    46  main.o(i.Noise_Eval)
    OTG_FS_IRQHandler                        0x080017d1   Thumb Code     6  stm32fxxx_it.o(i.OTG_FS_IRQHandler)
    OTG_FS_WKUP_IRQHandler                   0x080017dd   Thumb Code    40  stm32fxxx_it.o(i.OTG_FS_WKUP_IRQHandler)
    PendSV_Handler                           0x0800180d   Thumb Code     2  stm32fxxx_it.o(i.PendSV_Handler)
    RCC_AHB1PeriphClockCmd                   0x08001811   Thumb Code    18  stm32f4xx_rcc.o(i.RCC_AHB1PeriphClockCmd)
    RCC_APB1PeriphClockCmd                   0x08001829   Thumb Code    18  stm32f4xx_rcc.o(i.RCC_APB1PeriphClockCmd)
    RCC_APB2PeriphClockCmd                   0x08001841   Thumb Code    18  stm32f4xx_rcc.o(i.RCC_APB2PeriphClockCmd)
    RCC_GetClocksFreq                        0x08001859   Thumb Code   132  stm32f4xx_rcc.o(i.RCC_GetClocksFreq)
    Recieve                                  0x080018e9   Thumb Code     8  cc1101.o(i.Recieve)
    SPI_Cmd                                  0x080018f9   Thumb Code    20  stm32f4xx_spi.o(i.SPI_Cmd)
    SPI_FLASH_SendByte                       0x0800190d   Thumb Code    80  cc1101.o(i.SPI_FLASH_SendByte)
    SPI_I2S_GetFlagStatus                    0x08001961   Thumb Code    14  stm32f4xx_spi.o(i.SPI_I2S_GetFlagStatus)
    SPI_I2S_ReceiveData                      0x0800196f   Thumb Code     4  stm32f4xx_spi.o(i.SPI_I2S_ReceiveData)
    SPI_I2S_SendData                         0x08001973   Thumb Code     4  stm32f4xx_spi.o(i.SPI_I2S_SendData)
    SPI_Init                                 0x08001977   Thumb Code    56  stm32f4xx_spi.o(i.SPI_Init)
    STM_EVAL_LEDInit                         0x080019b1   Thumb Code    62  stm32f4_discovery.o(i.STM_EVAL_LEDInit)
    STM_EVAL_LEDOn                           0x080019f9   Thumb Code    16  stm32f4_discovery.o(i.STM_EVAL_LEDOn)
    STM_EVAL_LEDToggle                       0x08001a11   Thumb Code    20  stm32f4_discovery.o(i.STM_EVAL_LEDToggle)
    SVC_Handler                              0x08001a2d   Thumb Code     2  stm32fxxx_it.o(i.SVC_Handler)
    Set_Threshold                            0x08001ae5   Thumb Code    60  main.o(i.Set_Threshold)
    Source_Angle                             0x08001b25   Thumb Code    38  main.o(i.Source_Angle)
    Start_Processing                         0x08001b51   Thumb Code    90  main.o(i.Start_Processing)
    Startup_Delay                            0x08001bb5   Thumb Code    10  main.o(i.Startup_Delay)
    Subtract_Mean                            0x08001bc5   Thumb Code    74  main.o(i.Subtract_Mean)
    SysTick_Handler                          0x08001c19   Thumb Code     2  stm32fxxx_it.o(i.SysTick_Handler)
    SystemInit                               0x08001c1d   Thumb Code    74  system_stm32f4xx.o(i.SystemInit)
    TIM3_IRQHandler                          0x08001c79   Thumb Code    38  main.o(i.TIM3_IRQHandler)
    TIM_ClearITPendingBit                    0x08001ca5   Thumb Code     6  stm32f4xx_tim.o(i.TIM_ClearITPendingBit)
    TIM_Cmd                                  0x08001cab   Thumb Code    20  stm32f4xx_tim.o(i.TIM_Cmd)
    TIM_GetITStatus                          0x08001cbf   Thumb Code    24  stm32f4xx_tim.o(i.TIM_GetITStatus)
    TIM_ITConfig                             0x08001cd7   Thumb Code    16  stm32f4xx_tim.o(i.TIM_ITConfig)
    TIM_TimeBaseInit                         0x08001ce9   Thumb Code    96  stm32f4xx_tim.o(i.TIM_TimeBaseInit)
    USART2_IRQHandler                        0x08001d65   Thumb Code    48  usbd_cdc_vcp.o(i.USART2_IRQHandler)
    USART_Cmd                                0x08001d99   Thumb Code    20  stm32f4xx_usart.o(i.USART_Cmd)
    USART_GetFlagStatus                      0x08001dad   Thumb Code    14  stm32f4xx_usart.o(i.USART_GetFlagStatus)
    USART_GetITStatus                        0x08001dbb   Thumb Code    62  stm32f4xx_usart.o(i.USART_GetITStatus)
    USART_ITConfig                           0x08001df9   Thumb Code    48  stm32f4xx_usart.o(i.USART_ITConfig)
    USART_Init                               0x08001e29   Thumb Code   164  stm32f4xx_usart.o(i.USART_Init)
    USART_ReceiveData                        0x08001ed5   Thumb Code     8  stm32f4xx_usart.o(i.USART_ReceiveData)
    USART_SendData                           0x08001edd   Thumb Code     8  stm32f4xx_usart.o(i.USART_SendData)
    USART_puts                               0x08001ee5   Thumb Code    18  main.o(i.USART_puts)
    USBD_ClrCfg                              0x08001ef7   Thumb Code    14  usbd_core.o(i.USBD_ClrCfg)
    USBD_CtlContinueRx                       0x08001f05   Thumb Code    18  usbd_ioreq.o(i.USBD_CtlContinueRx)
    USBD_CtlContinueSendData                 0x08001f17   Thumb Code    18  usbd_ioreq.o(i.USBD_CtlContinueSendData)
    USBD_CtlError                            0x08001f29   Thumb Code    28  usbd_req.o(i.USBD_CtlError)
    USBD_CtlReceiveStatus                    0x08001f45   Thumb Code    34  usbd_ioreq.o(i.USBD_CtlReceiveStatus)
    USBD_CtlSendData                         0x08001f67   Thumb Code    32  usbd_ioreq.o(i.USBD_CtlSendData)
    USBD_CtlSendStatus                       0x08001f87   Thumb Code    34  usbd_ioreq.o(i.USBD_CtlSendStatus)
    USBD_OTG_ISR_Handler                     0x080021f1   Thumb Code   370  usb_dcd_int.o(i.USBD_OTG_ISR_Handler)
    USBD_ParseSetupRequest                   0x08002369   Thumb Code    68  usbd_req.o(i.USBD_ParseSetupRequest)
    USBD_SetCfg                              0x08002401   Thumb Code    26  usbd_core.o(i.USBD_SetCfg)
    USBD_StdDevReq                           0x08002555   Thumb Code   236  usbd_req.o(i.USBD_StdDevReq)
    USBD_StdEPReq                            0x08002645   Thumb Code   208  usbd_req.o(i.USBD_StdEPReq)
    USBD_StdItfReq                           0x08002719   Thumb Code    54  usbd_req.o(i.USBD_StdItfReq)
    USB_OTG_BSP_uDelay                       0x0800276b   Thumb Code    22  usb_bsp.o(i.USB_OTG_BSP_uDelay)
    USB_OTG_EP0Activate                      0x08002781   Thumb Code    58  usb_core.o(i.USB_OTG_EP0Activate)
    USB_OTG_EP0StartXfer                     0x080027bd   Thumb Code   182  usb_core.o(i.USB_OTG_EP0StartXfer)
    USB_OTG_EP0_OutStart                     0x08002875   Thumb Code    32  usb_core.o(i.USB_OTG_EP0_OutStart)
    USB_OTG_EPActivate                       0x08002899   Thumb Code    82  usb_core.o(i.USB_OTG_EPActivate)
    USB_OTG_EPClearStall                     0x080028eb   Thumb Code    50  usb_core.o(i.USB_OTG_EPClearStall)
    USB_OTG_EPSetStall                       0x0800291d   Thumb Code    48  usb_core.o(i.USB_OTG_EPSetStall)
    USB_OTG_EPStartXfer                      0x0800294d   Thumb Code   288  usb_core.o(i.USB_OTG_EPStartXfer)
    USB_OTG_FlushTxFifo                      0x08002a6d   Thumb Code    60  usb_core.o(i.USB_OTG_FlushTxFifo)
    USB_OTG_GetDeviceSpeed                   0x08002aad   Thumb Code    38  usb_core.o(i.USB_OTG_GetDeviceSpeed)
    USB_OTG_IsDeviceMode                     0x08002ad3   Thumb Code    18  usb_core.o(i.USB_OTG_IsDeviceMode)
    USB_OTG_ReadCoreItr                      0x08002ae5   Thumb Code    10  usb_core.o(i.USB_OTG_ReadCoreItr)
    USB_OTG_ReadDevAllInEPItr                0x08002aef   Thumb Code    12  usb_core.o(i.USB_OTG_ReadDevAllInEPItr)
    USB_OTG_ReadDevAllOutEp_itr              0x08002afb   Thumb Code    12  usb_core.o(i.USB_OTG_ReadDevAllOutEp_itr)
    USB_OTG_ReadDevOutEP_itr                 0x08002b07   Thumb Code    16  usb_core.o(i.USB_OTG_ReadDevOutEP_itr)
    USB_OTG_ReadPacket                       0x08002b17   Thumb Code    32  usb_core.o(i.USB_OTG_ReadPacket)
    USB_OTG_UngateClock                      0x08002b37   Thumb Code    30  usb_core.o(i.USB_OTG_UngateClock)
    USB_OTG_WritePacket                      0x08002b55   Thumb Code    40  usb_core.o(i.USB_OTG_WritePacket)
    UsageFault_Handler                       0x08002b7d   Thumb Code     2  stm32fxxx_it.o(i.UsageFault_Handler)
    __hardfp_acos                            0x08002bc1   Thumb Code   738  acos.o(i.__hardfp_acos)
    __kernel_poly                            0x08002f19   Thumb Code   248  poly.o(i.__kernel_poly)
    __mathlib_dbl_infnan                     0x08003011   Thumb Code    20  dunder.o(i.__mathlib_dbl_infnan)
    __mathlib_dbl_invalid                    0x08003029   Thumb Code    24  dunder.o(i.__mathlib_dbl_invalid)
    __scatterload_copy                       0x08003049   Thumb Code    14  handlers.o(i.__scatterload_copy)
    __scatterload_null                       0x08003057   Thumb Code     2  handlers.o(i.__scatterload_null)
    __scatterload_zeroinit                   0x08003059   Thumb Code    14  handlers.o(i.__scatterload_zeroinit)
    __set_errno                              0x08003069   Thumb Code     6  errno.o(i.__set_errno)
    adc_config                               0x08003075   Thumb Code   310  main.o(i.adc_config)
    flush                                    0x080031c5   Thumb Code    56  main.o(i.flush)
    getExtiFlag                              0x08003209   Thumb Code     6  cc1101.o(i.getExtiFlag)
    halRfReceivePacket                       0x08003215   Thumb Code    88  cc1101.o(i.halRfReceivePacket)
    halRfSendPacket                          0x08003271   Thumb Code    72  cc1101.o(i.halRfSendPacket)
    halRfWriteRfSettings                     0x080032c1   Thumb Code   358  cc1101.o(i.halRfWriteRfSettings)
    halSpiReadBurstReg                       0x08003429   Thumb Code    80  cc1101.o(i.halSpiReadBurstReg)
    halSpiReadStatus                         0x08003481   Thumb Code    60  cc1101.o(i.halSpiReadStatus)
    halSpiStrobe                             0x080034c5   Thumb Code    76  cc1101.o(i.halSpiStrobe)
    halSpiWriteBurstReg                      0x08003519   Thumb Code   136  cc1101.o(i.halSpiWriteBurstReg)
    halSpiWriteReg                           0x080035a9   Thumb Code    92  cc1101.o(i.halSpiWriteReg)
    init_USART2                              0x0800360d   Thumb Code   164  main.o(i.init_USART2)
    main                                     0x080036b9   Thumb Code    28  main.o(i.main)
    sqrt                                     0x080036d9   Thumb Code   110  sqrt.o(i.sqrt)
    BUTTON_PORT_SOURCE                       0x08003748   Data           1  stm32f4_discovery.o(.constdata)
    BUTTON_PIN_SOURCE                        0x08003749   Data           1  stm32f4_discovery.o(.constdata)
    BUTTON_IRQn                              0x0800374a   Data           1  stm32f4_discovery.o(.constdata)
    COM_TX_PIN_SOURCE                        0x0800374b   Data           1  stm32f4_discovery.o(.constdata)
    COM_RX_PIN_SOURCE                        0x0800374c   Data           1  stm32f4_discovery.o(.constdata)
    COM_TX_AF                                0x0800374d   Data           1  stm32f4_discovery.o(.constdata)
    COM_RX_AF                                0x0800374e   Data           1  stm32f4_discovery.o(.constdata)
    BUTTON_PIN                               0x08003750   Data           2  stm32f4_discovery.o(.constdata)
    BUTTON_EXTI_LINE                         0x08003752   Data           2  stm32f4_discovery.o(.constdata)
    COM_TX_PIN                               0x08003754   Data           2  stm32f4_discovery.o(.constdata)
    COM_RX_PIN                               0x08003756   Data           2  stm32f4_discovery.o(.constdata)
    BUTTON_CLK                               0x08003758   Data           4  stm32f4_discovery.o(.constdata)
    COM_USART_CLK                            0x0800375c   Data           4  stm32f4_discovery.o(.constdata)
    COM_TX_PORT_CLK                          0x08003760   Data           4  stm32f4_discovery.o(.constdata)
    COM_RX_PORT_CLK                          0x08003764   Data           4  stm32f4_discovery.o(.constdata)
    GPIO_PIN                                 0x08003768   Data           8  stm32f4_discovery.o(.constdata)
    GPIO_CLK                                 0x08003770   Data          16  stm32f4_discovery.o(.constdata)
    Region$$Table$$Base                      0x080037d0   Number         0  anon$$obj.o(Region$$Table)
    Region$$Table$$Limit                     0x080037f0   Number         0  anon$$obj.o(Region$$Table)
    BUTTON_PORT                              0x20000000   Data           4  stm32f4_discovery.o(.data)
    COM_USART                                0x20000004   Data           4  stm32f4_discovery.o(.data)
    COM_TX_PORT                              0x20000008   Data           4  stm32f4_discovery.o(.data)
    COM_RX_PORT                              0x2000000c   Data           4  stm32f4_discovery.o(.data)
    GPIO_PORT                                0x20000010   Data          16  stm32f4_discovery.o(.data)
    GetSignal                                0x20000020   Data           1  main.o(.data)
    No_Noise_Eval                            0x20000021   Data           1  main.o(.data)
    ADC0_Out_8                               0x20000022   Data           1  main.o(.data)
    ADC1_Out_8                               0x20000023   Data           1  main.o(.data)
    ADC2_Out_8                               0x20000024   Data           1  main.o(.data)
    Angle_Negative                           0x20000025   Data           1  main.o(.data)
    Angle_FirstNum                           0x20000026   Data           1  main.o(.data)
    Angle_SecondNum                          0x20000027   Data           1  main.o(.data)
    Angle_ThirdNum                           0x20000028   Data           1  main.o(.data)
    Integer_Part1                            0x20000029   Data           1  main.o(.data)
    Integer_Part2                            0x2000002a   Data           1  main.o(.data)
    Edge_Angle1                              0x2000002b   Data           1  main.o(.data)
    Region_Angle2                            0x2000002c   Data           1  main.o(.data)
    Region_Angle12                           0x2000002d   Data           1  main.o(.data)
    Region_Angle23                           0x2000002e   Data           1  main.o(.data)
    Region_Angle31                           0x2000002f   Data           1  main.o(.data)
    Angle12_Invalid                          0x20000030   Data           1  main.o(.data)
    Angle31_Invalid                          0x20000031   Data           1  main.o(.data)
    Angle23_Invalid                          0x20000032   Data           1  main.o(.data)
    Region                                   0x20000033   Data           1  main.o(.data)
    Edge                                     0x20000034   Data           1  main.o(.data)
    false_exti                               0x20000035   Data           1  main.o(.data)
    index                                    0x20000038   Data           4  main.o(.data)
    Sig_index                                0x2000003c   Data           4  main.o(.data)
    Noise_Index                              0x20000040   Data           4  main.o(.data)
    Noise_0                                  0x20000044   Data           4  main.o(.data)
    Noise_1                                  0x20000048   Data           4  main.o(.data)
    Noise_2                                  0x2000004c   Data           4  main.o(.data)
    sum0                                     0x20000050   Data           4  main.o(.data)
    sum1                                     0x20000054   Data           4  main.o(.data)
    sum2                                     0x20000058   Data           4  main.o(.data)
    Thresh_Rising_0                          0x2000005c   Data           4  main.o(.data)
    Thresh_Rising_1                          0x20000060   Data           4  main.o(.data)
    Thresh_Rising_2                          0x20000064   Data           4  main.o(.data)
    Max_Index                                0x20000068   Data           4  main.o(.data)
    Corr_Max                                 0x2000006c   Data           4  main.o(.data)
    d                                        0x20000070   Data           4  main.o(.data)
    pi                                       0x20000074   Data           4  main.o(.data)
    Temp                                     0x20000078   Data           4  main.o(.data)
    result                                   0x2000007c   Data           4  main.o(.data)
    time_var1                                0x20000080   Data           4  main.o(.data)
    ADC0_Out                                 0x20000084   Data           4  main.o(.data)
    ADC1_Out                                 0x20000088   Data           4  main.o(.data)
    ADC2_Out                                 0x2000008c   Data           4  main.o(.data)
    delay_index                              0x20000090   Data           4  main.o(.data)
    Signal_Mean0                             0x20000094   Data           4  main.o(.data)
    Signal_Mean1                             0x20000098   Data           4  main.o(.data)
    Signal_Mean2                             0x2000009c   Data           4  main.o(.data)
    arg                                      0x200000a0   Data           4  main.o(.data)
    Angle                                    0x200000a4   Data           4  main.o(.data)
    Angle12                                  0x200000a8   Data           4  main.o(.data)
    Angle23                                  0x200000ac   Data           4  main.o(.data)
    Angle31                                  0x200000b0   Data           4  main.o(.data)
    Floating_Part                            0x200000b4   Data           4  main.o(.data)
    var                                      0x200000b8   Data           4  main.o(.data)
    Angle_Str                                0x200000bc   Data           6  main.o(.data)
    aADCDualConvertedValue                   0x200000c2   Data           6  main.o(.data)
    length                                   0x200000c8   Data           1  cc1101.o(.data)
    RxFifoData                               0x200000c9   Data           1  cc1101.o(.data)
    flag                                     0x200000ca   Data           2  cc1101.o(.data)
    txBuf                                    0x200000cc   Data           4  cc1101.o(.data)
    PaTabel                                  0x200000d4   Data           8  cc1101.o(.data)
    USBD_DCD_INT_cb                          0x200000ec   Data          44  usbd_core.o(.data)
    USBD_DCD_INT_fops                        0x20000118   Data           4  usbd_core.o(.data)
    SET_TEST_MODE                            0x2000011c   Data           4  usbd_core.o(.data)
    USBD_ep_status                           0x20000124   Data           4  usbd_req.o(.data)
    USBD_default_cfg                         0x20000128   Data           4  usbd_req.o(.data)
    USBD_cfg_status                          0x2000012c   Data           4  usbd_req.o(.data)
    USB_Tx_State                             0x20000130   Data           1  usbd_cdc_core.o(.data)
    APP_Rx_ptr_in                            0x20000138   Data           4  usbd_cdc_core.o(.data)
    APP_Rx_ptr_out                           0x2000013c   Data           4  usbd_cdc_core.o(.data)
    APP_Rx_length                            0x20000140   Data           4  usbd_cdc_core.o(.data)
    CmdBuff                                  0x20000150   Data           8  usbd_cdc_core.o(.data)
    usbd_cdc_CfgDesc                         0x20000158   Data          67  usbd_cdc_core.o(.data)
    linecoding                               0x2000019c   Data           8  usbd_cdc_vcp.o(.data)
    TIM_TimeBaseStructure                    0x200001a8   Data          12  main.o(.bss)
    TIM_TimeBaseStructure1                   0x200001b4   Data          12  main.o(.bss)
    Mic0_data                                0x200001c0   Data         500  main.o(.bss)
    Mic1_data                                0x200003b4   Data         500  main.o(.bss)
    Mic2_data                                0x200005a8   Data         500  main.o(.bss)
    Arr                                      0x2000079c   Data        2000  main.o(.bss)
    Corr_Result                              0x20000f6c   Data        3996  main.o(.bss)
    USB_OTG_dev                              0x20001f08   Data        1524  main.o(.bss)
    rxBuf                                    0x200024fc   Data           9  cc1101.o(.bss)
    USB_Rx_Buffer                            0x20002505   Data          64  usbd_cdc_core.o(.bss)
    APP_Rx_Buffer                            0x20002545   Data        2048  usbd_cdc_core.o(.bss)
    __initial_sp                             0x20003148   Data           0  startup_stm32f4xx.o(STACK)



==============================================================================

Memory Map of the image

  Image Entry point : 0x08000189

  Load Region LR_IROM1 (Base: 0x08000000, Size: 0x00003998, Max: 0x00100000, ABSOLUTE, COMPRESSED[0x00003898])

    Execution Region ER_IROM1 (Base: 0x08000000, Size: 0x000037f0, Max: 0x00100000, ABSOLUTE)

    Base Addr    Size         Type   Attr      Idx    E Section Name        Object

    0x08000000   0x00000188   Data   RO         4549    RESET               startup_stm32f4xx.o
    0x08000188   0x00000000   Code   RO         5244  * .ARM.Collect$$$$00000000  mc_w.l(entry.o)
    0x08000188   0x00000004   Code   RO         5279    .ARM.Collect$$$$00000001  mc_w.l(entry2.o)
    0x0800018c   0x00000004   Code   RO         5282    .ARM.Collect$$$$00000004  mc_w.l(entry5.o)
    0x08000190   0x00000000   Code   RO         5284    .ARM.Collect$$$$00000008  mc_w.l(entry7b.o)
    0x08000190   0x00000000   Code   RO         5286    .ARM.Collect$$$$0000000A  mc_w.l(entry8b.o)
    0x08000190   0x00000008   Code   RO         5287    .ARM.Collect$$$$0000000B  mc_w.l(entry9a.o)
    0x08000198   0x00000000   Code   RO         5289    .ARM.Collect$$$$0000000D  mc_w.l(entry10a.o)
    0x08000198   0x00000000   Code   RO         5291    .ARM.Collect$$$$0000000F  mc_w.l(entry11a.o)
    0x08000198   0x00000004   Code   RO         5280    .ARM.Collect$$$$00002712  mc_w.l(entry2.o)
    0x0800019c   0x00000034   Code   RO         4550    .text               startup_stm32f4xx.o
    0x080001d0   0x00000026   Code   RO         5247    .text               mf_w.l(f2d.o)
    0x080001f6   0x00000038   Code   RO         5249    .text               mf_w.l(d2f.o)
    0x0800022e   0x00000000   Code   RO         5300    .text               mc_w.l(iusefp.o)
    0x0800022e   0x0000006e   Code   RO         5301    .text               mf_w.l(fepilogue.o)
    0x0800029c   0x0000014e   Code   RO         5303    .text               mf_w.l(dadd.o)
    0x080003ea   0x000000e4   Code   RO         5305    .text               mf_w.l(dmul.o)
    0x080004ce   0x000000de   Code   RO         5307    .text               mf_w.l(ddiv.o)
    0x080005ac   0x00000024   Code   RO         5309    .text               mc_w.l(init.o)
    0x080005d0   0x0000001e   Code   RO         5311    .text               mc_w.l(llshl.o)
    0x080005ee   0x00000024   Code   RO         5313    .text               mc_w.l(llsshr.o)
    0x08000612   0x000000ba   Code   RO         5315    .text               mf_w.l(depilogue.o)
    0x080006cc   0x000000a2   Code   RO         5317    .text               mf_w.l(dsqrt.o)
    0x0800076e   0x00000020   Code   RO         5321    .text               mc_w.l(llushr.o)
    0x0800078e   0x00000056   Code   RO         5331    .text               mc_w.l(__dczerorl2.o)
    0x080007e4   0x00000014   Code   RO         1123    i.ADC_Cmd           stm32f4xx_adc.o
    0x080007f8   0x0000002c   Code   RO         1124    i.ADC_CommonInit    stm32f4xx_adc.o
    0x08000824   0x00000014   Code   RO         1127    i.ADC_DMACmd        stm32f4xx_adc.o
    0x08000838   0x0000004c   Code   RO         1143    i.ADC_Init          stm32f4xx_adc.o
    0x08000884   0x00000020   Code   RO         1147    i.ADC_MultiModeDMARequestAfterLastTransferCmd  stm32f4xx_adc.o
    0x080008a4   0x00000074   Code   RO         1148    i.ADC_RegularChannelConfig  stm32f4xx_adc.o
    0x08000918   0x0000000a   Code   RO         1150    i.ADC_SoftwareStartConv  stm32f4xx_adc.o
    0x08000922   0x00000002   PAD
    0x08000924   0x0000002c   Code   RO          356    i.AngleGt300        main.o
    0x08000950   0x000000b8   Code   RO          357    i.Angle_Calculation  main.o
    0x08000a08   0x000000a8   Code   RO          358    i.Angle_Correction  main.o
    0x08000ab0   0x00000002   Code   RO          241    i.BusFault_Handler  stm32fxxx_it.o
    0x08000ab2   0x00000002   PAD
    0x08000ab4   0x000000e0   Code   RO          621    i.CC1101_Init       cc1101.o
    0x08000b94   0x0000008c   Code   RO          622    i.CC1101_POWER_RESET  cc1101.o
    0x08000c20   0x0000003c   Code   RO          624    i.CC1101_Send_Main  cc1101.o
    0x08000c5c   0x0000002c   Code   RO          359    i.Calculate_Average  main.o
    0x08000c88   0x000000b8   Code   RO          360    i.Cross_Correlation  main.o
    0x08000d40   0x00000038   Code   RO         4597    i.DCD_EP_ClrStall   usb_dcd.o
    0x08000d78   0x0000003c   Code   RO         4599    i.DCD_EP_Open       usb_dcd.o
    0x08000db4   0x00000044   Code   RO         4600    i.DCD_EP_PrepareRx  usb_dcd.o
    0x08000df8   0x00000010   Code   RO         4601    i.DCD_EP_SetAddress  usb_dcd.o
    0x08000e08   0x00000038   Code   RO         4602    i.DCD_EP_Stall      usb_dcd.o
    0x08000e40   0x0000003e   Code   RO         4603    i.DCD_EP_Tx         usb_dcd.o
    0x08000e7e   0x00000002   PAD
    0x08000e80   0x000000cc   Code   RO         4686    i.DCD_HandleInEP_ISR  usb_dcd_int.o
    0x08000f4c   0x000000ac   Code   RO         4687    i.DCD_HandleOutEP_ISR  usb_dcd_int.o
    0x08000ff8   0x0000007c   Code   RO         4688    i.DCD_HandleRxStatusQueueLevel_ISR  usb_dcd_int.o
    0x08001074   0x00000070   Code   RO         4689    i.DCD_HandleUSBSuspend_ISR  usb_dcd_int.o
    0x080010e4   0x00000084   Code   RO         4690    i.DCD_HandleUsbReset_ISR  usb_dcd_int.o
    0x08001168   0x0000007e   Code   RO         4691    i.DCD_WriteEmptyTxFifo  usb_dcd_int.o
    0x080011e6   0x00000014   Code   RO         1853    i.DMA_Cmd           stm32f4xx_dma.o
    0x080011fa   0x00000002   PAD
    0x080011fc   0x00000054   Code   RO         1865    i.DMA_Init          stm32f4xx_dma.o
    0x08001250   0x00000002   Code   RO          242    i.DebugMon_Handler  stm32fxxx_it.o
    0x08001252   0x00000014   Code   RO          625    i.Delay_1           cc1101.o
    0x08001266   0x00000002   PAD
    0x08001268   0x00000010   Code   RO          361    i.Disable_ADCs      main.o
    0x08001278   0x00000050   Code   RO          362    i.EXTI15_10_IRQHandler  main.o
    0x080012c8   0x0000000c   Code   RO         1983    i.EXTI_ClearITPendingBit  stm32f4xx_exti.o
    0x080012d4   0x00000020   Code   RO         1987    i.EXTI_GetITStatus  stm32f4xx_exti.o
    0x080012f4   0x00000010   Code   RO          363    i.Enable_ADCs       main.o
    0x08001304   0x00000104   Code   RO          364    i.Find_Region       main.o
    0x08001408   0x00000074   Code   RO          365    i.GPIO_Config       main.o
    0x0800147c   0x000000a2   Code   RO         2388    i.GPIO_Init         stm32f4xx_gpio.o
    0x0800151e   0x00000020   Code   RO         2389    i.GPIO_PinAFConfig  stm32f4xx_gpio.o
    0x0800153e   0x0000000e   Code   RO         2392    i.GPIO_ReadInputDataBit  stm32f4xx_gpio.o
    0x0800154c   0x00000004   Code   RO         2395    i.GPIO_ResetBits    stm32f4xx_gpio.o
    0x08001550   0x00000004   Code   RO         2396    i.GPIO_SetBits      stm32f4xx_gpio.o
    0x08001554   0x0000002c   Code   RO          366    i.Get_Adc_Value     main.o
    0x08001580   0x00000114   Code   RO          367    i.Get_Signal        main.o
    0x08001694   0x00000002   Code   RO          243    i.HardFault_Handler  stm32fxxx_it.o
    0x08001696   0x00000002   PAD
    0x08001698   0x0000005c   Code   RO          369    i.INTTIM3_Config    main.o
    0x080016f4   0x00000024   Code   RO          372    i.Init_Recv_Node    main.o
    0x08001718   0x0000001c   Code   RO          374    i.Make_Transmitter  main.o
    0x08001734   0x00000002   Code   RO          244    i.MemManage_Handler  stm32fxxx_it.o
    0x08001736   0x00000002   Code   RO          245    i.NMI_Handler       stm32fxxx_it.o
    0x08001738   0x00000064   Code   RO          995    i.NVIC_Init         misc.o
    0x0800179c   0x00000034   Code   RO          375    i.Noise_Eval        main.o
    0x080017d0   0x0000000c   Code   RO          246    i.OTG_FS_IRQHandler  stm32fxxx_it.o
    0x080017dc   0x00000030   Code   RO          247    i.OTG_FS_WKUP_IRQHandler  stm32fxxx_it.o
    0x0800180c   0x00000002   Code   RO          248    i.PendSV_Handler    stm32fxxx_it.o
    0x0800180e   0x00000002   PAD
    0x08001810   0x00000018   Code   RO         2624    i.RCC_AHB1PeriphClockCmd  stm32f4xx_rcc.o
    0x08001828   0x00000018   Code   RO         2633    i.RCC_APB1PeriphClockCmd  stm32f4xx_rcc.o
    0x08001840   0x00000018   Code   RO         2636    i.RCC_APB2PeriphClockCmd  stm32f4xx_rcc.o
    0x08001858   0x00000090   Code   RO         2645    i.RCC_GetClocksFreq  stm32f4xx_rcc.o
    0x080018e8   0x00000010   Code   RO          626    i.Recieve           cc1101.o
    0x080018f8   0x00000014   Code   RO         3535    i.SPI_Cmd           stm32f4xx_spi.o
    0x0800190c   0x00000054   Code   RO          629    i.SPI_FLASH_SendByte  cc1101.o
    0x08001960   0x0000000e   Code   RO         3543    i.SPI_I2S_GetFlagStatus  stm32f4xx_spi.o
    0x0800196e   0x00000004   Code   RO         3546    i.SPI_I2S_ReceiveData  stm32f4xx_spi.o
    0x08001972   0x00000004   Code   RO         3547    i.SPI_I2S_SendData  stm32f4xx_spi.o
    0x08001976   0x00000038   Code   RO         3548    i.SPI_Init          stm32f4xx_spi.o
    0x080019ae   0x00000002   PAD
    0x080019b0   0x00000048   Code   RO          148    i.STM_EVAL_LEDInit  stm32f4_discovery.o
    0x080019f8   0x00000018   Code   RO          150    i.STM_EVAL_LEDOn    stm32f4_discovery.o
    0x08001a10   0x0000001c   Code   RO          151    i.STM_EVAL_LEDToggle  stm32f4_discovery.o
    0x08001a2c   0x00000002   Code   RO          249    i.SVC_Handler       stm32fxxx_it.o
    0x08001a2e   0x00000002   PAD
    0x08001a30   0x000000b4   Code   RO            3    i.SetSysClock       system_stm32f4xx.o
    0x08001ae4   0x00000040   Code   RO          378    i.Set_Threshold     main.o
    0x08001b24   0x0000002c   Code   RO          379    i.Source_Angle      main.o
    0x08001b50   0x00000064   Code   RO          380    i.Start_Processing  main.o
    0x08001bb4   0x00000010   Code   RO          381    i.Startup_Delay     main.o
    0x08001bc4   0x00000054   Code   RO          382    i.Subtract_Mean     main.o
    0x08001c18   0x00000002   Code   RO          250    i.SysTick_Handler   stm32fxxx_it.o
    0x08001c1a   0x00000002   PAD
    0x08001c1c   0x0000005c   Code   RO            5    i.SystemInit        system_stm32f4xx.o
    0x08001c78   0x0000002c   Code   RO          383    i.TIM3_IRQHandler   main.o
    0x08001ca4   0x00000006   Code   RO         3755    i.TIM_ClearITPendingBit  stm32f4xx_tim.o
    0x08001caa   0x00000014   Code   RO         3760    i.TIM_Cmd           stm32f4xx_tim.o
    0x08001cbe   0x00000018   Code   RO         3781    i.TIM_GetITStatus   stm32f4xx_tim.o
    0x08001cd6   0x00000010   Code   RO         3785    i.TIM_ITConfig      stm32f4xx_tim.o
    0x08001ce6   0x00000002   PAD
    0x08001ce8   0x0000007c   Code   RO         3832    i.TIM_TimeBaseInit  stm32f4xx_tim.o
    0x08001d64   0x00000034   Code   RO         5171    i.USART2_IRQHandler  usbd_cdc_vcp.o
    0x08001d98   0x00000014   Code   RO         4300    i.USART_Cmd         stm32f4xx_usart.o
    0x08001dac   0x0000000e   Code   RO         4303    i.USART_GetFlagStatus  stm32f4xx_usart.o
    0x08001dba   0x0000003e   Code   RO         4304    i.USART_GetITStatus  stm32f4xx_usart.o
    0x08001df8   0x00000030   Code   RO         4306    i.USART_ITConfig    stm32f4xx_usart.o
    0x08001e28   0x000000ac   Code   RO         4307    i.USART_Init        stm32f4xx_usart.o
    0x08001ed4   0x00000008   Code   RO         4314    i.USART_ReceiveData  stm32f4xx_usart.o
    0x08001edc   0x00000008   Code   RO         4317    i.USART_SendData    stm32f4xx_usart.o
    0x08001ee4   0x00000012   Code   RO          384    i.USART_puts        main.o
    0x08001ef6   0x0000000e   Code   RO         4740    i.USBD_ClrCfg       usbd_core.o
    0x08001f04   0x00000012   Code   RO         4844    i.USBD_CtlContinueRx  usbd_ioreq.o
    0x08001f16   0x00000012   Code   RO         4845    i.USBD_CtlContinueSendData  usbd_ioreq.o
    0x08001f28   0x0000001c   Code   RO         4900    i.USBD_CtlError     usbd_req.o
    0x08001f44   0x00000022   Code   RO         4847    i.USBD_CtlReceiveStatus  usbd_ioreq.o
    0x08001f66   0x00000020   Code   RO         4848    i.USBD_CtlSendData  usbd_ioreq.o
    0x08001f86   0x00000022   Code   RO         4849    i.USBD_CtlSendStatus  usbd_ioreq.o
    0x08001fa8   0x000000b0   Code   RO         4741    i.USBD_DataInStage  usbd_core.o
    0x08002058   0x00000078   Code   RO         4742    i.USBD_DataOutStage  usbd_core.o
    0x080020d0   0x00000016   Code   RO         4744    i.USBD_DevConnected  usbd_core.o
    0x080020e6   0x00000020   Code   RO         4745    i.USBD_DevDisconnected  usbd_core.o
    0x08002106   0x000000ce   Code   RO         4901    i.USBD_GetDescriptor  usbd_req.o
    0x080021d4   0x0000000e   Code   RO         4747    i.USBD_IsoINIncomplete  usbd_core.o
    0x080021e2   0x0000000e   Code   RO         4748    i.USBD_IsoOUTIncomplete  usbd_core.o
    0x080021f0   0x00000178   Code   RO         4692    i.USBD_OTG_ISR_Handler  usb_dcd_int.o
    0x08002368   0x00000044   Code   RO         4903    i.USBD_ParseSetupRequest  usbd_req.o
    0x080023ac   0x0000002e   Code   RO         4749    i.USBD_Reset        usbd_core.o
    0x080023da   0x00000016   Code   RO         4750    i.USBD_Resume       usbd_core.o
    0x080023f0   0x00000010   Code   RO         4751    i.USBD_SOF          usbd_core.o
    0x08002400   0x0000001a   Code   RO         4752    i.USBD_SetCfg       usbd_core.o
    0x0800241a   0x00000002   PAD
    0x0800241c   0x00000074   Code   RO         4904    i.USBD_SetConfig    usbd_req.o
    0x08002490   0x0000007c   Code   RO         4905    i.USBD_SetFeature   usbd_req.o
    0x0800250c   0x00000048   Code   RO         4753    i.USBD_SetupStage   usbd_core.o
    0x08002554   0x000000f0   Code   RO         4906    i.USBD_StdDevReq    usbd_req.o
    0x08002644   0x000000d4   Code   RO         4907    i.USBD_StdEPReq     usbd_req.o
    0x08002718   0x00000036   Code   RO         4908    i.USBD_StdItfReq    usbd_req.o
    0x0800274e   0x0000001c   Code   RO         4754    i.USBD_Suspend      usbd_core.o
    0x0800276a   0x00000016   Code   RO         4559    i.USB_OTG_BSP_uDelay  usb_bsp.o
    0x08002780   0x0000003a   Code   RO          775    i.USB_OTG_EP0Activate  usb_core.o
    0x080027ba   0x00000002   PAD
    0x080027bc   0x000000b6   Code   RO          776    i.USB_OTG_EP0StartXfer  usb_core.o
    0x08002872   0x00000002   PAD
    0x08002874   0x00000024   Code   RO          777    i.USB_OTG_EP0_OutStart  usb_core.o
    0x08002898   0x00000052   Code   RO          778    i.USB_OTG_EPActivate  usb_core.o
    0x080028ea   0x00000032   Code   RO          779    i.USB_OTG_EPClearStall  usb_core.o
    0x0800291c   0x00000030   Code   RO          781    i.USB_OTG_EPSetStall  usb_core.o
    0x0800294c   0x00000120   Code   RO          782    i.USB_OTG_EPStartXfer  usb_core.o
    0x08002a6c   0x00000040   Code   RO          786    i.USB_OTG_FlushTxFifo  usb_core.o
    0x08002aac   0x00000026   Code   RO          787    i.USB_OTG_GetDeviceSpeed  usb_core.o
    0x08002ad2   0x00000012   Code   RO          791    i.USB_OTG_IsDeviceMode  usb_core.o
    0x08002ae4   0x0000000a   Code   RO          793    i.USB_OTG_ReadCoreItr  usb_core.o
    0x08002aee   0x0000000c   Code   RO          794    i.USB_OTG_ReadDevAllInEPItr  usb_core.o
    0x08002afa   0x0000000c   Code   RO          795    i.USB_OTG_ReadDevAllOutEp_itr  usb_core.o
    0x08002b06   0x00000010   Code   RO          796    i.USB_OTG_ReadDevOutEP_itr  usb_core.o
    0x08002b16   0x00000020   Code   RO          798    i.USB_OTG_ReadPacket  usb_core.o
    0x08002b36   0x0000001e   Code   RO          803    i.USB_OTG_UngateClock  usb_core.o
    0x08002b54   0x00000028   Code   RO          804    i.USB_OTG_WritePacket  usb_core.o
    0x08002b7c   0x00000002   Code   RO          251    i.UsageFault_Handler  stm32fxxx_it.o
    0x08002b7e   0x00000002   PAD
    0x08002b80   0x0000003c   Code   RO         5175    i.VCP_DataTx        usbd_cdc_vcp.o
    0x08002bbc   0x00000004   PAD
    0x08002bc0   0x00000358   Code   RO         5230    i.__hardfp_acos     m_wm.l(acos.o)
    0x08002f18   0x000000f8   Code   RO         5265    i.__kernel_poly     m_wm.l(poly.o)
    0x08003010   0x00000014   Code   RO         5252    i.__mathlib_dbl_infnan  m_wm.l(dunder.o)
    0x08003024   0x00000004   PAD
    0x08003028   0x00000020   Code   RO         5254    i.__mathlib_dbl_invalid  m_wm.l(dunder.o)
    0x08003048   0x0000000e   Code   RO         5325    i.__scatterload_copy  mc_w.l(handlers.o)
    0x08003056   0x00000002   Code   RO         5326    i.__scatterload_null  mc_w.l(handlers.o)
    0x08003058   0x0000000e   Code   RO         5327    i.__scatterload_zeroinit  mc_w.l(handlers.o)
    0x08003066   0x00000002   PAD
    0x08003068   0x0000000c   Code   RO         5295    i.__set_errno       mc_w.l(errno.o)
    0x08003074   0x00000150   Code   RO          385    i.adc_config        main.o
    0x080031c4   0x00000044   Code   RO          386    i.flush             main.o
    0x08003208   0x0000000c   Code   RO          630    i.getExtiFlag       cc1101.o
    0x08003214   0x0000005c   Code   RO          632    i.halRfReceivePacket  cc1101.o
    0x08003270   0x00000050   Code   RO          634    i.halRfSendPacket   cc1101.o
    0x080032c0   0x00000166   Code   RO          635    i.halRfWriteRfSettings  cc1101.o
    0x08003426   0x00000002   PAD
    0x08003428   0x00000058   Code   RO          636    i.halSpiReadBurstReg  cc1101.o
    0x08003480   0x00000044   Code   RO          638    i.halSpiReadStatus  cc1101.o
    0x080034c4   0x00000054   Code   RO          639    i.halSpiStrobe      cc1101.o
    0x08003518   0x00000090   Code   RO          640    i.halSpiWriteBurstReg  cc1101.o
    0x080035a8   0x00000064   Code   RO          641    i.halSpiWriteReg    cc1101.o
    0x0800360c   0x000000ac   Code   RO          387    i.init_USART2       main.o
    0x080036b8   0x00000020   Code   RO          388    i.main              main.o
    0x080036d8   0x0000006e   Code   RO         5269    i.sqrt              m_wm.l(sqrt.o)
    0x08003746   0x00000002   PAD
    0x08003748   0x00000038   Data   RO          154    .constdata          stm32f4_discovery.o
    0x08003780   0x00000050   Data   RO         5233    .constdata          m_wm.l(acos.o)
    0x080037d0   0x00000020   Data   RO         5323    Region$$Table       anon$$obj.o


    Execution Region RW_IRAM1 (Base: 0x20000000, Size: 0x00003148, Max: 0x00020000, ABSOLUTE, COMPRESSED[0x000000a8])

    Base Addr    Size         Type   Attr      Idx    E Section Name        Object

    0x20000000   0x00000020   Data   RW          155    .data               stm32f4_discovery.o
    0x20000020   0x000000a8   Data   RW          391    .data               main.o
    0x200000c8   0x00000014   Data   RW          644    .data               cc1101.o
    0x200000dc   0x00000010   Data   RW         2669    .data               stm32f4xx_rcc.o
    0x200000ec   0x0000002c   Data   RW         4755    .data               usbd_core.o
    0x20000118   0x00000004   Data   RW         4756    .data               usbd_core.o
    0x2000011c   0x00000004   Data   RW         4757    .data               usbd_core.o
    0x20000120   0x00000010   Data   RW         4910    .data               usbd_req.o
    0x20000130   0x0000006b   Data   RW         5112    .data               usbd_cdc_core.o
    0x2000019b   0x00000001   PAD
    0x2000019c   0x00000008   Data   RW         5179    .data               usbd_cdc_vcp.o
    0x200001a4   0x00000004   Data   RW         5296    .data               mc_w.l(errno.o)
    0x200001a8   0x00001d60   Zero   RW          389    .bss                main.o
    0x20001f08   0x000005f4   Zero   RW          390    .bss                main.o
    0x200024fc   0x00000009   Zero   RW          642    .bss                cc1101.o
    0x20002505   0x00000840   Zero   RW         5111    .bss                usbd_cdc_core.o
    0x20002d45   0x00000003   PAD
    0x20002d48   0x00000400   Zero   RW         4547    STACK               startup_stm32f4xx.o


==============================================================================

Image component sizes


      Code (inc. data)   RO Data    RW Data    ZI Data      Debug   Object Name

      1570        100          0         20          9      13864   cc1101.o
      2618        270          0        168       9044      23075   main.o
       100          4          0          0          0      16644   misc.o
        52         14        392          0       1024        900   startup_stm32f4xx.o
       124         26         56         32          0       5913   stm32f4_discovery.o
       318         26          0          0          0      20604   stm32f4xx_adc.o
       104          4          0          0          0      15541   stm32f4xx_dma.o
        44         10          0          0          0       1464   stm32f4xx_exti.o
       216          0          0          0          0      11143   stm32f4xx_gpio.o
       216         30          0         16          0      18943   stm32f4xx_rcc.o
        98          0          0          0          0      12682   stm32f4xx_spi.o
       190         28          0          0          0      25509   stm32f4xx_tim.o
       332          8          0          0          0      12729   stm32f4xx_usart.o
        78         14          0          0          0      26805   stm32fxxx_it.o
       272         36          0          0          0     320713   system_stm32f4xx.o
        22          0          0          0          0       1001   usb_bsp.o
      1016          8          0          0          0      13364   usb_core.o
       318          0          0          0          0       4518   usb_dcd.o
      1246         40          0          0          0       7715   usb_dcd_int.o
         0          0          0        107       2112       3044   usbd_cdc_core.o
       112         18          0          8          0       2092   usbd_cdc_vcp.o
       602          4          0         52          0       9746   usbd_core.o
       136          0          0          0          0       3668   usbd_ioreq.o
      1048         44          0         16          0       7768   usbd_req.o

    ----------------------------------------------------------------------
     10868        688        480        420      12192     579445   Object Totals
         0          0         32          0          0          0   (incl. Generated)
        36          4          0          1          3          0   (incl. Padding)

    ----------------------------------------------------------------------

      Code (inc. data)   RO Data    RW Data    ZI Data      Debug   Library Member Name

       856        118         80          0          0        288   acos.o
        52          8          0          0          0        248   dunder.o
       248          0          0          0          0        152   poly.o
       110          0          0          0          0        148   sqrt.o
        86          0          0          0          0          0   __dczerorl2.o
         0          0          0          0          0          0   entry.o
         0          0          0          0          0          0   entry10a.o
         0          0          0          0          0          0   entry11a.o
         8          4          0          0          0          0   entry2.o
         4          0          0          0          0          0   entry5.o
         0          0          0          0          0          0   entry7b.o
         0          0          0          0          0          0   entry8b.o
         8          4          0          0          0          0   entry9a.o
        12          6          0          4          0         68   errno.o
        30          0          0          0          0          0   handlers.o
        36          8          0          0          0         68   init.o
         0          0          0          0          0          0   iusefp.o
        30          0          0          0          0         68   llshl.o
        36          0          0          0          0         68   llsshr.o
        32          0          0          0          0         68   llushr.o
        56          0          0          0          0         88   d2f.o
       334          0          0          0          0        148   dadd.o
       222          0          0          0          0        100   ddiv.o
       186          0          0          0          0        176   depilogue.o
       228          0          0          0          0         96   dmul.o
       162          0          0          0          0        100   dsqrt.o
        38          0          0          0          0         68   f2d.o
       110          0          0          0          0        168   fepilogue.o

    ----------------------------------------------------------------------
      2892        148         80          4          0       2120   Library Totals
         8          0          0          0          0          0   (incl. Padding)

    ----------------------------------------------------------------------

      Code (inc. data)   RO Data    RW Data    ZI Data      Debug   Library Name

      1266        126         80          0          0        836   m_wm.l
       282         22          0          4          0        340   mc_w.l
      1336          0          0          0          0        944   mf_w.l

    ----------------------------------------------------------------------
      2892        148         80          4          0       2120   Library Totals

    ----------------------------------------------------------------------

==============================================================================


      Code (inc. data)   RO Data    RW Data    ZI Data      Debug   

     13760        836        560        424      12192     566329   Grand Totals
     13760        836        560        168      12192     566329   ELF Image Totals (compressed)
     13760        836        560        168          0          0   ROM Totals

==============================================================================

    Total RO  Size (Code + RO Data)                14320 (  13.98kB)
    Total RW  Size (RW Data + ZI Data)             12616 (  12.32kB)
    Total ROM Size (Code + RO Data + RW Data)      14488 (  14.15kB)

==============================================================================

