<html>
<body>
<pre>
<h1>礦ision Build Log</h1>
<h2>Tool Versions:</h2>
IDE-Version: 礦ision V5.15
Copyright (C) 2015 ARM Ltd and ARM Germany GmbH. All rights reserved.
License Information: abubakar siddique, kics, LIC=IC9PC-7QKA7-NREXL-08JDE-6ZJPB-7FWER
 
Tool Versions:
Toolchain:       MDK-ARM Professional  Version: 5.15.0
Toolchain Path:  C:\Keil_v5\ARM\ARMCC\Bin
C Compiler:      Armcc.exe V5.05 update 2 (build 169)
Assembler:       Armasm.exe V5.05 update 2 (build 169)
Linker/Locator:  ArmLink.exe V5.05 update 2 (build 169)
Library Manager: ArmAr.exe V5.05 update 2 (build 169)
Hex Converter:   FromElf.exe V5.05 update 2 (build 169)
CPU DLL:         SARMCM3.DLL V5.15.0
Dialog DLL:      DCM.DLL V1.13.2.0
Target DLL:      STLink\ST-LINKIII-KEIL_SWO.dll V2.0.15.0_KEIL
Dialog DLL:      TCM.DLL V1.14.5.0
 
<h2>Project:</h2>
J:\AbuBakar\GitHub\STM32F4\STM32F4-Discovery_FW_V1.1.0\Project\One Node\One_Node\VCP_F4DISCO_Keil_release_2\VCP\MDK-ARM\STM32F4-Discovery.uvproj
Project File Date:  08/11/2015

<h2>Output:</h2>
*** Using Compiler 'V5.05 update 2 (build 169)', folder: 'C:\Keil_v5\ARM\ARMCC\Bin'
Rebuild target 'VCP'
compiling system_stm32f4xx.c...
compiling stm32f4_discovery.c...
compiling stm32fxxx_it.c...
compiling main.c...
..\cc1101.h(53): warning:  #1295-D: Deprecated declaration Recieve - give arg types
  void Recieve();
..\cc1101.h(54): warning:  #1295-D: Deprecated declaration getFlagID - give arg types
  uint8_t getFlagID();
..\cc1101.h(55): warning:  #1295-D: Deprecated declaration getExtiFlag - give arg types
  uint8_t getExtiFlag();
..\usbd_cdc_vcp.h(78): warning:  #1295-D: Deprecated declaration Send - give arg types
  void Send();
..\main.c(48): warning:  #69-D: integer conversion resulted in truncation
  uint8_t EdgeDefAngle[6]={330,30,90,150,210,270}; /////yet to be modified (Akif)
..\main.c(48): warning:  #69-D: integer conversion resulted in truncation
  uint8_t EdgeDefAngle[6]={330,30,90,150,210,270}; /////yet to be modified (Akif)
..\main.c(510): warning:  #111-D: statement is unreachable
    return 0;
..\main.c(511): warning:  #1-D: last line of file ends without a newline
  }
..\main.c: 8 warnings, 0 errors
compiling cc1101.c...
..\cc1101.h(53): warning:  #1295-D: Deprecated declaration Recieve - give arg types
  void Recieve();
..\cc1101.h(54): warning:  #1295-D: Deprecated declaration getFlagID - give arg types
  uint8_t getFlagID();
..\cc1101.h(55): warning:  #1295-D: Deprecated declaration getExtiFlag - give arg types
  uint8_t getExtiFlag();
..\cc1101.c(560): warning:  #177-D: variable "packetLength" was declared but never referenced
        uint8_t packetLength;
..\cc1101.c(561): warning:  #177-D: variable "address" was declared but never referenced
        uint8_t address;
..\cc1101.c(562): warning:  #177-D: variable "i" was declared but never referenced
        uint8_t i=(*length)*4;  /*/ 具体多少要根据datarate和length来决定*/
..\cc1101.c(564): warning:  #177-D: variable "j" was declared but never referenced
        static uint32_t j=0;
..\cc1101.c(652): warning:  #177-D: variable "num" was declared but never referenced
    uint8_t num=0;      
..\cc1101.c(653): warning:  #177-D: variable "tf" was declared but never referenced
        uint8_t tf =0;  
..\cc1101.c(676): warning:  #177-D: variable "i" was declared but never referenced
        uint8_t i;
..\cc1101.c(700): warning:  #1-D: last line of file ends without a newline
  }
..\cc1101.c(197): warning:  #177-D: variable "send_num" was declared but never referenced
  static unsigned char send_num=0;
..\cc1101.c: 12 warnings, 0 errors
compiling usb_core.c...
compiling misc.c...
compiling stm32f4xx_adc.c...
compiling stm32f4xx_can.c...
compiling stm32f4xx_crc.c...
compiling stm32f4xx_dac.c...
compiling stm32f4xx_dbgmcu.c...
compiling stm32f4xx_dcmi.c...
compiling stm32f4xx_dma.c...
compiling stm32f4xx_exti.c...
compiling stm32f4xx_flash.c...
..\..\..\Libraries\STM32F4xx_StdPeriph_Driver\src\stm32f4xx_flash.c(434): warning:  #550-D: variable "tmp_psize" was set but never used
    uint32_t tmp_psize = 0x0;
..\..\..\Libraries\STM32F4xx_StdPeriph_Driver\src\stm32f4xx_flash.c: 1 warning, 0 errors
compiling stm32f4xx_fsmc.c...
compiling stm32f4xx_gpio.c...
compiling stm32f4xx_iwdg.c...
compiling stm32f4xx_pwr.c...
compiling stm32f4xx_rcc.c...
compiling stm32f4xx_rng.c...
compiling stm32f4xx_rtc.c...
compiling stm32f4xx_sdio.c...
compiling stm32f4xx_spi.c...
compiling stm32f4xx_syscfg.c...
compiling stm32f4xx_tim.c...
compiling stm32f4xx_usart.c...
compiling stm32f4xx_wwdg.c...
assembling startup_stm32f4xx.s...
compiling usb_bsp.c...
compiling usb_dcd.c...
compiling usb_dcd_int.c...
compiling usbd_core.c...
compiling usbd_ioreq.c...
compiling usbd_req.c...
compiling usbd_usr.c...
compiling usbd_desc.c...
compiling usbd_cdc_core.c...
compiling usbd_cdc_vcp.c...
..\usbd_cdc_vcp.h(78): warning:  #1295-D: Deprecated declaration Send - give arg types
  void Send();
..\usbd_cdc_vcp.c: 1 warning, 0 errors
linking...
Program Size: Code=13760 RO-data=560 RW-data=424 ZI-data=12192  
FromELF: creating hex file...
".\VCP\VCP.axf" - 0 Error(s), 22 Warning(s).
</pre>
</body>
</html>
